******************************************************************************
                  MSP430 Linker PC v15.12.2                    
******************************************************************************
>> Linked Mon Sep 05 14:27:37 2016

OUTPUT FILE NAME:   <SPI.out>
ENTRY POINT SYMBOL: "_c_int00_noargs_noexit"  address: 0000fc6c


MEMORY CONFIGURATION

         name            origin    length      used     unused   attr    fill
----------------------  --------  ---------  --------  --------  ----  --------
  SFR                   00000000   00000010  00000000  00000010  RWIX
  PERIPHERALS_8BIT      00000010   000000f0  00000000  000000f0  RWIX
  PERIPHERALS_16BIT     00000100   00000100  00000000  00000100  RWIX
  RAM                   00000200   00000200  000000b9  00000147  RWIX
  INFOD                 00001000   00000040  00000000  00000040  RWIX
  INFOC                 00001040   00000040  00000000  00000040  RWIX
  INFOB                 00001080   00000040  00000000  00000040  RWIX
  INFOA                 000010c0   00000040  00000000  00000040  RWIX
  FLASH                 0000c000   00003fde  00003dca  00000214  RWIX
  BSLSIGNATURE          0000ffde   00000002  00000002  00000000  RWIX  ffff 
  INT00                 0000ffe0   00000002  00000002  00000000  RWIX
  INT01                 0000ffe2   00000002  00000000  00000002  RWIX
  INT02                 0000ffe4   00000002  00000002  00000000  RWIX
  INT03                 0000ffe6   00000002  00000002  00000000  RWIX
  INT04                 0000ffe8   00000002  00000000  00000002  RWIX
  INT05                 0000ffea   00000002  00000002  00000000  RWIX
  INT06                 0000ffec   00000002  00000002  00000000  RWIX
  INT07                 0000ffee   00000002  00000002  00000000  RWIX
  INT08                 0000fff0   00000002  00000002  00000000  RWIX
  INT09                 0000fff2   00000002  00000002  00000000  RWIX
  INT10                 0000fff4   00000002  00000002  00000000  RWIX
  INT11                 0000fff6   00000002  00000002  00000000  RWIX
  INT12                 0000fff8   00000002  00000002  00000000  RWIX
  INT13                 0000fffa   00000002  00000002  00000000  RWIX
  INT14                 0000fffc   00000002  00000002  00000000  RWIX
  RESET                 0000fffe   00000002  00000002  00000000  RWIX


SECTION ALLOCATION MAP

 output                                  attributes/
section   page    origin      length       input sections
--------  ----  ----------  ----------   ----------------
.const     0    00000000    00000720     FAILED TO ALLOCATE
.bss       0    00000200    00000067     UNINITIALIZED
                  00000200    00000006     (.common:accelorameter_raw)
                  00000206    00000006     (.common:gyroscope_raw)
                  0000020c    00000006     (.common:magnetometer_raw)
                  00000212    00000004     (.common:aRes)
                  00000216    00000004     (.common:ax)
                  0000021a    00000004     (.common:ay)
                  0000021e    00000004     (.common:az)
                  00000222    00000004     (.common:gRes)
                  00000226    00000004     (.common:gx)
                  0000022a    00000004     (.common:gy)
                  0000022e    00000004     (.common:gz)
                  00000232    00000004     (.common:mRes)
                  00000236    00000004     (.common:mx)
                  0000023a    00000004     (.common:my)
                  0000023e    00000004     (.common:mz)
                  00000242    00000004     (.common:pax)
                  00000246    00000004     (.common:pay)
                  0000024a    00000004     (.common:paz)
                  0000024e    00000004     (.common:pitch)
                  00000252    00000004     (.common:roll)
                  00000256    00000004     (.common:temperature)
                  0000025a    00000002     (.common:MagID)
                  0000025c    00000002     (.common:sensor)
                  0000025e    00000002     (.common:test_0)
                  00000260    00000002     (.common:test_1)
                  00000262    00000002     (.common:test_2)
                  00000264    00000002     (.common:whoami)
                  00000266    00000001     (.common:received_ch)

.data      0    00000268    00000002     UNINITIALIZED
                  00000268    00000002     rts430_eabi.lib : errno.obj (.data)

.stack     0    000003b0    00000050     UNINITIALIZED
                  000003b0    00000002     rts430_eabi.lib : boot.obj (.stack)
                  000003b2    0000004e     --HOLE--

.text      0    0000c000    00003dae     
                  0000c000    00000768     main.obj (.text:main)
                  0000c768    000004b8     rts430_eabi.lib : s_atan.obj (.text:atan)
                  0000cc20    0000048e                     : frcdivd.obj (.text:__TI_frcdivd)
                  0000d0ae    00000338                     : e_atan2.obj (.text:atan2)
                  0000d3e6    000002f4                     : frcmpyd.obj (.text:__TI_frcmpyd)
                  0000d6da    000002f4                     : e_sqrt.obj (.text:sqrt)
                  0000d9ce    000002e8                     : addd.obj (.text:__mspabi_addd)
                  0000dcb6    0000026e                     : mpyd.obj (.text:__mspabi_mpyd)
                  0000df24    00000260                     : frcaddd.obj (.text:__TI_frcaddd)
                  0000e184    00000238                     : divd.obj (.text:__mspabi_divd)
                  0000e3bc    000001f4     ili9163lcd.obj (.text:lcdInitialise)
                  0000e5b0    000001d0     main.obj (.text:Read_Magnetometer)
                  0000e780    0000015e     main.obj (.text:Read_Gyroscope)
                  0000e8de    00000132     rts430_eabi.lib : fs_add.obj (.text)
                  0000ea10    00000126     main.obj (.text:Read_Accelorameter)
                  0000eb36    00000116     rts430_eabi.lib : _printfi_min.obj (.text:_setfield)
                  0000ec4c    000000fc     main.obj (.text:Init_MPU9250)
                  0000ed48    000000e6     rts430_eabi.lib : _printfi_min.obj (.text:__TI_printfi_minimal)
                  0000ee2e    000000dc                     : cmpd.obj (.text:__mspabi_cmpd)
                  0000ef0a    000000c8                     : _printfi_min.obj (.text:_pproc_diouxp)
                  0000efd2    000000c4                     : fs_mpy.obj (.text)
                  0000f096    000000be                     : renormd.obj (.text:__TI_renormd)
                  0000f154    000000b8     main.obj (.text:Init_BMX055)
                  0000f20c    000000ac     rts430_eabi.lib : fltlid.obj (.text:__mspabi_fltlid)
                  0000f2b8    000000a4     ili9163lcd.obj (.text:lcdPutCh)
                  0000f35c    0000008c     rts430_eabi.lib : cvtdf.obj (.text:__mspabi_cvtdf)
                  0000f3e8    00000072                     : cvtfd.obj (.text:__mspabi_cvtfd)
                  0000f45a    0000006e                     : autoinit.obj (.text:_auto_init)
                  0000f4c8    0000006a     main.obj (.text:Init_LSM9DS1)
                  0000f532    0000006a     main.obj (.text:Read_Temp)
                  0000f59c    0000006a     main.obj (.text:Setup_Wake_on_Motion_Interrupt)
                  0000f606    00000068     rts430_eabi.lib : fs_toi.obj (.text)
                  0000f66e    00000064                     : copy_decompress_rle.obj (.text:__TI_decompress_rle_core)
                  0000f6d2    0000005c                     : lsr32.obj (.text:l_lsr_const)
                  0000f72e    0000005c     ili9163lcd.obj (.text:lcdPutS)
                  0000f78a    0000005a     main.obj (.text:Read_Magnetometer_Id)
                  0000f7e4    0000005a     rts430_eabi.lib : cpy_tbl.obj (.text:copy_in)
                  0000f83e    00000052     ili9163lcd.obj (.text:lcdWriteData)
                  0000f890    0000004e     ili9163lcd.obj (.text:lcdClearDisplay)
                  0000f8de    0000004c     main.obj (.text:InitSPI)
                  0000f92a    0000004c     main.obj (.text:SPI_Transceive)
                  0000f976    0000004c     rts430_eabi.lib : lsr16.obj (.text)
                  0000f9c2    00000042     main.obj (.text:InitDisplay)
                  0000fa04    0000003e     rts430_eabi.lib : asr32.obj (.text:l_asr_const)
                  0000fa42    0000003e                     : lsl32.obj (.text:l_lsl_const)
                  0000fa80    0000003c     ili9163lcd.obj (.text:lcdWriteCommand)
                  0000fabc    0000003c     ili9163lcd.obj (.text:lcdWriteParameter)
                  0000faf8    00000038     rts430_eabi.lib : sprintf.obj (.text:sprintf)
                  0000fb30    00000036                     : fs_itof.obj (.text)
                  0000fb66    00000030     main.obj (.text:Port_1)
                  0000fb96    0000002e     rts430_eabi.lib : subd.obj (.text:__mspabi_subd)
                  0000fbc4    0000002c                     : asr16.obj (.text)
                  0000fbf0    0000002c                     : lsl16.obj (.text)
                  0000fc1c    0000002a                     : negd.obj (.text:__mspabi_negd)
                  0000fc46    00000026                     : mult32.obj (.text)
                  0000fc6c    0000001a                     : boot_special.obj (.text:_c_int00_noargs_noexit)
                  0000fc86    0000001a                     : sprintf.obj (.text:_outs)
                  0000fca0    0000001a                     : memccpy.obj (.text:memccpy)
                  0000fcba    00000016                     : div16u.obj (.text)
                  0000fcd0    00000014                     : memset.obj (.text:memset)
                  0000fce4    00000014                     : mult16.obj (.text)
                  0000fcf8    00000012                     : sprintf.obj (.text:_outc)
                  0000fd0a    00000012                     : copy_decompress_none.obj (.text:decompress:none:__TI_decompress_none)
                  0000fd1c    00000012                     : lsr32.obj (.text:l_lsr)
                  0000fd2e    00000012                     : memcpy.obj (.text:memcpy)
                  0000fd40    00000010                     : asr32.obj (.text:l_asr)
                  0000fd50    00000010                     : lsl32.obj (.text:l_lsl)
                  0000fd60    00000010                     : epilog.obj (.text)
                  0000fd70    0000000e                     : strlen.obj (.text:strlen)
                  0000fd7e    0000000c                     : fltid.obj (.text:__mspabi_fltid)
                  0000fd8a    0000000a                     : fs_neg.obj (.text)
                  0000fd94    00000008                     : isr_trap.obj (.text:_isr:__TI_ISR_TRAP)
                  0000fd9c    00000006                     : exit.obj (.text:abort)
                  0000fda2    00000006                     : copy_decompress_rle.obj (.text:decompress:rle24:__TI_decompress_rle24)
                  0000fda8    00000004                     : pre_init.obj (.text:_system_pre_init)
                  0000fdac    00000002                     : startup.obj (.text:_system_post_cinit)

.cinit     0    0000fdae    0000001c     
                  0000fdae    00000009     (.cinit..bss.load) [load image, compression = rle]
                  0000fdb7    00000001     --HOLE-- [fill = 0]
                  0000fdb8    00000006     (.cinit..data.load) [load image]
                  0000fdbe    00000004     (__TI_handler_table)
                  0000fdc2    00000008     (__TI_cinit_table)

.init_array 
*          0    0000c000    00000000     UNINITIALIZED

TRAPINT    0    0000ffe0    00000002     
                  0000ffe0    00000002     rts430_eabi.lib : int00.obj (.int00)

$fill000   0    0000ffde    00000002     
                  0000ffde    00000002     --HOLE-- [fill = ffff]

PORT1      0    0000ffe4    00000002     
                  0000ffe4    00000002     main.obj (.int02)

PORT2      0    0000ffe6    00000002     
                  0000ffe6    00000002     rts430_eabi.lib : int03.obj (.int03)

ADC10      0    0000ffea    00000002     
                  0000ffea    00000002     rts430_eabi.lib : int05.obj (.int05)

USCIAB0TX 
*          0    0000ffec    00000002     
                  0000ffec    00000002     rts430_eabi.lib : int06.obj (.int06)

USCIAB0RX 
*          0    0000ffee    00000002     
                  0000ffee    00000002     rts430_eabi.lib : int07.obj (.int07)

TIMER0_A1 
*          0    0000fff0    00000002     
                  0000fff0    00000002     rts430_eabi.lib : int08.obj (.int08)

TIMER0_A0 
*          0    0000fff2    00000002     
                  0000fff2    00000002     rts430_eabi.lib : int09.obj (.int09)

WDT        0    0000fff4    00000002     
                  0000fff4    00000002     rts430_eabi.lib : int10.obj (.int10)

COMPARATORA 
*          0    0000fff6    00000002     
                  0000fff6    00000002     rts430_eabi.lib : int11.obj (.int11)

TIMER1_A1 
*          0    0000fff8    00000002     
                  0000fff8    00000002     rts430_eabi.lib : int12.obj (.int12)

TIMER1_A0 
*          0    0000fffa    00000002     
                  0000fffa    00000002     rts430_eabi.lib : int13.obj (.int13)

NMI        0    0000fffc    00000002     
                  0000fffc    00000002     rts430_eabi.lib : int14.obj (.int14)

.reset     0    0000fffe    00000002     
                  0000fffe    00000002     rts430_eabi.lib : boot.obj (.reset)

MODULE SUMMARY

       Module                     code    ro data   rw data
       ------                     ----    -------   -------
    .\
       main.obj                   4114    2         0      
       ili9163lcd.obj             1036    0         103    
    +--+--------------------------+-------+---------+---------+
       Total:                     5150    2         103    
                                                           
    D:\Software\TI\ccsv6\tools\compiler\msp430_15.12.2.LTS\lib\rts430_eabi.lib
       s_atan.obj                 1208    0         0      
       frcdivd.obj                1166    0         0      
       e_atan2.obj                824     0         0      
       e_sqrt.obj                 756     0         0      
       frcmpyd.obj                756     0         0      
       addd.obj                   744     0         0      
       _printfi_min.obj           708     0         0      
       mpyd.obj                   622     0         0      
       frcaddd.obj                608     0         0      
       divd.obj                   568     0         0      
       fs_add.obj                 306     0         0      
       cmpd.obj                   220     0         0      
       fs_mpy.obj                 196     0         0      
       renormd.obj                190     0         0      
       fltlid.obj                 172     0         0      
       cvtdf.obj                  140     0         0      
       cvtfd.obj                  114     0         0      
       autoinit.obj               110     0         0      
       lsr32.obj                  110     0         0      
       copy_decompress_rle.obj    106     0         0      
       fs_toi.obj                 104     0         0      
       sprintf.obj                100     0         0      
       cpy_tbl.obj                90      0         0      
       asr32.obj                  78      0         0      
       lsl32.obj                  78      0         0      
       lsr16.obj                  76      0         0      
       fs_itof.obj                54      0         0      
       subd.obj                   46      0         0      
       asr16.obj                  44      0         0      
       lsl16.obj                  44      0         0      
       negd.obj                   42      0         0      
       mult32.obj                 38      0         0      
       boot_special.obj           26      0         0      
       memccpy.obj                26      0         0      
       div16u.obj                 22      0         0      
       memset.obj                 20      0         0      
       mult16.obj                 20      0         0      
       copy_decompress_none.obj   18      0         0      
       memcpy.obj                 18      0         0      
       epilog.obj                 16      0         0      
       strlen.obj                 14      0         0      
       fltid.obj                  12      0         0      
       fs_neg.obj                 10      0         0      
       isr_trap.obj               8       0         0      
       exit.obj                   6       0         0      
       pre_init.obj               4       0         0      
       boot.obj                   0       2         0      
       errno.obj                  0       0         2      
       int00.obj                  0       2         0      
       int03.obj                  0       2         0      
       int05.obj                  0       2         0      
       int06.obj                  0       2         0      
       int07.obj                  0       2         0      
       int08.obj                  0       2         0      
       int09.obj                  0       2         0      
       int10.obj                  0       2         0      
       int11.obj                  0       2         0      
       int12.obj                  0       2         0      
       int13.obj                  0       2         0      
       int14.obj                  0       2         0      
       startup.obj                2       0         0      
    +--+--------------------------+-------+---------+---------+
       Total:                     10640   26        2      
                                                           
       Stack:                     0       0         80     
       Linker Generated:          0       27        0      
    +--+--------------------------+-------+---------+---------+
       Grand Total:               15790   55        185    


LINKER GENERATED COPY TABLES

__TI_cinit_table @ 0000fdc2 records: 2, size/record: 4, table size: 8
	.bss: load addr=0000fdae, load size=00000009 bytes, run addr=00000200, run size=00000067 bytes, compression=rle
	.data: load addr=0000fdb8, load size=00000006 bytes, run addr=00000268, run size=00000002 bytes, compression=copy


LINKER GENERATED HANDLER TABLE

__TI_handler_table @ 0000fdbe records: 2, size/record: 2, table size: 4
	index: 0, handler: __TI_decompress_rle24
	index: 1, handler: __TI_decompress_none


GLOBAL SYMBOLS: SORTED ALPHABETICALLY BY Name 

address   name                          
-------   ----                          
0000004a  ADC10AE0                      
000001b0  ADC10CTL0                     
000001b2  ADC10CTL1                     
00000048  ADC10DTC0                     
00000049  ADC10DTC1                     
000001b4  ADC10MEM                      
000001bc  ADC10SA                       
00000057  BCSCTL1                       
00000058  BCSCTL2                       
00000053  BCSCTL3                       
0000fd9c  C$$EXIT                       
00000059  CACTL1                        
0000005a  CACTL2                        
000010fb  CALBC1_12MHZ                  
000010f9  CALBC1_16MHZ                  
000010ff  CALBC1_1MHZ                   
000010fd  CALBC1_8MHZ                   
000010fa  CALDCO_12MHZ                  
000010f8  CALDCO_16MHZ                  
000010fe  CALDCO_1MHZ                   
000010fc  CALDCO_8MHZ                   
0000005b  CAPD                          
00000056  DCOCTL                        
00000128  FCTL1                         
0000012a  FCTL2                         
0000012c  FCTL3                         
00000000  IE1                           
00000001  IE2                           
00000002  IFG1                          
00000003  IFG2                          
0000f9c2  InitDisplay                   
0000f8de  InitSPI                       
0000f154  Init_BMX055                   
0000f4c8  Init_LSM9DS1                  
0000ec4c  Init_MPU9250                  
0000025a  MagID                         
00000022  P1DIR                         
00000025  P1IE                          
00000024  P1IES                         
00000023  P1IFG                         
00000020  P1IN                          
00000021  P1OUT                         
00000027  P1REN                         
00000026  P1SEL                         
00000041  P1SEL2                        
0000002a  P2DIR                         
0000002d  P2IE                          
0000002c  P2IES                         
0000002b  P2IFG                         
00000028  P2IN                          
00000029  P2OUT                         
0000002f  P2REN                         
0000002e  P2SEL                         
00000042  P2SEL2                        
0000001a  P3DIR                         
00000018  P3IN                          
00000019  P3OUT                         
00000010  P3REN                         
0000001b  P3SEL                         
00000043  P3SEL2                        
0000fb66  Port_1                        
0000ea10  Read_Accelorameter            
0000e780  Read_Gyroscope                
0000e5b0  Read_Magnetometer             
0000f78a  Read_Magnetometer_Id          
0000f532  Read_Temp                     
0000f92a  SPI_Transceive                
0000f59c  Setup_Wake_on_Motion_Interrupt
00000172  TA0CCR0                       
00000174  TA0CCR1                       
00000176  TA0CCR2                       
00000162  TA0CCTL0                      
00000164  TA0CCTL1                      
00000166  TA0CCTL2                      
00000160  TA0CTL                        
0000012e  TA0IV                         
00000170  TA0R                          
00000192  TA1CCR0                       
00000194  TA1CCR1                       
00000196  TA1CCR2                       
00000182  TA1CCTL0                      
00000184  TA1CCTL1                      
00000186  TA1CCTL2                      
00000180  TA1CTL                        
0000011e  TA1IV                         
00000190  TA1R                          
000010db  TLV_ADC10_1_LEN               
000010da  TLV_ADC10_1_TAG               
000010c0  TLV_CHECKSUM                  
000010f7  TLV_DCO_30_LEN                
000010f6  TLV_DCO_30_TAG                
0000005d  UCA0ABCTL                     
00000062  UCA0BR0                       
00000063  UCA0BR1                       
00000060  UCA0CTL0                      
00000061  UCA0CTL1                      
0000005f  UCA0IRRCTL                    
0000005e  UCA0IRTCTL                    
00000064  UCA0MCTL                      
00000066  UCA0RXBUF                     
00000065  UCA0STAT                      
00000067  UCA0TXBUF                     
0000006a  UCB0BR0                       
0000006b  UCB0BR1                       
00000068  UCB0CTL0                      
00000069  UCB0CTL1                      
0000006c  UCB0I2CIE                     
00000118  UCB0I2COA                     
0000011a  UCB0I2CSA                     
0000006e  UCB0RXBUF                     
0000006d  UCB0STAT                      
0000006f  UCB0TXBUF                     
00000120  WDTCTL                        
00000400  __STACK_END                   
00000050  __STACK_SIZE                  
UNDEFED   __TI_BINIT_Base               
UNDEFED   __TI_BINIT_Limit              
0000fdc2  __TI_CINIT_Base               
0000fdca  __TI_CINIT_Limit              
0000fdbe  __TI_Handler_Table_Base       
0000fdc2  __TI_Handler_Table_Limit      
UNDEFED   __TI_INITARRAY_Base           
UNDEFED   __TI_INITARRAY_Limit          
0000fd94  __TI_ISR_TRAP                 
0000fd0a  __TI_decompress_none          
0000fda2  __TI_decompress_rle24         
0000df24  __TI_frcaddd                  
0000cc20  __TI_frcdivd                  
0000d3e6  __TI_frcmpyd                  
0000ffe0  __TI_int00                    
0000ffe4  __TI_int02                    
0000ffe6  __TI_int03                    
0000ffea  __TI_int05                    
0000ffec  __TI_int06                    
0000ffee  __TI_int07                    
0000fff0  __TI_int08                    
0000fff2  __TI_int09                    
0000fff4  __TI_int10                    
0000fff6  __TI_int11                    
0000fff8  __TI_int12                    
0000fffa  __TI_int13                    
0000fffc  __TI_int14                    
ffffffff  __TI_pprof_out_hndl           
0000ed48  __TI_printfi_minimal          
ffffffff  __TI_prof_data_size           
ffffffff  __TI_prof_data_start          
0000f096  __TI_renormd                  
ffffffff  __c_args__                    
0000d9ce  __mspabi_addd                 
0000e8e4  __mspabi_addf                 
0000ee2e  __mspabi_cmpd                 
0000f35c  __mspabi_cvtdf                
0000f3e8  __mspabi_cvtfd                
0000e184  __mspabi_divd                 
0000fcba  __mspabi_divu                 
0000f606  __mspabi_fixfi                
0000fd7e  __mspabi_fltid                
0000fb30  __mspabi_fltif                
0000f20c  __mspabi_fltlid               
0000fd6c  __mspabi_func_epilog_1        
0000fd6a  __mspabi_func_epilog_2        
0000fd68  __mspabi_func_epilog_3        
0000fd66  __mspabi_func_epilog_4        
0000fd64  __mspabi_func_epilog_5        
0000fd62  __mspabi_func_epilog_6        
0000fd60  __mspabi_func_epilog_7        
0000dcb6  __mspabi_mpyd                 
0000efd2  __mspabi_mpyf                 
0000fce4  __mspabi_mpyi                 
0000fce4  __mspabi_mpyi_sw              
0000fc46  __mspabi_mpyl                 
0000fc46  __mspabi_mpyl_sw              
0000fc1c  __mspabi_negd                 
0000fd8a  __mspabi_negf                 
0000fcba  __mspabi_remu                 
0000fbf0  __mspabi_slli                 
0000fc18  __mspabi_slli_1               
0000fc06  __mspabi_slli_10              
0000fc04  __mspabi_slli_11              
0000fc02  __mspabi_slli_12              
0000fc00  __mspabi_slli_13              
0000fbfe  __mspabi_slli_14              
0000fbfc  __mspabi_slli_15              
0000fc16  __mspabi_slli_2               
0000fc14  __mspabi_slli_3               
0000fc12  __mspabi_slli_4               
0000fc10  __mspabi_slli_5               
0000fc0e  __mspabi_slli_6               
0000fc0c  __mspabi_slli_7               
0000fc0a  __mspabi_slli_8               
0000fc08  __mspabi_slli_9               
0000fd50  __mspabi_slll                 
0000fa7a  __mspabi_slll_1               
0000fa56  __mspabi_slll_10              
0000fa52  __mspabi_slll_11              
0000fa4e  __mspabi_slll_12              
0000fa4a  __mspabi_slll_13              
0000fa46  __mspabi_slll_14              
0000fa42  __mspabi_slll_15              
0000fa76  __mspabi_slll_2               
0000fa72  __mspabi_slll_3               
0000fa6e  __mspabi_slll_4               
0000fa6a  __mspabi_slll_5               
0000fa66  __mspabi_slll_6               
0000fa62  __mspabi_slll_7               
0000fa5e  __mspabi_slll_8               
0000fa5a  __mspabi_slll_9               
0000fbc4  __mspabi_srai                 
0000fbec  __mspabi_srai_1               
0000fbda  __mspabi_srai_10              
0000fbd8  __mspabi_srai_11              
0000fbd6  __mspabi_srai_12              
0000fbd4  __mspabi_srai_13              
0000fbd2  __mspabi_srai_14              
0000fbd0  __mspabi_srai_15              
0000fbea  __mspabi_srai_2               
0000fbe8  __mspabi_srai_3               
0000fbe6  __mspabi_srai_4               
0000fbe4  __mspabi_srai_5               
0000fbe2  __mspabi_srai_6               
0000fbe0  __mspabi_srai_7               
0000fbde  __mspabi_srai_8               
0000fbdc  __mspabi_srai_9               
0000fd40  __mspabi_sral                 
0000fa3c  __mspabi_sral_1               
0000fa18  __mspabi_sral_10              
0000fa14  __mspabi_sral_11              
0000fa10  __mspabi_sral_12              
0000fa0c  __mspabi_sral_13              
0000fa08  __mspabi_sral_14              
0000fa04  __mspabi_sral_15              
0000fa38  __mspabi_sral_2               
0000fa34  __mspabi_sral_3               
0000fa30  __mspabi_sral_4               
0000fa2c  __mspabi_sral_5               
0000fa28  __mspabi_sral_6               
0000fa24  __mspabi_sral_7               
0000fa20  __mspabi_sral_8               
0000fa1c  __mspabi_sral_9               
0000f976  __mspabi_srli                 
0000f9bc  __mspabi_srli_1               
0000f998  __mspabi_srli_10              
0000f994  __mspabi_srli_11              
0000f990  __mspabi_srli_12              
0000f98c  __mspabi_srli_13              
0000f988  __mspabi_srli_14              
0000f984  __mspabi_srli_15              
0000f9b8  __mspabi_srli_2               
0000f9b4  __mspabi_srli_3               
0000f9b0  __mspabi_srli_4               
0000f9ac  __mspabi_srli_5               
0000f9a8  __mspabi_srli_6               
0000f9a4  __mspabi_srli_7               
0000f9a0  __mspabi_srli_8               
0000f99c  __mspabi_srli_9               
0000fd1c  __mspabi_srll                 
0000f726  __mspabi_srll_1               
0000f6f0  __mspabi_srll_10              
0000f6ea  __mspabi_srll_11              
0000f6e4  __mspabi_srll_12              
0000f6de  __mspabi_srll_13              
0000f6d8  __mspabi_srll_14              
0000f6d2  __mspabi_srll_15              
0000f720  __mspabi_srll_2               
0000f71a  __mspabi_srll_3               
0000f714  __mspabi_srll_4               
0000f70e  __mspabi_srll_5               
0000f708  __mspabi_srll_6               
0000f702  __mspabi_srll_7               
0000f6fc  __mspabi_srll_8               
0000f6f6  __mspabi_srll_9               
0000fb96  __mspabi_subd                 
0000e8de  __mspabi_subf                 
0000f45a  _auto_init                    
0000fc6c  _c_int00_noargs_noexit        
0000fffe  _reset_vector                 
000003b0  _stack                        
0000fdac  _system_post_cinit            
0000fda8  _system_pre_init              
00000212  aRes                          
0000fd9c  abort                         
00000200  accelorameter_raw             
0000c768  atan                          
0000d0ae  atan2                         
0000d0ae  atan2l                        
0000c768  atanl                         
00000216  ax                            
0000021a  ay                            
0000021e  az                            
0000f7e4  copy_in                       
00000268  errno                         
00000000  font5x8                       
00000222  gRes                          
00000226  gx                            
0000022a  gy                            
00000206  gyroscope_raw                 
0000022e  gz                            
0000f890  lcdClearDisplay               
0000e3bc  lcdInitialise                 
0000f2b8  lcdPutCh                      
0000f72e  lcdPutS                       
0000fa80  lcdWriteCommand               
0000f83e  lcdWriteData                  
0000fabc  lcdWriteParameter             
00000232  mRes                          
0000020c  magnetometer_raw              
0000c000  main                          
0000fca0  memccpy                       
0000fd2e  memcpy                        
0000fcd0  memset                        
00000236  mx                            
0000023a  my                            
0000023e  mz                            
00000242  pax                           
00000246  pay                           
0000024a  paz                           
0000024e  pitch                         
00000266  received_ch                   
00000252  roll                          
0000025c  sensor                        
0000faf8  sprintf                       
0000d6da  sqrt                          
0000d6da  sqrtl                         
0000fd70  strlen                        
00000256  temperature                   
0000025e  test_0                        
00000260  test_1                        
00000262  test_2                        
00000264  whoami                        


GLOBAL SYMBOLS: SORTED BY Symbol Address 

address   name                          
-------   ----                          
00000000  IE1                           
00000000  font5x8                       
00000001  IE2                           
00000002  IFG1                          
00000003  IFG2                          
00000010  P3REN                         
00000018  P3IN                          
00000019  P3OUT                         
0000001a  P3DIR                         
0000001b  P3SEL                         
00000020  P1IN                          
00000021  P1OUT                         
00000022  P1DIR                         
00000023  P1IFG                         
00000024  P1IES                         
00000025  P1IE                          
00000026  P1SEL                         
00000027  P1REN                         
00000028  P2IN                          
00000029  P2OUT                         
0000002a  P2DIR                         
0000002b  P2IFG                         
0000002c  P2IES                         
0000002d  P2IE                          
0000002e  P2SEL                         
0000002f  P2REN                         
00000041  P1SEL2                        
00000042  P2SEL2                        
00000043  P3SEL2                        
00000048  ADC10DTC0                     
00000049  ADC10DTC1                     
0000004a  ADC10AE0                      
00000050  __STACK_SIZE                  
00000053  BCSCTL3                       
00000056  DCOCTL                        
00000057  BCSCTL1                       
00000058  BCSCTL2                       
00000059  CACTL1                        
0000005a  CACTL2                        
0000005b  CAPD                          
0000005d  UCA0ABCTL                     
0000005e  UCA0IRTCTL                    
0000005f  UCA0IRRCTL                    
00000060  UCA0CTL0                      
00000061  UCA0CTL1                      
00000062  UCA0BR0                       
00000063  UCA0BR1                       
00000064  UCA0MCTL                      
00000065  UCA0STAT                      
00000066  UCA0RXBUF                     
00000067  UCA0TXBUF                     
00000068  UCB0CTL0                      
00000069  UCB0CTL1                      
0000006a  UCB0BR0                       
0000006b  UCB0BR1                       
0000006c  UCB0I2CIE                     
0000006d  UCB0STAT                      
0000006e  UCB0RXBUF                     
0000006f  UCB0TXBUF                     
00000118  UCB0I2COA                     
0000011a  UCB0I2CSA                     
0000011e  TA1IV                         
00000120  WDTCTL                        
00000128  FCTL1                         
0000012a  FCTL2                         
0000012c  FCTL3                         
0000012e  TA0IV                         
00000160  TA0CTL                        
00000162  TA0CCTL0                      
00000164  TA0CCTL1                      
00000166  TA0CCTL2                      
00000170  TA0R                          
00000172  TA0CCR0                       
00000174  TA0CCR1                       
00000176  TA0CCR2                       
00000180  TA1CTL                        
00000182  TA1CCTL0                      
00000184  TA1CCTL1                      
00000186  TA1CCTL2                      
00000190  TA1R                          
00000192  TA1CCR0                       
00000194  TA1CCR1                       
00000196  TA1CCR2                       
000001b0  ADC10CTL0                     
000001b2  ADC10CTL1                     
000001b4  ADC10MEM                      
000001bc  ADC10SA                       
00000200  accelorameter_raw             
00000206  gyroscope_raw                 
0000020c  magnetometer_raw              
00000212  aRes                          
00000216  ax                            
0000021a  ay                            
0000021e  az                            
00000222  gRes                          
00000226  gx                            
0000022a  gy                            
0000022e  gz                            
00000232  mRes                          
00000236  mx                            
0000023a  my                            
0000023e  mz                            
00000242  pax                           
00000246  pay                           
0000024a  paz                           
0000024e  pitch                         
00000252  roll                          
00000256  temperature                   
0000025a  MagID                         
0000025c  sensor                        
0000025e  test_0                        
00000260  test_1                        
00000262  test_2                        
00000264  whoami                        
00000266  received_ch                   
00000268  errno                         
000003b0  _stack                        
00000400  __STACK_END                   
000010c0  TLV_CHECKSUM                  
000010da  TLV_ADC10_1_TAG               
000010db  TLV_ADC10_1_LEN               
000010f6  TLV_DCO_30_TAG                
000010f7  TLV_DCO_30_LEN                
000010f8  CALDCO_16MHZ                  
000010f9  CALBC1_16MHZ                  
000010fa  CALDCO_12MHZ                  
000010fb  CALBC1_12MHZ                  
000010fc  CALDCO_8MHZ                   
000010fd  CALBC1_8MHZ                   
000010fe  CALDCO_1MHZ                   
000010ff  CALBC1_1MHZ                   
0000c000  main                          
0000c768  atan                          
0000c768  atanl                         
0000cc20  __TI_frcdivd                  
0000d0ae  atan2                         
0000d0ae  atan2l                        
0000d3e6  __TI_frcmpyd                  
0000d6da  sqrt                          
0000d6da  sqrtl                         
0000d9ce  __mspabi_addd                 
0000dcb6  __mspabi_mpyd                 
0000df24  __TI_frcaddd                  
0000e184  __mspabi_divd                 
0000e3bc  lcdInitialise                 
0000e5b0  Read_Magnetometer             
0000e780  Read_Gyroscope                
0000e8de  __mspabi_subf                 
0000e8e4  __mspabi_addf                 
0000ea10  Read_Accelorameter            
0000ec4c  Init_MPU9250                  
0000ed48  __TI_printfi_minimal          
0000ee2e  __mspabi_cmpd                 
0000efd2  __mspabi_mpyf                 
0000f096  __TI_renormd                  
0000f154  Init_BMX055                   
0000f20c  __mspabi_fltlid               
0000f2b8  lcdPutCh                      
0000f35c  __mspabi_cvtdf                
0000f3e8  __mspabi_cvtfd                
0000f45a  _auto_init                    
0000f4c8  Init_LSM9DS1                  
0000f532  Read_Temp                     
0000f59c  Setup_Wake_on_Motion_Interrupt
0000f606  __mspabi_fixfi                
0000f6d2  __mspabi_srll_15              
0000f6d8  __mspabi_srll_14              
0000f6de  __mspabi_srll_13              
0000f6e4  __mspabi_srll_12              
0000f6ea  __mspabi_srll_11              
0000f6f0  __mspabi_srll_10              
0000f6f6  __mspabi_srll_9               
0000f6fc  __mspabi_srll_8               
0000f702  __mspabi_srll_7               
0000f708  __mspabi_srll_6               
0000f70e  __mspabi_srll_5               
0000f714  __mspabi_srll_4               
0000f71a  __mspabi_srll_3               
0000f720  __mspabi_srll_2               
0000f726  __mspabi_srll_1               
0000f72e  lcdPutS                       
0000f78a  Read_Magnetometer_Id          
0000f7e4  copy_in                       
0000f83e  lcdWriteData                  
0000f890  lcdClearDisplay               
0000f8de  InitSPI                       
0000f92a  SPI_Transceive                
0000f976  __mspabi_srli                 
0000f984  __mspabi_srli_15              
0000f988  __mspabi_srli_14              
0000f98c  __mspabi_srli_13              
0000f990  __mspabi_srli_12              
0000f994  __mspabi_srli_11              
0000f998  __mspabi_srli_10              
0000f99c  __mspabi_srli_9               
0000f9a0  __mspabi_srli_8               
0000f9a4  __mspabi_srli_7               
0000f9a8  __mspabi_srli_6               
0000f9ac  __mspabi_srli_5               
0000f9b0  __mspabi_srli_4               
0000f9b4  __mspabi_srli_3               
0000f9b8  __mspabi_srli_2               
0000f9bc  __mspabi_srli_1               
0000f9c2  InitDisplay                   
0000fa04  __mspabi_sral_15              
0000fa08  __mspabi_sral_14              
0000fa0c  __mspabi_sral_13              
0000fa10  __mspabi_sral_12              
0000fa14  __mspabi_sral_11              
0000fa18  __mspabi_sral_10              
0000fa1c  __mspabi_sral_9               
0000fa20  __mspabi_sral_8               
0000fa24  __mspabi_sral_7               
0000fa28  __mspabi_sral_6               
0000fa2c  __mspabi_sral_5               
0000fa30  __mspabi_sral_4               
0000fa34  __mspabi_sral_3               
0000fa38  __mspabi_sral_2               
0000fa3c  __mspabi_sral_1               
0000fa42  __mspabi_slll_15              
0000fa46  __mspabi_slll_14              
0000fa4a  __mspabi_slll_13              
0000fa4e  __mspabi_slll_12              
0000fa52  __mspabi_slll_11              
0000fa56  __mspabi_slll_10              
0000fa5a  __mspabi_slll_9               
0000fa5e  __mspabi_slll_8               
0000fa62  __mspabi_slll_7               
0000fa66  __mspabi_slll_6               
0000fa6a  __mspabi_slll_5               
0000fa6e  __mspabi_slll_4               
0000fa72  __mspabi_slll_3               
0000fa76  __mspabi_slll_2               
0000fa7a  __mspabi_slll_1               
0000fa80  lcdWriteCommand               
0000fabc  lcdWriteParameter             
0000faf8  sprintf                       
0000fb30  __mspabi_fltif                
0000fb66  Port_1                        
0000fb96  __mspabi_subd                 
0000fbc4  __mspabi_srai                 
0000fbd0  __mspabi_srai_15              
0000fbd2  __mspabi_srai_14              
0000fbd4  __mspabi_srai_13              
0000fbd6  __mspabi_srai_12              
0000fbd8  __mspabi_srai_11              
0000fbda  __mspabi_srai_10              
0000fbdc  __mspabi_srai_9               
0000fbde  __mspabi_srai_8               
0000fbe0  __mspabi_srai_7               
0000fbe2  __mspabi_srai_6               
0000fbe4  __mspabi_srai_5               
0000fbe6  __mspabi_srai_4               
0000fbe8  __mspabi_srai_3               
0000fbea  __mspabi_srai_2               
0000fbec  __mspabi_srai_1               
0000fbf0  __mspabi_slli                 
0000fbfc  __mspabi_slli_15              
0000fbfe  __mspabi_slli_14              
0000fc00  __mspabi_slli_13              
0000fc02  __mspabi_slli_12              
0000fc04  __mspabi_slli_11              
0000fc06  __mspabi_slli_10              
0000fc08  __mspabi_slli_9               
0000fc0a  __mspabi_slli_8               
0000fc0c  __mspabi_slli_7               
0000fc0e  __mspabi_slli_6               
0000fc10  __mspabi_slli_5               
0000fc12  __mspabi_slli_4               
0000fc14  __mspabi_slli_3               
0000fc16  __mspabi_slli_2               
0000fc18  __mspabi_slli_1               
0000fc1c  __mspabi_negd                 
0000fc46  __mspabi_mpyl                 
0000fc46  __mspabi_mpyl_sw              
0000fc6c  _c_int00_noargs_noexit        
0000fca0  memccpy                       
0000fcba  __mspabi_divu                 
0000fcba  __mspabi_remu                 
0000fcd0  memset                        
0000fce4  __mspabi_mpyi                 
0000fce4  __mspabi_mpyi_sw              
0000fd0a  __TI_decompress_none          
0000fd1c  __mspabi_srll                 
0000fd2e  memcpy                        
0000fd40  __mspabi_sral                 
0000fd50  __mspabi_slll                 
0000fd60  __mspabi_func_epilog_7        
0000fd62  __mspabi_func_epilog_6        
0000fd64  __mspabi_func_epilog_5        
0000fd66  __mspabi_func_epilog_4        
0000fd68  __mspabi_func_epilog_3        
0000fd6a  __mspabi_func_epilog_2        
0000fd6c  __mspabi_func_epilog_1        
0000fd70  strlen                        
0000fd7e  __mspabi_fltid                
0000fd8a  __mspabi_negf                 
0000fd94  __TI_ISR_TRAP                 
0000fd9c  C$$EXIT                       
0000fd9c  abort                         
0000fda2  __TI_decompress_rle24         
0000fda8  _system_pre_init              
0000fdac  _system_post_cinit            
0000fdbe  __TI_Handler_Table_Base       
0000fdc2  __TI_CINIT_Base               
0000fdc2  __TI_Handler_Table_Limit      
0000fdca  __TI_CINIT_Limit              
0000ffe0  __TI_int00                    
0000ffe4  __TI_int02                    
0000ffe6  __TI_int03                    
0000ffea  __TI_int05                    
0000ffec  __TI_int06                    
0000ffee  __TI_int07                    
0000fff0  __TI_int08                    
0000fff2  __TI_int09                    
0000fff4  __TI_int10                    
0000fff6  __TI_int11                    
0000fff8  __TI_int12                    
0000fffa  __TI_int13                    
0000fffc  __TI_int14                    
0000fffe  _reset_vector                 
ffffffff  __TI_pprof_out_hndl           
ffffffff  __TI_prof_data_size           
ffffffff  __TI_prof_data_start          
ffffffff  __c_args__                    
UNDEFED   __TI_BINIT_Base               
UNDEFED   __TI_BINIT_Limit              
UNDEFED   __TI_INITARRAY_Base           
UNDEFED   __TI_INITARRAY_Limit          

[329 symbols]
