******************************************************************************
                  MSP430 Linker PC v15.12.3                    
******************************************************************************
>> Linked Sat Sep 03 11:42:15 2016

OUTPUT FILE NAME:   <SPI.out>
ENTRY POINT SYMBOL: "_c_int00_noargs_noexit"  address: 00003ea4


MEMORY CONFIGURATION

         name            origin    length      used     unused   attr    fill
----------------------  --------  ---------  --------  --------  ----  --------
  SFR                   00000000   00000010  00000000  00000010  RWIX
  PERIPHERALS_8BIT      00000010   000000f0  00000000  000000f0  RWIX
  PERIPHERALS_16BIT     00000100   00000100  00000000  00000100  RWIX
  RAM                   00000200   00000200  000000b7  00000149  RWIX
  INFOD                 00001000   00000040  00000000  00000040  RWIX
  INFOC                 00001040   00000040  00000000  00000040  RWIX
  INFOB                 00001080   00000040  00000000  00000040  RWIX
  INFOA                 000010c0   00000040  00000000  00000040  RWIX
  FLASH                 0000c000   00003fde  0000072a  000038b4  RWIX
  BSLSIGNATURE          0000ffde   00000002  00000002  00000000  RWIX  ffff 
  INT00                 0000ffe0   00000002  00000002  00000000  RWIX
  INT01                 0000ffe2   00000002  00000000  00000002  RWIX
  INT02                 0000ffe4   00000002  00000002  00000000  RWIX
  INT03                 0000ffe6   00000002  00000002  00000000  RWIX
  INT04                 0000ffe8   00000002  00000000  00000002  RWIX
  INT05                 0000ffea   00000002  00000002  00000000  RWIX
  INT06                 0000ffec   00000002  00000002  00000000  RWIX
  INT07                 0000ffee   00000002  00000002  00000000  RWIX
  INT08                 0000fff0   00000002  00000002  00000000  RWIX
  INT09                 0000fff2   00000002  00000002  00000000  RWIX
  INT10                 0000fff4   00000002  00000002  00000000  RWIX
  INT11                 0000fff6   00000002  00000002  00000000  RWIX
  INT12                 0000fff8   00000002  00000002  00000000  RWIX
  INT13                 0000fffa   00000002  00000002  00000000  RWIX
  INT14                 0000fffc   00000002  00000002  00000000  RWIX
  RESET                 0000fffe   00000002  00000002  00000000  RWIX


SECTION ALLOCATION MAP

 output                                  attributes/
section   page    origin      length       input sections
--------  ----  ----------  ----------   ----------------
.bss       0    00000200    00000067     UNINITIALIZED
                  00000200    00000006     (.common:accelorameter_raw)
                  00000206    00000006     (.common:gyroscope_raw)
                  0000020c    00000006     (.common:magnetometer_raw)
                  00000212    00000004     (.common:aRes)
                  00000216    00000004     (.common:ax)
                  0000021a    00000004     (.common:ay)
                  0000021e    00000004     (.common:az)
                  00000222    00000004     (.common:gRes)
                  00000226    00000004     (.common:gx)
                  0000022a    00000004     (.common:gy)
                  0000022e    00000004     (.common:gz)
                  00000232    00000004     (.common:mRes)
                  00000236    00000004     (.common:mx)
                  0000023a    00000004     (.common:my)
                  0000023e    00000004     (.common:mz)
                  00000242    00000004     (.common:pax)
                  00000246    00000004     (.common:pay)
                  0000024a    00000004     (.common:paz)
                  0000024e    00000004     (.common:pitch)
                  00000252    00000004     (.common:roll)
                  00000256    00000004     (.common:temperature)
                  0000025a    00000002     (.common:MagID)
                  0000025c    00000002     (.common:sensor)
                  0000025e    00000002     (.common:test_0)
                  00000260    00000002     (.common:test_1)
                  00000262    00000002     (.common:test_2)
                  00000264    00000002     (.common:whoami)
                  00000266    00000001     (.common:received_ch)

.text      0    00000000    0000400c     FAILED TO ALLOCATE
.stack     0    000003b0    00000050     UNINITIALIZED
                  000003b0    00000002     rts430_eabi.lib : boot.obj (.stack)
                  000003b2    0000004e     --HOLE--

.const     0    0000c000    00000720     
                  0000c000    00000600     ili9163lcd.obj (.const:font5x8)
                  0000c600    00000074     main.obj (.const:.string)
                  0000c674    00000058     rts430_eabi.lib : s_atan.obj (.const:aT)
                  0000c6cc    00000020                     : s_atan.obj (.const:atanhi)
                  0000c6ec    00000020                     : s_atan.obj (.const:atanlo)
                  0000c70c    00000014                     : _printfi_min.obj (.const:.string)

.cinit     0    0000c720    0000000a     
                  0000c720    00000004     (.cinit..bss.load) [load image, compression = zero_init]
                  0000c724    00000002     (__TI_handler_table)
                  0000c726    00000004     (__TI_cinit_table)

.init_array 
*          0    0000c000    00000000     UNINITIALIZED

TRAPINT    0    0000ffe0    00000002     
                  0000ffe0    00000002     rts430_eabi.lib : int00.obj (.int00)

PORT1      0    0000ffe4    00000002     
                  0000ffe4    00000002     main.obj (.int02)

PORT2      0    0000ffe6    00000002     
                  0000ffe6    00000002     rts430_eabi.lib : int03.obj (.int03)

$fill000   0    0000ffde    00000002     
                  0000ffde    00000002     --HOLE-- [fill = ffff]

ADC10      0    0000ffea    00000002     
                  0000ffea    00000002     rts430_eabi.lib : int05.obj (.int05)

USCIAB0TX 
*          0    0000ffec    00000002     
                  0000ffec    00000002     rts430_eabi.lib : int06.obj (.int06)

USCIAB0RX 
*          0    0000ffee    00000002     
                  0000ffee    00000002     rts430_eabi.lib : int07.obj (.int07)

TIMER0_A1 
*          0    0000fff0    00000002     
                  0000fff0    00000002     rts430_eabi.lib : int08.obj (.int08)

TIMER0_A0 
*          0    0000fff2    00000002     
                  0000fff2    00000002     rts430_eabi.lib : int09.obj (.int09)

WDT        0    0000fff4    00000002     
                  0000fff4    00000002     rts430_eabi.lib : int10.obj (.int10)

COMPARATORA 
*          0    0000fff6    00000002     
                  0000fff6    00000002     rts430_eabi.lib : int11.obj (.int11)

TIMER1_A1 
*          0    0000fff8    00000002     
                  0000fff8    00000002     rts430_eabi.lib : int12.obj (.int12)

TIMER1_A0 
*          0    0000fffa    00000002     
                  0000fffa    00000002     rts430_eabi.lib : int13.obj (.int13)

NMI        0    0000fffc    00000002     
                  0000fffc    00000002     rts430_eabi.lib : int14.obj (.int14)

.reset     0    0000fffe    00000002     
                  0000fffe    00000002     rts430_eabi.lib : boot.obj (.reset)

MODULE SUMMARY

       Module              code   ro data   rw data
       ------              ----   -------   -------
    .\
       ili9163lcd.obj      0      1536      103    
       main.obj            0      118       0      
    +--+-------------------+------+---------+---------+
       Total:              0      1654      103    
                                                   
    C:\ti\ccsv6\tools\compiler\msp430_15.12.3.LTS\lib\rts430_eabi.lib
       s_atan.obj          0      152       0      
       _printfi_min.obj    0      20        0      
       boot.obj            0      2         0      
       int00.obj           0      2         0      
       int03.obj           0      2         0      
       int05.obj           0      2         0      
       int06.obj           0      2         0      
       int07.obj           0      2         0      
       int08.obj           0      2         0      
       int09.obj           0      2         0      
       int10.obj           0      2         0      
       int11.obj           0      2         0      
       int12.obj           0      2         0      
       int13.obj           0      2         0      
       int14.obj           0      2         0      
    +--+-------------------+------+---------+---------+
       Total:              0      198       0      
                                                   
       Stack:              0      0         80     
       Linker Generated:   0      10        0      
    +--+-------------------+------+---------+---------+
       Grand Total:        0      1862      183    


LINKER GENERATED COPY TABLES

__TI_cinit_table @ 0000c726 records: 1, size/record: 4, table size: 4
	.bss: load addr=0000c720, load size=00000004 bytes, run addr=00000200, run size=00000067 bytes, compression=zero_init


LINKER GENERATED HANDLER TABLE

__TI_handler_table @ 0000c724 records: 1, size/record: 2, table size: 2
	index: 0, handler: __TI_zero_init


GLOBAL SYMBOLS: SORTED ALPHABETICALLY BY Name 

address   name                          
-------   ----                          
0000004a  ADC10AE0                      
000001b0  ADC10CTL0                     
000001b2  ADC10CTL1                     
00000048  ADC10DTC0                     
00000049  ADC10DTC1                     
000001b4  ADC10MEM                      
000001bc  ADC10SA                       
00000057  BCSCTL1                       
00000058  BCSCTL2                       
00000053  BCSCTL3                       
00004000  C$$EXIT                       
00000059  CACTL1                        
0000005a  CACTL2                        
000010fb  CALBC1_12MHZ                  
000010f9  CALBC1_16MHZ                  
000010ff  CALBC1_1MHZ                   
000010fd  CALBC1_8MHZ                   
000010fa  CALDCO_12MHZ                  
000010f8  CALDCO_16MHZ                  
000010fe  CALDCO_1MHZ                   
000010fc  CALDCO_8MHZ                   
0000005b  CAPD                          
00000056  DCOCTL                        
00000128  FCTL1                         
0000012a  FCTL2                         
0000012c  FCTL3                         
00000000  IE1                           
00000001  IE2                           
00000002  IFG1                          
00000003  IFG2                          
00003bfe  InitDisplay                   
00003b1e  InitSPI                       
000032e8  Init_BMX055                   
0000382c  Init_LSM9DS1                  
00002d56  Init_MPU9250                  
0000025a  MagID                         
00000022  P1DIR                         
00000025  P1IE                          
00000024  P1IES                         
00000023  P1IFG                         
00000020  P1IN                          
00000021  P1OUT                         
00000027  P1REN                         
00000026  P1SEL                         
00000041  P1SEL2                        
0000002a  P2DIR                         
0000002d  P2IE                          
0000002c  P2IES                         
0000002b  P2IFG                         
00000028  P2IN                          
00000029  P2OUT                         
0000002f  P2REN                         
0000002e  P2SEL                         
00000042  P2SEL2                        
0000001a  P3DIR                         
00000018  P3IN                          
00000019  P3OUT                         
00000010  P3REN                         
0000001b  P3SEL                         
00000043  P3SEL2                        
00003dd0  Port_1                        
0000290c  Read_Accelorameter            
00002a98  Read_Gyroscope                
000024e4  Read_Magnetometer             
00003a76  Read_Magnetometer_Id          
00003650  Read_Temp                     
00003f44  SPI_Read                      
00003bb6  SPI_Transceive                
00003ffa  SPI_Write                     
000036ce  Setup_Wake_on_Motion_Interrupt
00000172  TA0CCR0                       
00000174  TA0CCR1                       
00000176  TA0CCR2                       
00000162  TA0CCTL0                      
00000164  TA0CCTL1                      
00000166  TA0CCTL2                      
00000160  TA0CTL                        
0000012e  TA0IV                         
00000170  TA0R                          
00000192  TA1CCR0                       
00000194  TA1CCR1                       
00000196  TA1CCR2                       
00000182  TA1CCTL0                      
00000184  TA1CCTL1                      
00000186  TA1CCTL2                      
00000180  TA1CTL                        
0000011e  TA1IV                         
00000190  TA1R                          
000010db  TLV_ADC10_1_LEN               
000010da  TLV_ADC10_1_TAG               
000010c0  TLV_CHECKSUM                  
000010f7  TLV_DCO_30_LEN                
000010f6  TLV_DCO_30_TAG                
0000005d  UCA0ABCTL                     
00000062  UCA0BR0                       
00000063  UCA0BR1                       
00000060  UCA0CTL0                      
00000061  UCA0CTL1                      
0000005f  UCA0IRRCTL                    
0000005e  UCA0IRTCTL                    
00000064  UCA0MCTL                      
00000066  UCA0RXBUF                     
00000065  UCA0STAT                      
00000067  UCA0TXBUF                     
0000006a  UCB0BR0                       
0000006b  UCB0BR1                       
00000068  UCB0CTL0                      
00000069  UCB0CTL1                      
0000006c  UCB0I2CIE                     
00000118  UCB0I2COA                     
0000011a  UCB0I2CSA                     
0000006e  UCB0RXBUF                     
0000006d  UCB0STAT                      
0000006f  UCB0TXBUF                     
00000120  WDTCTL                        
00000400  __STACK_END                   
00000050  __STACK_SIZE                  
UNDEFED   __TI_BINIT_Base               
UNDEFED   __TI_BINIT_Limit              
0000c726  __TI_CINIT_Base               
0000c72a  __TI_CINIT_Limit              
0000c724  __TI_Handler_Table_Base       
0000c726  __TI_Handler_Table_Limit      
UNDEFED   __TI_INITARRAY_Base           
UNDEFED   __TI_INITARRAY_Limit          
00003ff2  __TI_ISR_TRAP                 
0000204c  __TI_frcaddd                  
0000103c  __TI_frcdivd                  
00001802  __TI_frcmpyd                  
0000ffe0  __TI_int00                    
0000ffe4  __TI_int02                    
0000ffe6  __TI_int03                    
0000ffea  __TI_int05                    
0000ffec  __TI_int06                    
0000ffee  __TI_int07                    
0000fff0  __TI_int08                    
0000fff2  __TI_int09                    
0000fff4  __TI_int10                    
0000fff6  __TI_int11                    
0000fff8  __TI_int12                    
0000fffa  __TI_int13                    
0000fffc  __TI_int14                    
ffffffff  __TI_pprof_out_hndl           
00002f9a  __TI_printfi_minimal          
ffffffff  __TI_prof_data_size           
ffffffff  __TI_prof_data_start          
000033aa  __TI_renormd                  
00003f08  __TI_zero_init                
ffffffff  __c_args__                    
00001af6  __mspabi_addd                 
00002c2a  __mspabi_addf                 
00003080  __mspabi_cmpd                 
000035c4  __mspabi_cvtdf                
0000374c  __mspabi_cvtfd                
000022ac  __mspabi_divd                 
00003ef2  __mspabi_divu                 
00003898  __mspabi_fixfi                
00003fdc  __mspabi_fltid                
00003d6c  __mspabi_fltif                
00003518  __mspabi_fltlid               
00003fca  __mspabi_func_epilog_1        
00003fc8  __mspabi_func_epilog_2        
00003fc6  __mspabi_func_epilog_3        
00003fc4  __mspabi_func_epilog_4        
00003fc2  __mspabi_func_epilog_5        
00003fc0  __mspabi_func_epilog_6        
00003fbe  __mspabi_func_epilog_7        
00001dde  __mspabi_mpyd                 
00003224  __mspabi_mpyf                 
00003f30  __mspabi_mpyi                 
00003f30  __mspabi_mpyi_sw              
00003e7e  __mspabi_mpyl                 
00003e7e  __mspabi_mpyl_sw              
00003e54  __mspabi_negd                 
00003fe8  __mspabi_negf                 
00003ef2  __mspabi_remu                 
00003e28  __mspabi_slli                 
00003e50  __mspabi_slli_1               
00003e3e  __mspabi_slli_10              
00003e3c  __mspabi_slli_11              
00003e3a  __mspabi_slli_12              
00003e38  __mspabi_slli_13              
00003e36  __mspabi_slli_14              
00003e34  __mspabi_slli_15              
00003e4e  __mspabi_slli_2               
00003e4c  __mspabi_slli_3               
00003e4a  __mspabi_slli_4               
00003e48  __mspabi_slli_5               
00003e46  __mspabi_slli_6               
00003e44  __mspabi_slli_7               
00003e42  __mspabi_slli_8               
00003e40  __mspabi_slli_9               
00003fae  __mspabi_slll                 
00003cb6  __mspabi_slll_1               
00003c92  __mspabi_slll_10              
00003c8e  __mspabi_slll_11              
00003c8a  __mspabi_slll_12              
00003c86  __mspabi_slll_13              
00003c82  __mspabi_slll_14              
00003c7e  __mspabi_slll_15              
00003cb2  __mspabi_slll_2               
00003cae  __mspabi_slll_3               
00003caa  __mspabi_slll_4               
00003ca6  __mspabi_slll_5               
00003ca2  __mspabi_slll_6               
00003c9e  __mspabi_slll_7               
00003c9a  __mspabi_slll_8               
00003c96  __mspabi_slll_9               
00003dfc  __mspabi_srai                 
00003e24  __mspabi_srai_1               
00003e12  __mspabi_srai_10              
00003e10  __mspabi_srai_11              
00003e0e  __mspabi_srai_12              
00003e0c  __mspabi_srai_13              
00003e0a  __mspabi_srai_14              
00003e08  __mspabi_srai_15              
00003e22  __mspabi_srai_2               
00003e20  __mspabi_srai_3               
00003e1e  __mspabi_srai_4               
00003e1c  __mspabi_srai_5               
00003e1a  __mspabi_srai_6               
00003e18  __mspabi_srai_7               
00003e16  __mspabi_srai_8               
00003e14  __mspabi_srai_9               
00003f9e  __mspabi_sral                 
00003c78  __mspabi_sral_1               
00003c54  __mspabi_sral_10              
00003c50  __mspabi_sral_11              
00003c4c  __mspabi_sral_12              
00003c48  __mspabi_sral_13              
00003c44  __mspabi_sral_14              
00003c40  __mspabi_sral_15              
00003c74  __mspabi_sral_2               
00003c70  __mspabi_sral_3               
00003c6c  __mspabi_sral_4               
00003c68  __mspabi_sral_5               
00003c64  __mspabi_sral_6               
00003c60  __mspabi_sral_7               
00003c5c  __mspabi_sral_8               
00003c58  __mspabi_sral_9               
00003b6a  __mspabi_srli                 
00003bb0  __mspabi_srli_1               
00003b8c  __mspabi_srli_10              
00003b88  __mspabi_srli_11              
00003b84  __mspabi_srli_12              
00003b80  __mspabi_srli_13              
00003b7c  __mspabi_srli_14              
00003b78  __mspabi_srli_15              
00003bac  __mspabi_srli_2               
00003ba8  __mspabi_srli_3               
00003ba4  __mspabi_srli_4               
00003ba0  __mspabi_srli_5               
00003b9c  __mspabi_srli_6               
00003b98  __mspabi_srli_7               
00003b94  __mspabi_srli_8               
00003b90  __mspabi_srli_9               
00003f7a  __mspabi_srll                 
000039b8  __mspabi_srll_1               
00003982  __mspabi_srll_10              
0000397c  __mspabi_srll_11              
00003976  __mspabi_srll_12              
00003970  __mspabi_srll_13              
0000396a  __mspabi_srll_14              
00003964  __mspabi_srll_15              
000039b2  __mspabi_srll_2               
000039ac  __mspabi_srll_3               
000039a6  __mspabi_srll_4               
000039a0  __mspabi_srll_5               
0000399a  __mspabi_srll_6               
00003994  __mspabi_srll_7               
0000398e  __mspabi_srll_8               
00003988  __mspabi_srll_9               
00003da2  __mspabi_subd                 
00002c24  __mspabi_subf                 
000037be  _auto_init                    
00003ea4  _c_int00_noargs_noexit        
0000fffe  _reset_vector                 
000003b0  _stack                        
0000400a  _system_post_cinit            
00004006  _system_pre_init              
00000212  aRes                          
00004000  abort                         
00000200  accelorameter_raw             
00000b84  atan                          
000014ca  atan2                         
000014ca  atan2l                        
00000b84  atanl                         
00000216  ax                            
0000021a  ay                            
0000021e  az                            
00003a1c  copy_in                       
00003f68  decodeRgbValue                
0000c000  font5x8                       
00000222  gRes                          
00000226  gx                            
0000022a  gy                            
00000206  gyroscope_raw                 
0000022e  gz                            
00003900  lcdClearDisplay               
00002708  lcdInitialise                 
00003468  lcdPutCh                      
000039c0  lcdPutS                       
00003cbc  lcdWriteCommand               
00003acc  lcdWriteData                  
00003cf8  lcdWriteParameter             
00000232  mRes                          
0000020c  magnetometer_raw              
00000000  main                          
00003ed8  memccpy                       
00003f8c  memcpy                        
00003f1c  memset                        
00000236  mx                            
0000023a  my                            
0000023e  mz                            
00000242  pax                           
00000246  pay                           
0000024a  paz                           
0000024e  pitch                         
00000266  received_ch                   
00000252  roll                          
0000025c  sensor                        
00003d34  sprintf                       
00003fce  strlen                        
00000256  temperature                   
0000025e  test_0                        
00000260  test_1                        
00000262  test_2                        
00000264  whoami                        


GLOBAL SYMBOLS: SORTED BY Symbol Address 

address   name                          
-------   ----                          
00000000  IE1                           
00000000  main                          
00000001  IE2                           
00000002  IFG1                          
00000003  IFG2                          
00000010  P3REN                         
00000018  P3IN                          
00000019  P3OUT                         
0000001a  P3DIR                         
0000001b  P3SEL                         
00000020  P1IN                          
00000021  P1OUT                         
00000022  P1DIR                         
00000023  P1IFG                         
00000024  P1IES                         
00000025  P1IE                          
00000026  P1SEL                         
00000027  P1REN                         
00000028  P2IN                          
00000029  P2OUT                         
0000002a  P2DIR                         
0000002b  P2IFG                         
0000002c  P2IES                         
0000002d  P2IE                          
0000002e  P2SEL                         
0000002f  P2REN                         
00000041  P1SEL2                        
00000042  P2SEL2                        
00000043  P3SEL2                        
00000048  ADC10DTC0                     
00000049  ADC10DTC1                     
0000004a  ADC10AE0                      
00000050  __STACK_SIZE                  
00000053  BCSCTL3                       
00000056  DCOCTL                        
00000057  BCSCTL1                       
00000058  BCSCTL2                       
00000059  CACTL1                        
0000005a  CACTL2                        
0000005b  CAPD                          
0000005d  UCA0ABCTL                     
0000005e  UCA0IRTCTL                    
0000005f  UCA0IRRCTL                    
00000060  UCA0CTL0                      
00000061  UCA0CTL1                      
00000062  UCA0BR0                       
00000063  UCA0BR1                       
00000064  UCA0MCTL                      
00000065  UCA0STAT                      
00000066  UCA0RXBUF                     
00000067  UCA0TXBUF                     
00000068  UCB0CTL0                      
00000069  UCB0CTL1                      
0000006a  UCB0BR0                       
0000006b  UCB0BR1                       
0000006c  UCB0I2CIE                     
0000006d  UCB0STAT                      
0000006e  UCB0RXBUF                     
0000006f  UCB0TXBUF                     
00000118  UCB0I2COA                     
0000011a  UCB0I2CSA                     
0000011e  TA1IV                         
00000120  WDTCTL                        
00000128  FCTL1                         
0000012a  FCTL2                         
0000012c  FCTL3                         
0000012e  TA0IV                         
00000160  TA0CTL                        
00000162  TA0CCTL0                      
00000164  TA0CCTL1                      
00000166  TA0CCTL2                      
00000170  TA0R                          
00000172  TA0CCR0                       
00000174  TA0CCR1                       
00000176  TA0CCR2                       
00000180  TA1CTL                        
00000182  TA1CCTL0                      
00000184  TA1CCTL1                      
00000186  TA1CCTL2                      
00000190  TA1R                          
00000192  TA1CCR0                       
00000194  TA1CCR1                       
00000196  TA1CCR2                       
000001b0  ADC10CTL0                     
000001b2  ADC10CTL1                     
000001b4  ADC10MEM                      
000001bc  ADC10SA                       
00000200  accelorameter_raw             
00000206  gyroscope_raw                 
0000020c  magnetometer_raw              
00000212  aRes                          
00000216  ax                            
0000021a  ay                            
0000021e  az                            
00000222  gRes                          
00000226  gx                            
0000022a  gy                            
0000022e  gz                            
00000232  mRes                          
00000236  mx                            
0000023a  my                            
0000023e  mz                            
00000242  pax                           
00000246  pay                           
0000024a  paz                           
0000024e  pitch                         
00000252  roll                          
00000256  temperature                   
0000025a  MagID                         
0000025c  sensor                        
0000025e  test_0                        
00000260  test_1                        
00000262  test_2                        
00000264  whoami                        
00000266  received_ch                   
000003b0  _stack                        
00000400  __STACK_END                   
00000b84  atan                          
00000b84  atanl                         
0000103c  __TI_frcdivd                  
000010c0  TLV_CHECKSUM                  
000010da  TLV_ADC10_1_TAG               
000010db  TLV_ADC10_1_LEN               
000010f6  TLV_DCO_30_TAG                
000010f7  TLV_DCO_30_LEN                
000010f8  CALDCO_16MHZ                  
000010f9  CALBC1_16MHZ                  
000010fa  CALDCO_12MHZ                  
000010fb  CALBC1_12MHZ                  
000010fc  CALDCO_8MHZ                   
000010fd  CALBC1_8MHZ                   
000010fe  CALDCO_1MHZ                   
000010ff  CALBC1_1MHZ                   
000014ca  atan2                         
000014ca  atan2l                        
00001802  __TI_frcmpyd                  
00001af6  __mspabi_addd                 
00001dde  __mspabi_mpyd                 
0000204c  __TI_frcaddd                  
000022ac  __mspabi_divd                 
000024e4  Read_Magnetometer             
00002708  lcdInitialise                 
0000290c  Read_Accelorameter            
00002a98  Read_Gyroscope                
00002c24  __mspabi_subf                 
00002c2a  __mspabi_addf                 
00002d56  Init_MPU9250                  
00002f9a  __TI_printfi_minimal          
00003080  __mspabi_cmpd                 
00003224  __mspabi_mpyf                 
000032e8  Init_BMX055                   
000033aa  __TI_renormd                  
00003468  lcdPutCh                      
00003518  __mspabi_fltlid               
000035c4  __mspabi_cvtdf                
00003650  Read_Temp                     
000036ce  Setup_Wake_on_Motion_Interrupt
0000374c  __mspabi_cvtfd                
000037be  _auto_init                    
0000382c  Init_LSM9DS1                  
00003898  __mspabi_fixfi                
00003900  lcdClearDisplay               
00003964  __mspabi_srll_15              
0000396a  __mspabi_srll_14              
00003970  __mspabi_srll_13              
00003976  __mspabi_srll_12              
0000397c  __mspabi_srll_11              
00003982  __mspabi_srll_10              
00003988  __mspabi_srll_9               
0000398e  __mspabi_srll_8               
00003994  __mspabi_srll_7               
0000399a  __mspabi_srll_6               
000039a0  __mspabi_srll_5               
000039a6  __mspabi_srll_4               
000039ac  __mspabi_srll_3               
000039b2  __mspabi_srll_2               
000039b8  __mspabi_srll_1               
000039c0  lcdPutS                       
00003a1c  copy_in                       
00003a76  Read_Magnetometer_Id          
00003acc  lcdWriteData                  
00003b1e  InitSPI                       
00003b6a  __mspabi_srli                 
00003b78  __mspabi_srli_15              
00003b7c  __mspabi_srli_14              
00003b80  __mspabi_srli_13              
00003b84  __mspabi_srli_12              
00003b88  __mspabi_srli_11              
00003b8c  __mspabi_srli_10              
00003b90  __mspabi_srli_9               
00003b94  __mspabi_srli_8               
00003b98  __mspabi_srli_7               
00003b9c  __mspabi_srli_6               
00003ba0  __mspabi_srli_5               
00003ba4  __mspabi_srli_4               
00003ba8  __mspabi_srli_3               
00003bac  __mspabi_srli_2               
00003bb0  __mspabi_srli_1               
00003bb6  SPI_Transceive                
00003bfe  InitDisplay                   
00003c40  __mspabi_sral_15              
00003c44  __mspabi_sral_14              
00003c48  __mspabi_sral_13              
00003c4c  __mspabi_sral_12              
00003c50  __mspabi_sral_11              
00003c54  __mspabi_sral_10              
00003c58  __mspabi_sral_9               
00003c5c  __mspabi_sral_8               
00003c60  __mspabi_sral_7               
00003c64  __mspabi_sral_6               
00003c68  __mspabi_sral_5               
00003c6c  __mspabi_sral_4               
00003c70  __mspabi_sral_3               
00003c74  __mspabi_sral_2               
00003c78  __mspabi_sral_1               
00003c7e  __mspabi_slll_15              
00003c82  __mspabi_slll_14              
00003c86  __mspabi_slll_13              
00003c8a  __mspabi_slll_12              
00003c8e  __mspabi_slll_11              
00003c92  __mspabi_slll_10              
00003c96  __mspabi_slll_9               
00003c9a  __mspabi_slll_8               
00003c9e  __mspabi_slll_7               
00003ca2  __mspabi_slll_6               
00003ca6  __mspabi_slll_5               
00003caa  __mspabi_slll_4               
00003cae  __mspabi_slll_3               
00003cb2  __mspabi_slll_2               
00003cb6  __mspabi_slll_1               
00003cbc  lcdWriteCommand               
00003cf8  lcdWriteParameter             
00003d34  sprintf                       
00003d6c  __mspabi_fltif                
00003da2  __mspabi_subd                 
00003dd0  Port_1                        
00003dfc  __mspabi_srai                 
00003e08  __mspabi_srai_15              
00003e0a  __mspabi_srai_14              
00003e0c  __mspabi_srai_13              
00003e0e  __mspabi_srai_12              
00003e10  __mspabi_srai_11              
00003e12  __mspabi_srai_10              
00003e14  __mspabi_srai_9               
00003e16  __mspabi_srai_8               
00003e18  __mspabi_srai_7               
00003e1a  __mspabi_srai_6               
00003e1c  __mspabi_srai_5               
00003e1e  __mspabi_srai_4               
00003e20  __mspabi_srai_3               
00003e22  __mspabi_srai_2               
00003e24  __mspabi_srai_1               
00003e28  __mspabi_slli                 
00003e34  __mspabi_slli_15              
00003e36  __mspabi_slli_14              
00003e38  __mspabi_slli_13              
00003e3a  __mspabi_slli_12              
00003e3c  __mspabi_slli_11              
00003e3e  __mspabi_slli_10              
00003e40  __mspabi_slli_9               
00003e42  __mspabi_slli_8               
00003e44  __mspabi_slli_7               
00003e46  __mspabi_slli_6               
00003e48  __mspabi_slli_5               
00003e4a  __mspabi_slli_4               
00003e4c  __mspabi_slli_3               
00003e4e  __mspabi_slli_2               
00003e50  __mspabi_slli_1               
00003e54  __mspabi_negd                 
00003e7e  __mspabi_mpyl                 
00003e7e  __mspabi_mpyl_sw              
00003ea4  _c_int00_noargs_noexit        
00003ed8  memccpy                       
00003ef2  __mspabi_divu                 
00003ef2  __mspabi_remu                 
00003f08  __TI_zero_init                
00003f1c  memset                        
00003f30  __mspabi_mpyi                 
00003f30  __mspabi_mpyi_sw              
00003f44  SPI_Read                      
00003f68  decodeRgbValue                
00003f7a  __mspabi_srll                 
00003f8c  memcpy                        
00003f9e  __mspabi_sral                 
00003fae  __mspabi_slll                 
00003fbe  __mspabi_func_epilog_7        
00003fc0  __mspabi_func_epilog_6        
00003fc2  __mspabi_func_epilog_5        
00003fc4  __mspabi_func_epilog_4        
00003fc6  __mspabi_func_epilog_3        
00003fc8  __mspabi_func_epilog_2        
00003fca  __mspabi_func_epilog_1        
00003fce  strlen                        
00003fdc  __mspabi_fltid                
00003fe8  __mspabi_negf                 
00003ff2  __TI_ISR_TRAP                 
00003ffa  SPI_Write                     
00004000  C$$EXIT                       
00004000  abort                         
00004006  _system_pre_init              
0000400a  _system_post_cinit            
0000c000  font5x8                       
0000c724  __TI_Handler_Table_Base       
0000c726  __TI_CINIT_Base               
0000c726  __TI_Handler_Table_Limit      
0000c72a  __TI_CINIT_Limit              
0000ffe0  __TI_int00                    
0000ffe4  __TI_int02                    
0000ffe6  __TI_int03                    
0000ffea  __TI_int05                    
0000ffec  __TI_int06                    
0000ffee  __TI_int07                    
0000fff0  __TI_int08                    
0000fff2  __TI_int09                    
0000fff4  __TI_int10                    
0000fff6  __TI_int11                    
0000fff8  __TI_int12                    
0000fffa  __TI_int13                    
0000fffc  __TI_int14                    
0000fffe  _reset_vector                 
ffffffff  __TI_pprof_out_hndl           
ffffffff  __TI_prof_data_size           
ffffffff  __TI_prof_data_start          
ffffffff  __c_args__                    
UNDEFED   __TI_BINIT_Base               
UNDEFED   __TI_BINIT_Limit              
UNDEFED   __TI_INITARRAY_Base           
UNDEFED   __TI_INITARRAY_Limit          

[328 symbols]
