******************************************************************************
                  MSP430 Linker PC v15.12.2                    
******************************************************************************
>> Linked Thu Sep 01 23:32:54 2016

OUTPUT FILE NAME:   <SPI.out>
ENTRY POINT SYMBOL: "_c_int00_noargs_noexit"  address: 0000eb38


MEMORY CONFIGURATION

         name            origin    length      used     unused   attr    fill
----------------------  --------  ---------  --------  --------  ----  --------
  SFR                   00000000   00000010  00000000  00000010  RWIX
  PERIPHERALS_8BIT      00000010   000000f0  00000000  000000f0  RWIX
  PERIPHERALS_16BIT     00000100   00000100  00000000  00000100  RWIX
  RAM                   00000200   00000200  000000a3  0000015d  RWIX
  INFOD                 00001000   00000040  00000000  00000040  RWIX
  INFOC                 00001040   00000040  00000000  00000040  RWIX
  INFOB                 00001080   00000040  00000000  00000040  RWIX
  INFOA                 000010c0   00000040  00000000  00000040  RWIX
  FLASH                 0000c000   00003fde  00002c10  000013ce  RWIX
  BSLSIGNATURE          0000ffde   00000002  00000002  00000000  RWIX  ffff 
  INT00                 0000ffe0   00000002  00000002  00000000  RWIX
  INT01                 0000ffe2   00000002  00000000  00000002  RWIX
  INT02                 0000ffe4   00000002  00000002  00000000  RWIX
  INT03                 0000ffe6   00000002  00000002  00000000  RWIX
  INT04                 0000ffe8   00000002  00000000  00000002  RWIX
  INT05                 0000ffea   00000002  00000002  00000000  RWIX
  INT06                 0000ffec   00000002  00000002  00000000  RWIX
  INT07                 0000ffee   00000002  00000002  00000000  RWIX
  INT08                 0000fff0   00000002  00000002  00000000  RWIX
  INT09                 0000fff2   00000002  00000002  00000000  RWIX
  INT10                 0000fff4   00000002  00000002  00000000  RWIX
  INT11                 0000fff6   00000002  00000002  00000000  RWIX
  INT12                 0000fff8   00000002  00000002  00000000  RWIX
  INT13                 0000fffa   00000002  00000002  00000000  RWIX
  INT14                 0000fffc   00000002  00000002  00000000  RWIX
  RESET                 0000fffe   00000002  00000002  00000000  RWIX


SECTION ALLOCATION MAP

 output                                  attributes/
section   page    origin      length       input sections
--------  ----  ----------  ----------   ----------------
.bss       0    00000200    00000053     UNINITIALIZED
                  00000200    00000006     (.common:accelorameter_raw)
                  00000206    00000006     (.common:gyroscope_raw)
                  0000020c    00000006     (.common:magnetometer_raw)
                  00000212    00000004     (.common:aRes)
                  00000216    00000004     (.common:ax)
                  0000021a    00000004     (.common:ay)
                  0000021e    00000004     (.common:az)
                  00000222    00000004     (.common:gRes)
                  00000226    00000004     (.common:gx)
                  0000022a    00000004     (.common:gy)
                  0000022e    00000004     (.common:gz)
                  00000232    00000004     (.common:mRes)
                  00000236    00000004     (.common:mx)
                  0000023a    00000004     (.common:my)
                  0000023e    00000004     (.common:mz)
                  00000242    00000004     (.common:temperature)
                  00000246    00000002     (.common:MagID)
                  00000248    00000002     (.common:sensor)
                  0000024a    00000002     (.common:test_0)
                  0000024c    00000002     (.common:test_1)
                  0000024e    00000002     (.common:test_2)
                  00000250    00000002     (.common:whoami)
                  00000252    00000001     (.common:received_ch)

.stack     0    000003b0    00000050     UNINITIALIZED
                  000003b0    00000002     rts430_eabi.lib : boot.obj (.stack)
                  000003b2    0000004e     --HOLE--

.text      0    0000c000    00002c06     
                  0000c000    00000544     main.obj (.text:main)
                  0000c544    0000048e     rts430_eabi.lib : frcdivd.obj (.text:__TI_frcdivd)
                  0000c9d2    000002f4                     : frcmpyd.obj (.text:__TI_frcmpyd)
                  0000ccc6    000002e8                     : addd.obj (.text:__mspabi_addd)
                  0000cfae    0000026e                     : mpyd.obj (.text:__mspabi_mpyd)
                  0000d21c    00000260                     : frcaddd.obj (.text:__TI_frcaddd)
                  0000d47c    00000238                     : divd.obj (.text:__mspabi_divd)
                  0000d6b4    00000224     main.obj (.text:Read_Magnetometer)
                  0000d8d8    000001f8     ili9163lcd.obj (.text:lcdInitialise)
                  0000dad0    0000018c     main.obj (.text:Read_Accelorameter)
                  0000dc5c    0000018c     main.obj (.text:Read_Gyroscope)
                  0000dde8    00000132     rts430_eabi.lib : fs_add.obj (.text)
                  0000df1a    0000012e     main.obj (.text:Init_MPU9250)
                  0000e048    000000c4     rts430_eabi.lib : fs_mpy.obj (.text)
                  0000e10c    000000c2     main.obj (.text:Init_BMX055)
                  0000e1ce    000000be     rts430_eabi.lib : renormd.obj (.text:__TI_renormd)
                  0000e28c    000000ac                     : fltlid.obj (.text:__mspabi_fltlid)
                  0000e338    0000009e     ili9163lcd.obj (.text:lcdLine)
                  0000e3d6    0000008c     rts430_eabi.lib : cvtdf.obj (.text:__mspabi_cvtdf)
                  0000e462    0000007e     main.obj (.text:Read_Temp)
                  0000e4e0    0000007e     main.obj (.text:Setup_Wake_on_Motion_Interrupt)
                  0000e55e    00000072     rts430_eabi.lib : cvtfd.obj (.text:__mspabi_cvtfd)
                  0000e5d0    0000006e                     : autoinit.obj (.text:_auto_init)
                  0000e63e    0000006c     main.obj (.text:Init_LSM9DS1)
                  0000e6aa    0000005c     rts430_eabi.lib : lsr32.obj (.text:l_lsr_const)
                  0000e706    0000005c     ili9163lcd.obj (.text:lcdPlot)
                  0000e762    0000005a     rts430_eabi.lib : cpy_tbl.obj (.text:copy_in)
                  0000e7bc    00000056     main.obj (.text:Read_Magnetometer_Id)
                  0000e812    0000004c     main.obj (.text:InitSPI)
                  0000e85e    0000004c     rts430_eabi.lib : lsr16.obj (.text)
                  0000e8aa    00000048     main.obj (.text:SPI_Transceive)
                  0000e8f2    00000042     ili9163lcd.obj (.text:lcdWriteData)
                  0000e934    0000003e     main.obj (.text:InitDisplay)
                  0000e972    0000003e     rts430_eabi.lib : asr32.obj (.text:l_asr_const)
                  0000e9b0    0000003e                     : lsl32.obj (.text:l_lsl_const)
                  0000e9ee    0000003e     ili9163lcd.obj (.text:lcdWriteCommand)
                  0000ea2c    00000036     rts430_eabi.lib : fs_itof.obj (.text)
                  0000ea62    0000002c     main.obj (.text:Port_1)
                  0000ea8e    0000002c     ili9163lcd.obj (.text:lcdWriteParameter)
                  0000eaba    0000002c     rts430_eabi.lib : asr16.obj (.text)
                  0000eae6    0000002c                     : lsl16.obj (.text)
                  0000eb12    00000026                     : mult32.obj (.text)
                  0000eb38    0000001a                     : boot_special.obj (.text:_c_int00_noargs_noexit)
                  0000eb52    00000014                     : copy_zero_init.obj (.text:decompress:ZI:__TI_zero_init)
                  0000eb66    00000014                     : mult16.obj (.text)
                  0000eb7a    00000012     main.obj (.text:SPI_Read)
                  0000eb8c    00000012     rts430_eabi.lib : lsr32.obj (.text:l_lsr)
                  0000eb9e    00000012                     : memcpy.obj (.text:memcpy)
                  0000ebb0    00000010                     : asr32.obj (.text:l_asr)
                  0000ebc0    00000010                     : lsl32.obj (.text:l_lsl)
                  0000ebd0    00000010                     : epilog.obj (.text)
                  0000ebe0    0000000c                     : fltid.obj (.text:__mspabi_fltid)
                  0000ebec    00000008                     : isr_trap.obj (.text:_isr:__TI_ISR_TRAP)
                  0000ebf4    00000006     main.obj (.text:SPI_Write)
                  0000ebfa    00000006     rts430_eabi.lib : exit.obj (.text:abort)
                  0000ec00    00000004                     : pre_init.obj (.text:_system_pre_init)
                  0000ec04    00000002                     : startup.obj (.text:_system_post_cinit)

.cinit     0    0000ec06    0000000a     
                  0000ec06    00000004     (.cinit..bss.load) [load image, compression = zero_init]
                  0000ec0a    00000002     (__TI_handler_table)
                  0000ec0c    00000004     (__TI_cinit_table)

.init_array 
*          0    0000c000    00000000     UNINITIALIZED

TRAPINT    0    0000ffe0    00000002     
                  0000ffe0    00000002     rts430_eabi.lib : int00.obj (.int00)

PORT1      0    0000ffe4    00000002     
                  0000ffe4    00000002     main.obj (.int02)

PORT2      0    0000ffe6    00000002     
                  0000ffe6    00000002     rts430_eabi.lib : int03.obj (.int03)

$fill000   0    0000ffde    00000002     
                  0000ffde    00000002     --HOLE-- [fill = ffff]

ADC10      0    0000ffea    00000002     
                  0000ffea    00000002     rts430_eabi.lib : int05.obj (.int05)

USCIAB0TX 
*          0    0000ffec    00000002     
                  0000ffec    00000002     rts430_eabi.lib : int06.obj (.int06)

USCIAB0RX 
*          0    0000ffee    00000002     
                  0000ffee    00000002     rts430_eabi.lib : int07.obj (.int07)

TIMER0_A1 
*          0    0000fff0    00000002     
                  0000fff0    00000002     rts430_eabi.lib : int08.obj (.int08)

TIMER0_A0 
*          0    0000fff2    00000002     
                  0000fff2    00000002     rts430_eabi.lib : int09.obj (.int09)

WDT        0    0000fff4    00000002     
                  0000fff4    00000002     rts430_eabi.lib : int10.obj (.int10)

COMPARATORA 
*          0    0000fff6    00000002     
                  0000fff6    00000002     rts430_eabi.lib : int11.obj (.int11)

TIMER1_A1 
*          0    0000fff8    00000002     
                  0000fff8    00000002     rts430_eabi.lib : int12.obj (.int12)

TIMER1_A0 
*          0    0000fffa    00000002     
                  0000fffa    00000002     rts430_eabi.lib : int13.obj (.int13)

NMI        0    0000fffc    00000002     
                  0000fffc    00000002     rts430_eabi.lib : int14.obj (.int14)

.reset     0    0000fffe    00000002     
                  0000fffe    00000002     rts430_eabi.lib : boot.obj (.reset)

MODULE SUMMARY

       Module               code    ro data   rw data
       ------               ----    -------   -------
    .\
       main.obj             3908    2         0      
       ili9163lcd.obj       926     0         83     
    +--+--------------------+-------+---------+---------+
       Total:               4834    2         83     
                                                     
    D:\Software\TI\ccsv6\tools\compiler\msp430_15.12.2.LTS\lib\rts430_eabi.lib
       frcdivd.obj          1166    0         0      
       frcmpyd.obj          756     0         0      
       addd.obj             744     0         0      
       mpyd.obj             622     0         0      
       frcaddd.obj          608     0         0      
       divd.obj             568     0         0      
       fs_add.obj           306     0         0      
       fs_mpy.obj           196     0         0      
       renormd.obj          190     0         0      
       fltlid.obj           172     0         0      
       cvtdf.obj            140     0         0      
       cvtfd.obj            114     0         0      
       autoinit.obj         110     0         0      
       lsr32.obj            110     0         0      
       cpy_tbl.obj          90      0         0      
       asr32.obj            78      0         0      
       lsl32.obj            78      0         0      
       lsr16.obj            76      0         0      
       fs_itof.obj          54      0         0      
       asr16.obj            44      0         0      
       lsl16.obj            44      0         0      
       mult32.obj           38      0         0      
       boot_special.obj     26      0         0      
       copy_zero_init.obj   20      0         0      
       mult16.obj           20      0         0      
       memcpy.obj           18      0         0      
       epilog.obj           16      0         0      
       fltid.obj            12      0         0      
       isr_trap.obj         8       0         0      
       exit.obj             6       0         0      
       pre_init.obj         4       0         0      
       boot.obj             0       2         0      
       int00.obj            0       2         0      
       int03.obj            0       2         0      
       int05.obj            0       2         0      
       int06.obj            0       2         0      
       int07.obj            0       2         0      
       int08.obj            0       2         0      
       int09.obj            0       2         0      
       int10.obj            0       2         0      
       int11.obj            0       2         0      
       int12.obj            0       2         0      
       int13.obj            0       2         0      
       int14.obj            0       2         0      
       startup.obj          2       0         0      
    +--+--------------------+-------+---------+---------+
       Total:               6436    26        0      
                                                     
       Stack:               0       0         80     
       Linker Generated:    0       10        0      
    +--+--------------------+-------+---------+---------+
       Grand Total:         11270   38        163    


LINKER GENERATED COPY TABLES

__TI_cinit_table @ 0000ec0c records: 1, size/record: 4, table size: 4
	.bss: load addr=0000ec06, load size=00000004 bytes, run addr=00000200, run size=00000053 bytes, compression=zero_init


LINKER GENERATED HANDLER TABLE

__TI_handler_table @ 0000ec0a records: 1, size/record: 2, table size: 2
	index: 0, handler: __TI_zero_init


GLOBAL SYMBOLS: SORTED ALPHABETICALLY BY Name 

address   name                          
-------   ----                          
0000004a  ADC10AE0                      
000001b0  ADC10CTL0                     
000001b2  ADC10CTL1                     
00000048  ADC10DTC0                     
00000049  ADC10DTC1                     
000001b4  ADC10MEM                      
000001bc  ADC10SA                       
00000057  BCSCTL1                       
00000058  BCSCTL2                       
00000053  BCSCTL3                       
0000ebfa  C$$EXIT                       
00000059  CACTL1                        
0000005a  CACTL2                        
000010fb  CALBC1_12MHZ                  
000010f9  CALBC1_16MHZ                  
000010ff  CALBC1_1MHZ                   
000010fd  CALBC1_8MHZ                   
000010fa  CALDCO_12MHZ                  
000010f8  CALDCO_16MHZ                  
000010fe  CALDCO_1MHZ                   
000010fc  CALDCO_8MHZ                   
0000005b  CAPD                          
00000056  DCOCTL                        
00000128  FCTL1                         
0000012a  FCTL2                         
0000012c  FCTL3                         
00000000  IE1                           
00000001  IE2                           
00000002  IFG1                          
00000003  IFG2                          
0000e934  InitDisplay                   
0000e812  InitSPI                       
0000e10c  Init_BMX055                   
0000e63e  Init_LSM9DS1                  
0000df1a  Init_MPU9250                  
00000246  MagID                         
00000022  P1DIR                         
00000025  P1IE                          
00000024  P1IES                         
00000023  P1IFG                         
00000020  P1IN                          
00000021  P1OUT                         
00000027  P1REN                         
00000026  P1SEL                         
00000041  P1SEL2                        
0000002a  P2DIR                         
0000002d  P2IE                          
0000002c  P2IES                         
0000002b  P2IFG                         
00000028  P2IN                          
00000029  P2OUT                         
0000002f  P2REN                         
0000002e  P2SEL                         
00000042  P2SEL2                        
0000001a  P3DIR                         
00000018  P3IN                          
00000019  P3OUT                         
00000010  P3REN                         
0000001b  P3SEL                         
00000043  P3SEL2                        
0000ea62  Port_1                        
0000dad0  Read_Accelorameter            
0000dc5c  Read_Gyroscope                
0000d6b4  Read_Magnetometer             
0000e7bc  Read_Magnetometer_Id          
0000e462  Read_Temp                     
0000eb7a  SPI_Read                      
0000e8aa  SPI_Transceive                
0000ebf4  SPI_Write                     
0000e4e0  Setup_Wake_on_Motion_Interrupt
00000172  TA0CCR0                       
00000174  TA0CCR1                       
00000176  TA0CCR2                       
00000162  TA0CCTL0                      
00000164  TA0CCTL1                      
00000166  TA0CCTL2                      
00000160  TA0CTL                        
0000012e  TA0IV                         
00000170  TA0R                          
00000192  TA1CCR0                       
00000194  TA1CCR1                       
00000196  TA1CCR2                       
00000182  TA1CCTL0                      
00000184  TA1CCTL1                      
00000186  TA1CCTL2                      
00000180  TA1CTL                        
0000011e  TA1IV                         
00000190  TA1R                          
000010db  TLV_ADC10_1_LEN               
000010da  TLV_ADC10_1_TAG               
000010c0  TLV_CHECKSUM                  
000010f7  TLV_DCO_30_LEN                
000010f6  TLV_DCO_30_TAG                
0000005d  UCA0ABCTL                     
00000062  UCA0BR0                       
00000063  UCA0BR1                       
00000060  UCA0CTL0                      
00000061  UCA0CTL1                      
0000005f  UCA0IRRCTL                    
0000005e  UCA0IRTCTL                    
00000064  UCA0MCTL                      
00000066  UCA0RXBUF                     
00000065  UCA0STAT                      
00000067  UCA0TXBUF                     
0000006a  UCB0BR0                       
0000006b  UCB0BR1                       
00000068  UCB0CTL0                      
00000069  UCB0CTL1                      
0000006c  UCB0I2CIE                     
00000118  UCB0I2COA                     
0000011a  UCB0I2CSA                     
0000006e  UCB0RXBUF                     
0000006d  UCB0STAT                      
0000006f  UCB0TXBUF                     
00000120  WDTCTL                        
00000400  __STACK_END                   
00000050  __STACK_SIZE                  
UNDEFED   __TI_BINIT_Base               
UNDEFED   __TI_BINIT_Limit              
0000ec0c  __TI_CINIT_Base               
0000ec10  __TI_CINIT_Limit              
0000ec0a  __TI_Handler_Table_Base       
0000ec0c  __TI_Handler_Table_Limit      
UNDEFED   __TI_INITARRAY_Base           
UNDEFED   __TI_INITARRAY_Limit          
0000ebec  __TI_ISR_TRAP                 
0000d21c  __TI_frcaddd                  
0000c544  __TI_frcdivd                  
0000c9d2  __TI_frcmpyd                  
0000ffe0  __TI_int00                    
0000ffe4  __TI_int02                    
0000ffe6  __TI_int03                    
0000ffea  __TI_int05                    
0000ffec  __TI_int06                    
0000ffee  __TI_int07                    
0000fff0  __TI_int08                    
0000fff2  __TI_int09                    
0000fff4  __TI_int10                    
0000fff6  __TI_int11                    
0000fff8  __TI_int12                    
0000fffa  __TI_int13                    
0000fffc  __TI_int14                    
ffffffff  __TI_pprof_out_hndl           
ffffffff  __TI_prof_data_size           
ffffffff  __TI_prof_data_start          
0000e1ce  __TI_renormd                  
0000eb52  __TI_zero_init                
ffffffff  __c_args__                    
0000ccc6  __mspabi_addd                 
0000ddee  __mspabi_addf                 
0000e3d6  __mspabi_cvtdf                
0000e55e  __mspabi_cvtfd                
0000d47c  __mspabi_divd                 
0000ebe0  __mspabi_fltid                
0000ea2c  __mspabi_fltif                
0000e28c  __mspabi_fltlid               
0000ebdc  __mspabi_func_epilog_1        
0000ebda  __mspabi_func_epilog_2        
0000ebd8  __mspabi_func_epilog_3        
0000ebd6  __mspabi_func_epilog_4        
0000ebd4  __mspabi_func_epilog_5        
0000ebd2  __mspabi_func_epilog_6        
0000ebd0  __mspabi_func_epilog_7        
0000cfae  __mspabi_mpyd                 
0000e048  __mspabi_mpyf                 
0000eb66  __mspabi_mpyi                 
0000eb66  __mspabi_mpyi_sw              
0000eb12  __mspabi_mpyl                 
0000eb12  __mspabi_mpyl_sw              
0000eae6  __mspabi_slli                 
0000eb0e  __mspabi_slli_1               
0000eafc  __mspabi_slli_10              
0000eafa  __mspabi_slli_11              
0000eaf8  __mspabi_slli_12              
0000eaf6  __mspabi_slli_13              
0000eaf4  __mspabi_slli_14              
0000eaf2  __mspabi_slli_15              
0000eb0c  __mspabi_slli_2               
0000eb0a  __mspabi_slli_3               
0000eb08  __mspabi_slli_4               
0000eb06  __mspabi_slli_5               
0000eb04  __mspabi_slli_6               
0000eb02  __mspabi_slli_7               
0000eb00  __mspabi_slli_8               
0000eafe  __mspabi_slli_9               
0000ebc0  __mspabi_slll                 
0000e9e8  __mspabi_slll_1               
0000e9c4  __mspabi_slll_10              
0000e9c0  __mspabi_slll_11              
0000e9bc  __mspabi_slll_12              
0000e9b8  __mspabi_slll_13              
0000e9b4  __mspabi_slll_14              
0000e9b0  __mspabi_slll_15              
0000e9e4  __mspabi_slll_2               
0000e9e0  __mspabi_slll_3               
0000e9dc  __mspabi_slll_4               
0000e9d8  __mspabi_slll_5               
0000e9d4  __mspabi_slll_6               
0000e9d0  __mspabi_slll_7               
0000e9cc  __mspabi_slll_8               
0000e9c8  __mspabi_slll_9               
0000eaba  __mspabi_srai                 
0000eae2  __mspabi_srai_1               
0000ead0  __mspabi_srai_10              
0000eace  __mspabi_srai_11              
0000eacc  __mspabi_srai_12              
0000eaca  __mspabi_srai_13              
0000eac8  __mspabi_srai_14              
0000eac6  __mspabi_srai_15              
0000eae0  __mspabi_srai_2               
0000eade  __mspabi_srai_3               
0000eadc  __mspabi_srai_4               
0000eada  __mspabi_srai_5               
0000ead8  __mspabi_srai_6               
0000ead6  __mspabi_srai_7               
0000ead4  __mspabi_srai_8               
0000ead2  __mspabi_srai_9               
0000ebb0  __mspabi_sral                 
0000e9aa  __mspabi_sral_1               
0000e986  __mspabi_sral_10              
0000e982  __mspabi_sral_11              
0000e97e  __mspabi_sral_12              
0000e97a  __mspabi_sral_13              
0000e976  __mspabi_sral_14              
0000e972  __mspabi_sral_15              
0000e9a6  __mspabi_sral_2               
0000e9a2  __mspabi_sral_3               
0000e99e  __mspabi_sral_4               
0000e99a  __mspabi_sral_5               
0000e996  __mspabi_sral_6               
0000e992  __mspabi_sral_7               
0000e98e  __mspabi_sral_8               
0000e98a  __mspabi_sral_9               
0000e85e  __mspabi_srli                 
0000e8a4  __mspabi_srli_1               
0000e880  __mspabi_srli_10              
0000e87c  __mspabi_srli_11              
0000e878  __mspabi_srli_12              
0000e874  __mspabi_srli_13              
0000e870  __mspabi_srli_14              
0000e86c  __mspabi_srli_15              
0000e8a0  __mspabi_srli_2               
0000e89c  __mspabi_srli_3               
0000e898  __mspabi_srli_4               
0000e894  __mspabi_srli_5               
0000e890  __mspabi_srli_6               
0000e88c  __mspabi_srli_7               
0000e888  __mspabi_srli_8               
0000e884  __mspabi_srli_9               
0000eb8c  __mspabi_srll                 
0000e6fe  __mspabi_srll_1               
0000e6c8  __mspabi_srll_10              
0000e6c2  __mspabi_srll_11              
0000e6bc  __mspabi_srll_12              
0000e6b6  __mspabi_srll_13              
0000e6b0  __mspabi_srll_14              
0000e6aa  __mspabi_srll_15              
0000e6f8  __mspabi_srll_2               
0000e6f2  __mspabi_srll_3               
0000e6ec  __mspabi_srll_4               
0000e6e6  __mspabi_srll_5               
0000e6e0  __mspabi_srll_6               
0000e6da  __mspabi_srll_7               
0000e6d4  __mspabi_srll_8               
0000e6ce  __mspabi_srll_9               
0000dde8  __mspabi_subf                 
0000e5d0  _auto_init                    
0000eb38  _c_int00_noargs_noexit        
0000fffe  _reset_vector                 
000003b0  _stack                        
0000ec04  _system_post_cinit            
0000ec00  _system_pre_init              
00000212  aRes                          
0000ebfa  abort                         
00000200  accelorameter_raw             
00000216  ax                            
0000021a  ay                            
0000021e  az                            
0000e762  copy_in                       
00000222  gRes                          
00000226  gx                            
0000022a  gy                            
00000206  gyroscope_raw                 
0000022e  gz                            
0000d8d8  lcdInitialise                 
0000e338  lcdLine                       
0000e706  lcdPlot                       
0000e9ee  lcdWriteCommand               
0000e8f2  lcdWriteData                  
0000ea8e  lcdWriteParameter             
00000232  mRes                          
0000020c  magnetometer_raw              
0000c000  main                          
0000eb9e  memcpy                        
00000236  mx                            
0000023a  my                            
0000023e  mz                            
00000252  received_ch                   
00000248  sensor                        
00000242  temperature                   
0000024a  test_0                        
0000024c  test_1                        
0000024e  test_2                        
00000250  whoami                        


GLOBAL SYMBOLS: SORTED BY Symbol Address 

address   name                          
-------   ----                          
00000000  IE1                           
00000001  IE2                           
00000002  IFG1                          
00000003  IFG2                          
00000010  P3REN                         
00000018  P3IN                          
00000019  P3OUT                         
0000001a  P3DIR                         
0000001b  P3SEL                         
00000020  P1IN                          
00000021  P1OUT                         
00000022  P1DIR                         
00000023  P1IFG                         
00000024  P1IES                         
00000025  P1IE                          
00000026  P1SEL                         
00000027  P1REN                         
00000028  P2IN                          
00000029  P2OUT                         
0000002a  P2DIR                         
0000002b  P2IFG                         
0000002c  P2IES                         
0000002d  P2IE                          
0000002e  P2SEL                         
0000002f  P2REN                         
00000041  P1SEL2                        
00000042  P2SEL2                        
00000043  P3SEL2                        
00000048  ADC10DTC0                     
00000049  ADC10DTC1                     
0000004a  ADC10AE0                      
00000050  __STACK_SIZE                  
00000053  BCSCTL3                       
00000056  DCOCTL                        
00000057  BCSCTL1                       
00000058  BCSCTL2                       
00000059  CACTL1                        
0000005a  CACTL2                        
0000005b  CAPD                          
0000005d  UCA0ABCTL                     
0000005e  UCA0IRTCTL                    
0000005f  UCA0IRRCTL                    
00000060  UCA0CTL0                      
00000061  UCA0CTL1                      
00000062  UCA0BR0                       
00000063  UCA0BR1                       
00000064  UCA0MCTL                      
00000065  UCA0STAT                      
00000066  UCA0RXBUF                     
00000067  UCA0TXBUF                     
00000068  UCB0CTL0                      
00000069  UCB0CTL1                      
0000006a  UCB0BR0                       
0000006b  UCB0BR1                       
0000006c  UCB0I2CIE                     
0000006d  UCB0STAT                      
0000006e  UCB0RXBUF                     
0000006f  UCB0TXBUF                     
00000118  UCB0I2COA                     
0000011a  UCB0I2CSA                     
0000011e  TA1IV                         
00000120  WDTCTL                        
00000128  FCTL1                         
0000012a  FCTL2                         
0000012c  FCTL3                         
0000012e  TA0IV                         
00000160  TA0CTL                        
00000162  TA0CCTL0                      
00000164  TA0CCTL1                      
00000166  TA0CCTL2                      
00000170  TA0R                          
00000172  TA0CCR0                       
00000174  TA0CCR1                       
00000176  TA0CCR2                       
00000180  TA1CTL                        
00000182  TA1CCTL0                      
00000184  TA1CCTL1                      
00000186  TA1CCTL2                      
00000190  TA1R                          
00000192  TA1CCR0                       
00000194  TA1CCR1                       
00000196  TA1CCR2                       
000001b0  ADC10CTL0                     
000001b2  ADC10CTL1                     
000001b4  ADC10MEM                      
000001bc  ADC10SA                       
00000200  accelorameter_raw             
00000206  gyroscope_raw                 
0000020c  magnetometer_raw              
00000212  aRes                          
00000216  ax                            
0000021a  ay                            
0000021e  az                            
00000222  gRes                          
00000226  gx                            
0000022a  gy                            
0000022e  gz                            
00000232  mRes                          
00000236  mx                            
0000023a  my                            
0000023e  mz                            
00000242  temperature                   
00000246  MagID                         
00000248  sensor                        
0000024a  test_0                        
0000024c  test_1                        
0000024e  test_2                        
00000250  whoami                        
00000252  received_ch                   
000003b0  _stack                        
00000400  __STACK_END                   
000010c0  TLV_CHECKSUM                  
000010da  TLV_ADC10_1_TAG               
000010db  TLV_ADC10_1_LEN               
000010f6  TLV_DCO_30_TAG                
000010f7  TLV_DCO_30_LEN                
000010f8  CALDCO_16MHZ                  
000010f9  CALBC1_16MHZ                  
000010fa  CALDCO_12MHZ                  
000010fb  CALBC1_12MHZ                  
000010fc  CALDCO_8MHZ                   
000010fd  CALBC1_8MHZ                   
000010fe  CALDCO_1MHZ                   
000010ff  CALBC1_1MHZ                   
0000c000  main                          
0000c544  __TI_frcdivd                  
0000c9d2  __TI_frcmpyd                  
0000ccc6  __mspabi_addd                 
0000cfae  __mspabi_mpyd                 
0000d21c  __TI_frcaddd                  
0000d47c  __mspabi_divd                 
0000d6b4  Read_Magnetometer             
0000d8d8  lcdInitialise                 
0000dad0  Read_Accelorameter            
0000dc5c  Read_Gyroscope                
0000dde8  __mspabi_subf                 
0000ddee  __mspabi_addf                 
0000df1a  Init_MPU9250                  
0000e048  __mspabi_mpyf                 
0000e10c  Init_BMX055                   
0000e1ce  __TI_renormd                  
0000e28c  __mspabi_fltlid               
0000e338  lcdLine                       
0000e3d6  __mspabi_cvtdf                
0000e462  Read_Temp                     
0000e4e0  Setup_Wake_on_Motion_Interrupt
0000e55e  __mspabi_cvtfd                
0000e5d0  _auto_init                    
0000e63e  Init_LSM9DS1                  
0000e6aa  __mspabi_srll_15              
0000e6b0  __mspabi_srll_14              
0000e6b6  __mspabi_srll_13              
0000e6bc  __mspabi_srll_12              
0000e6c2  __mspabi_srll_11              
0000e6c8  __mspabi_srll_10              
0000e6ce  __mspabi_srll_9               
0000e6d4  __mspabi_srll_8               
0000e6da  __mspabi_srll_7               
0000e6e0  __mspabi_srll_6               
0000e6e6  __mspabi_srll_5               
0000e6ec  __mspabi_srll_4               
0000e6f2  __mspabi_srll_3               
0000e6f8  __mspabi_srll_2               
0000e6fe  __mspabi_srll_1               
0000e706  lcdPlot                       
0000e762  copy_in                       
0000e7bc  Read_Magnetometer_Id          
0000e812  InitSPI                       
0000e85e  __mspabi_srli                 
0000e86c  __mspabi_srli_15              
0000e870  __mspabi_srli_14              
0000e874  __mspabi_srli_13              
0000e878  __mspabi_srli_12              
0000e87c  __mspabi_srli_11              
0000e880  __mspabi_srli_10              
0000e884  __mspabi_srli_9               
0000e888  __mspabi_srli_8               
0000e88c  __mspabi_srli_7               
0000e890  __mspabi_srli_6               
0000e894  __mspabi_srli_5               
0000e898  __mspabi_srli_4               
0000e89c  __mspabi_srli_3               
0000e8a0  __mspabi_srli_2               
0000e8a4  __mspabi_srli_1               
0000e8aa  SPI_Transceive                
0000e8f2  lcdWriteData                  
0000e934  InitDisplay                   
0000e972  __mspabi_sral_15              
0000e976  __mspabi_sral_14              
0000e97a  __mspabi_sral_13              
0000e97e  __mspabi_sral_12              
0000e982  __mspabi_sral_11              
0000e986  __mspabi_sral_10              
0000e98a  __mspabi_sral_9               
0000e98e  __mspabi_sral_8               
0000e992  __mspabi_sral_7               
0000e996  __mspabi_sral_6               
0000e99a  __mspabi_sral_5               
0000e99e  __mspabi_sral_4               
0000e9a2  __mspabi_sral_3               
0000e9a6  __mspabi_sral_2               
0000e9aa  __mspabi_sral_1               
0000e9b0  __mspabi_slll_15              
0000e9b4  __mspabi_slll_14              
0000e9b8  __mspabi_slll_13              
0000e9bc  __mspabi_slll_12              
0000e9c0  __mspabi_slll_11              
0000e9c4  __mspabi_slll_10              
0000e9c8  __mspabi_slll_9               
0000e9cc  __mspabi_slll_8               
0000e9d0  __mspabi_slll_7               
0000e9d4  __mspabi_slll_6               
0000e9d8  __mspabi_slll_5               
0000e9dc  __mspabi_slll_4               
0000e9e0  __mspabi_slll_3               
0000e9e4  __mspabi_slll_2               
0000e9e8  __mspabi_slll_1               
0000e9ee  lcdWriteCommand               
0000ea2c  __mspabi_fltif                
0000ea62  Port_1                        
0000ea8e  lcdWriteParameter             
0000eaba  __mspabi_srai                 
0000eac6  __mspabi_srai_15              
0000eac8  __mspabi_srai_14              
0000eaca  __mspabi_srai_13              
0000eacc  __mspabi_srai_12              
0000eace  __mspabi_srai_11              
0000ead0  __mspabi_srai_10              
0000ead2  __mspabi_srai_9               
0000ead4  __mspabi_srai_8               
0000ead6  __mspabi_srai_7               
0000ead8  __mspabi_srai_6               
0000eada  __mspabi_srai_5               
0000eadc  __mspabi_srai_4               
0000eade  __mspabi_srai_3               
0000eae0  __mspabi_srai_2               
0000eae2  __mspabi_srai_1               
0000eae6  __mspabi_slli                 
0000eaf2  __mspabi_slli_15              
0000eaf4  __mspabi_slli_14              
0000eaf6  __mspabi_slli_13              
0000eaf8  __mspabi_slli_12              
0000eafa  __mspabi_slli_11              
0000eafc  __mspabi_slli_10              
0000eafe  __mspabi_slli_9               
0000eb00  __mspabi_slli_8               
0000eb02  __mspabi_slli_7               
0000eb04  __mspabi_slli_6               
0000eb06  __mspabi_slli_5               
0000eb08  __mspabi_slli_4               
0000eb0a  __mspabi_slli_3               
0000eb0c  __mspabi_slli_2               
0000eb0e  __mspabi_slli_1               
0000eb12  __mspabi_mpyl                 
0000eb12  __mspabi_mpyl_sw              
0000eb38  _c_int00_noargs_noexit        
0000eb52  __TI_zero_init                
0000eb66  __mspabi_mpyi                 
0000eb66  __mspabi_mpyi_sw              
0000eb7a  SPI_Read                      
0000eb8c  __mspabi_srll                 
0000eb9e  memcpy                        
0000ebb0  __mspabi_sral                 
0000ebc0  __mspabi_slll                 
0000ebd0  __mspabi_func_epilog_7        
0000ebd2  __mspabi_func_epilog_6        
0000ebd4  __mspabi_func_epilog_5        
0000ebd6  __mspabi_func_epilog_4        
0000ebd8  __mspabi_func_epilog_3        
0000ebda  __mspabi_func_epilog_2        
0000ebdc  __mspabi_func_epilog_1        
0000ebe0  __mspabi_fltid                
0000ebec  __TI_ISR_TRAP                 
0000ebf4  SPI_Write                     
0000ebfa  C$$EXIT                       
0000ebfa  abort                         
0000ec00  _system_pre_init              
0000ec04  _system_post_cinit            
0000ec0a  __TI_Handler_Table_Base       
0000ec0c  __TI_CINIT_Base               
0000ec0c  __TI_Handler_Table_Limit      
0000ec10  __TI_CINIT_Limit              
0000ffe0  __TI_int00                    
0000ffe4  __TI_int02                    
0000ffe6  __TI_int03                    
0000ffea  __TI_int05                    
0000ffec  __TI_int06                    
0000ffee  __TI_int07                    
0000fff0  __TI_int08                    
0000fff2  __TI_int09                    
0000fff4  __TI_int10                    
0000fff6  __TI_int11                    
0000fff8  __TI_int12                    
0000fffa  __TI_int13                    
0000fffc  __TI_int14                    
0000fffe  _reset_vector                 
ffffffff  __TI_pprof_out_hndl           
ffffffff  __TI_prof_data_size           
ffffffff  __TI_prof_data_start          
ffffffff  __c_args__                    
UNDEFED   __TI_BINIT_Base               
UNDEFED   __TI_BINIT_Limit              
UNDEFED   __TI_INITARRAY_Base           
UNDEFED   __TI_INITARRAY_Limit          

[304 symbols]
