******************************************************************************
                  MSP430 Linker PC v15.12.2                    
******************************************************************************
>> Linked Thu Sep 08 11:06:06 2016

OUTPUT FILE NAME:   <SPI.out>
ENTRY POINT SYMBOL: "_c_int00_noargs_noexit"  address: 0000f0b8


MEMORY CONFIGURATION

         name            origin    length      used     unused   attr    fill
----------------------  --------  ---------  --------  --------  ----  --------
  SFR                   00000000   00000010  00000000  00000010  RWIX
  PERIPHERALS_8BIT      00000010   000000f0  00000000  000000f0  RWIX
  PERIPHERALS_16BIT     00000100   00000100  00000000  00000100  RWIX
  RAM                   00000200   00000200  000000a3  0000015d  RWIX
  INFOD                 00001000   00000040  00000000  00000040  RWIX
  INFOC                 00001040   00000040  00000000  00000040  RWIX
  INFOB                 00001080   00000040  00000000  00000040  RWIX
  INFOA                 000010c0   00000040  00000000  00000040  RWIX
  FLASH                 0000c000   00003fde  0000386e  00000770  RWIX
  BSLSIGNATURE          0000ffde   00000002  00000002  00000000  RWIX  ffff 
  INT00                 0000ffe0   00000002  00000002  00000000  RWIX
  INT01                 0000ffe2   00000002  00000000  00000002  RWIX
  INT02                 0000ffe4   00000002  00000002  00000000  RWIX
  INT03                 0000ffe6   00000002  00000002  00000000  RWIX
  INT04                 0000ffe8   00000002  00000000  00000002  RWIX
  INT05                 0000ffea   00000002  00000002  00000000  RWIX
  INT06                 0000ffec   00000002  00000002  00000000  RWIX
  INT07                 0000ffee   00000002  00000002  00000000  RWIX
  INT08                 0000fff0   00000002  00000002  00000000  RWIX
  INT09                 0000fff2   00000002  00000002  00000000  RWIX
  INT10                 0000fff4   00000002  00000002  00000000  RWIX
  INT11                 0000fff6   00000002  00000002  00000000  RWIX
  INT12                 0000fff8   00000002  00000002  00000000  RWIX
  INT13                 0000fffa   00000002  00000002  00000000  RWIX
  INT14                 0000fffc   00000002  00000002  00000000  RWIX
  RESET                 0000fffe   00000002  00000002  00000000  RWIX


SECTION ALLOCATION MAP

 output                                  attributes/
section   page    origin      length       input sections
--------  ----  ----------  ----------   ----------------
.bss       0    00000200    00000053     UNINITIALIZED
                  00000200    00000006     (.common:accelorameter_raw)
                  00000206    00000006     (.common:gyroscope_raw)
                  0000020c    00000006     (.common:magnetometer_raw)
                  00000212    00000004     (.common:aRes)
                  00000216    00000004     (.common:ax)
                  0000021a    00000004     (.common:ay)
                  0000021e    00000004     (.common:az)
                  00000222    00000004     (.common:gRes)
                  00000226    00000004     (.common:gx)
                  0000022a    00000004     (.common:gy)
                  0000022e    00000004     (.common:gz)
                  00000232    00000004     (.common:mRes)
                  00000236    00000004     (.common:mx)
                  0000023a    00000004     (.common:my)
                  0000023e    00000004     (.common:mz)
                  00000242    00000004     (.common:temperature)
                  00000246    00000002     (.common:MagID)
                  00000248    00000002     (.common:sensor)
                  0000024a    00000002     (.common:test_0)
                  0000024c    00000002     (.common:test_1)
                  0000024e    00000002     (.common:test_2)
                  00000250    00000002     (.common:whoami)
                  00000252    00000001     (.common:received_ch)

.stack     0    000003b0    00000050     UNINITIALIZED
                  000003b0    00000002     rts430_eabi.lib : boot.obj (.stack)
                  000003b2    0000004e     --HOLE--

.text      0    0000c000    000031ec     
                  0000c000    000005b6     main.obj (.text:main)
                  0000c5b6    0000048e     rts430_eabi.lib : frcdivd.obj (.text:__TI_frcdivd)
                  0000ca44    000002f4                     : frcmpyd.obj (.text:__TI_frcmpyd)
                  0000cd38    000002e8                     : addd.obj (.text:__mspabi_addd)
                  0000d020    0000026e                     : mpyd.obj (.text:__mspabi_mpyd)
                  0000d28e    00000260                     : frcaddd.obj (.text:__TI_frcaddd)
                  0000d4ee    00000238                     : divd.obj (.text:__mspabi_divd)
                  0000d726    000001f4     ili9163lcd.obj (.text:lcdInitialise)
                  0000d91a    000001d0     main.obj (.text:Read_Magnetometer)
                  0000daea    00000190     main.obj (.text:Read_Gyroscope)
                  0000dc7a    00000180     main.obj (.text:String_number_rightify)
                  0000ddfa    0000015c     main.obj (.text:Read_Accelorameter)
                  0000df56    00000132     rts430_eabi.lib : fs_add.obj (.text)
                  0000e088    00000116                     : _printfi_min.obj (.text:_setfield)
                  0000e19e    000000fc     main.obj (.text:Init_MPU9250)
                  0000e29a    000000e6     rts430_eabi.lib : _printfi_min.obj (.text:__TI_printfi_minimal)
                  0000e380    000000c8                     : _printfi_min.obj (.text:_pproc_diouxp)
                  0000e448    000000c4                     : fs_mpy.obj (.text)
                  0000e50c    000000be                     : renormd.obj (.text:__TI_renormd)
                  0000e5ca    000000b8     main.obj (.text:Init_BMX055)
                  0000e682    000000ac     rts430_eabi.lib : fltlid.obj (.text:__mspabi_fltlid)
                  0000e72e    000000a4     ili9163lcd.obj (.text:lcdPutCh)
                  0000e7d2    00000092     main.obj (.text:Init_BMI160)
                  0000e864    0000008c     rts430_eabi.lib : cvtdf.obj (.text:__mspabi_cvtdf)
                  0000e8f0    00000072                     : cvtfd.obj (.text:__mspabi_cvtfd)
                  0000e962    0000006e                     : autoinit.obj (.text:_auto_init)
                  0000e9d0    0000006a     main.obj (.text:Init_LSM9DS1)
                  0000ea3a    0000006a     main.obj (.text:Read_Temp)
                  0000eaa4    0000006a     main.obj (.text:Setup_Wake_on_Motion_Interrupt)
                  0000eb0e    00000068     rts430_eabi.lib : fs_toi.obj (.text)
                  0000eb76    0000005c                     : lsr32.obj (.text:l_lsr_const)
                  0000ebd2    0000005c     ili9163lcd.obj (.text:lcdPutS)
                  0000ec2e    0000005a     main.obj (.text:Read_Magnetometer_Id)
                  0000ec88    0000005a     rts430_eabi.lib : cpy_tbl.obj (.text:copy_in)
                  0000ece2    00000052     ili9163lcd.obj (.text:lcdWriteData)
                  0000ed34    0000004e     ili9163lcd.obj (.text:lcdClearDisplay)
                  0000ed82    0000004c     main.obj (.text:InitSPI)
                  0000edce    0000004c     main.obj (.text:SPI_Transceive)
                  0000ee1a    0000004c     rts430_eabi.lib : lsr16.obj (.text)
                  0000ee66    00000042     main.obj (.text:InitDisplay)
                  0000eea8    0000003e     rts430_eabi.lib : asr32.obj (.text:l_asr_const)
                  0000eee6    0000003e                     : lsl32.obj (.text:l_lsl_const)
                  0000ef24    0000003c     ili9163lcd.obj (.text:lcdWriteCommand)
                  0000ef60    0000003c     ili9163lcd.obj (.text:lcdWriteParameter)
                  0000ef9c    00000038     rts430_eabi.lib : sprintf.obj (.text:sprintf)
                  0000efd4    00000036                     : fs_itof.obj (.text)
                  0000f00a    00000030     main.obj (.text:Port_1)
                  0000f03a    0000002c     rts430_eabi.lib : asr16.obj (.text)
                  0000f066    0000002c                     : lsl16.obj (.text)
                  0000f092    00000026                     : mult32.obj (.text)
                  0000f0b8    0000001a                     : boot_special.obj (.text:_c_int00_noargs_noexit)
                  0000f0d2    0000001a                     : sprintf.obj (.text:_outs)
                  0000f0ec    0000001a                     : memccpy.obj (.text:memccpy)
                  0000f106    00000016                     : div16u.obj (.text)
                  0000f11c    00000014                     : copy_zero_init.obj (.text:decompress:ZI:__TI_zero_init)
                  0000f130    00000014                     : memset.obj (.text:memset)
                  0000f144    00000014                     : mult16.obj (.text)
                  0000f158    00000012                     : sprintf.obj (.text:_outc)
                  0000f16a    00000012                     : lsr32.obj (.text:l_lsr)
                  0000f17c    00000012                     : memcpy.obj (.text:memcpy)
                  0000f18e    00000010                     : asr32.obj (.text:l_asr)
                  0000f19e    00000010                     : lsl32.obj (.text:l_lsl)
                  0000f1ae    00000010                     : epilog.obj (.text)
                  0000f1be    0000000e                     : strlen.obj (.text:strlen)
                  0000f1cc    0000000c                     : fltid.obj (.text:__mspabi_fltid)
                  0000f1d8    00000008                     : isr_trap.obj (.text:_isr:__TI_ISR_TRAP)
                  0000f1e0    00000006                     : exit.obj (.text:abort)
                  0000f1e6    00000004                     : pre_init.obj (.text:_system_pre_init)
                  0000f1ea    00000002                     : startup.obj (.text:_system_post_cinit)

.const     0    0000f1ec    00000678     
                  0000f1ec    00000600     ili9163lcd.obj (.const:font5x8)
                  0000f7ec    00000064     main.obj (.const:.string)
                  0000f850    00000014     rts430_eabi.lib : _printfi_min.obj (.const:.string)

.cinit     0    0000f864    0000000a     
                  0000f864    00000004     (.cinit..bss.load) [load image, compression = zero_init]
                  0000f868    00000002     (__TI_handler_table)
                  0000f86a    00000004     (__TI_cinit_table)

.init_array 
*          0    0000c000    00000000     UNINITIALIZED

TRAPINT    0    0000ffe0    00000002     
                  0000ffe0    00000002     rts430_eabi.lib : int00.obj (.int00)

PORT1      0    0000ffe4    00000002     
                  0000ffe4    00000002     main.obj (.int02)

PORT2      0    0000ffe6    00000002     
                  0000ffe6    00000002     rts430_eabi.lib : int03.obj (.int03)

$fill000   0    0000ffde    00000002     
                  0000ffde    00000002     --HOLE-- [fill = ffff]

ADC10      0    0000ffea    00000002     
                  0000ffea    00000002     rts430_eabi.lib : int05.obj (.int05)

USCIAB0TX 
*          0    0000ffec    00000002     
                  0000ffec    00000002     rts430_eabi.lib : int06.obj (.int06)

USCIAB0RX 
*          0    0000ffee    00000002     
                  0000ffee    00000002     rts430_eabi.lib : int07.obj (.int07)

TIMER0_A1 
*          0    0000fff0    00000002     
                  0000fff0    00000002     rts430_eabi.lib : int08.obj (.int08)

TIMER0_A0 
*          0    0000fff2    00000002     
                  0000fff2    00000002     rts430_eabi.lib : int09.obj (.int09)

WDT        0    0000fff4    00000002     
                  0000fff4    00000002     rts430_eabi.lib : int10.obj (.int10)

COMPARATORA 
*          0    0000fff6    00000002     
                  0000fff6    00000002     rts430_eabi.lib : int11.obj (.int11)

TIMER1_A1 
*          0    0000fff8    00000002     
                  0000fff8    00000002     rts430_eabi.lib : int12.obj (.int12)

TIMER1_A0 
*          0    0000fffa    00000002     
                  0000fffa    00000002     rts430_eabi.lib : int13.obj (.int13)

NMI        0    0000fffc    00000002     
                  0000fffc    00000002     rts430_eabi.lib : int14.obj (.int14)

.reset     0    0000fffe    00000002     
                  0000fffe    00000002     rts430_eabi.lib : boot.obj (.reset)

MODULE SUMMARY

       Module               code    ro data   rw data
       ------               ----    -------   -------
    .\
       main.obj             4314    102       0      
       ili9163lcd.obj       1036    1536      83     
    +--+--------------------+-------+---------+---------+
       Total:               5350    1638      83     
                                                     
    D:\Software\TI\ccsv6\tools\compiler\msp430_15.12.2.LTS\lib\rts430_eabi.lib
       frcdivd.obj          1166    0         0      
       frcmpyd.obj          756     0         0      
       addd.obj             744     0         0      
       _printfi_min.obj     708     20        0      
       mpyd.obj             622     0         0      
       frcaddd.obj          608     0         0      
       divd.obj             568     0         0      
       fs_add.obj           306     0         0      
       fs_mpy.obj           196     0         0      
       renormd.obj          190     0         0      
       fltlid.obj           172     0         0      
       cvtdf.obj            140     0         0      
       cvtfd.obj            114     0         0      
       autoinit.obj         110     0         0      
       lsr32.obj            110     0         0      
       fs_toi.obj           104     0         0      
       sprintf.obj          100     0         0      
       cpy_tbl.obj          90      0         0      
       asr32.obj            78      0         0      
       lsl32.obj            78      0         0      
       lsr16.obj            76      0         0      
       fs_itof.obj          54      0         0      
       asr16.obj            44      0         0      
       lsl16.obj            44      0         0      
       mult32.obj           38      0         0      
       boot_special.obj     26      0         0      
       memccpy.obj          26      0         0      
       div16u.obj           22      0         0      
       copy_zero_init.obj   20      0         0      
       memset.obj           20      0         0      
       mult16.obj           20      0         0      
       memcpy.obj           18      0         0      
       epilog.obj           16      0         0      
       strlen.obj           14      0         0      
       fltid.obj            12      0         0      
       isr_trap.obj         8       0         0      
       exit.obj             6       0         0      
       pre_init.obj         4       0         0      
       boot.obj             0       2         0      
       int00.obj            0       2         0      
       int03.obj            0       2         0      
       int05.obj            0       2         0      
       int06.obj            0       2         0      
       int07.obj            0       2         0      
       int08.obj            0       2         0      
       int09.obj            0       2         0      
       int10.obj            0       2         0      
       int11.obj            0       2         0      
       int12.obj            0       2         0      
       int13.obj            0       2         0      
       int14.obj            0       2         0      
       startup.obj          2       0         0      
    +--+--------------------+-------+---------+---------+
       Total:               7430    46        0      
                                                     
       Stack:               0       0         80     
       Linker Generated:    0       10        0      
    +--+--------------------+-------+---------+---------+
       Grand Total:         12780   1694      163    


LINKER GENERATED COPY TABLES

__TI_cinit_table @ 0000f86a records: 1, size/record: 4, table size: 4
	.bss: load addr=0000f864, load size=00000004 bytes, run addr=00000200, run size=00000053 bytes, compression=zero_init


LINKER GENERATED HANDLER TABLE

__TI_handler_table @ 0000f868 records: 1, size/record: 2, table size: 2
	index: 0, handler: __TI_zero_init


GLOBAL SYMBOLS: SORTED ALPHABETICALLY BY Name 

address   name                          
-------   ----                          
0000004a  ADC10AE0                      
000001b0  ADC10CTL0                     
000001b2  ADC10CTL1                     
00000048  ADC10DTC0                     
00000049  ADC10DTC1                     
000001b4  ADC10MEM                      
000001bc  ADC10SA                       
00000057  BCSCTL1                       
00000058  BCSCTL2                       
00000053  BCSCTL3                       
0000f1e0  C$$EXIT                       
00000059  CACTL1                        
0000005a  CACTL2                        
000010fb  CALBC1_12MHZ                  
000010f9  CALBC1_16MHZ                  
000010ff  CALBC1_1MHZ                   
000010fd  CALBC1_8MHZ                   
000010fa  CALDCO_12MHZ                  
000010f8  CALDCO_16MHZ                  
000010fe  CALDCO_1MHZ                   
000010fc  CALDCO_8MHZ                   
0000005b  CAPD                          
00000056  DCOCTL                        
00000128  FCTL1                         
0000012a  FCTL2                         
0000012c  FCTL3                         
00000000  IE1                           
00000001  IE2                           
00000002  IFG1                          
00000003  IFG2                          
0000ee66  InitDisplay                   
0000ed82  InitSPI                       
0000e7d2  Init_BMI160                   
0000e5ca  Init_BMX055                   
0000e9d0  Init_LSM9DS1                  
0000e19e  Init_MPU9250                  
00000246  MagID                         
00000022  P1DIR                         
00000025  P1IE                          
00000024  P1IES                         
00000023  P1IFG                         
00000020  P1IN                          
00000021  P1OUT                         
00000027  P1REN                         
00000026  P1SEL                         
00000041  P1SEL2                        
0000002a  P2DIR                         
0000002d  P2IE                          
0000002c  P2IES                         
0000002b  P2IFG                         
00000028  P2IN                          
00000029  P2OUT                         
0000002f  P2REN                         
0000002e  P2SEL                         
00000042  P2SEL2                        
0000001a  P3DIR                         
00000018  P3IN                          
00000019  P3OUT                         
00000010  P3REN                         
0000001b  P3SEL                         
00000043  P3SEL2                        
0000f00a  Port_1                        
0000ddfa  Read_Accelorameter            
0000daea  Read_Gyroscope                
0000d91a  Read_Magnetometer             
0000ec2e  Read_Magnetometer_Id          
0000ea3a  Read_Temp                     
0000edce  SPI_Transceive                
0000eaa4  Setup_Wake_on_Motion_Interrupt
0000dc7a  String_number_rightify        
00000172  TA0CCR0                       
00000174  TA0CCR1                       
00000176  TA0CCR2                       
00000162  TA0CCTL0                      
00000164  TA0CCTL1                      
00000166  TA0CCTL2                      
00000160  TA0CTL                        
0000012e  TA0IV                         
00000170  TA0R                          
00000192  TA1CCR0                       
00000194  TA1CCR1                       
00000196  TA1CCR2                       
00000182  TA1CCTL0                      
00000184  TA1CCTL1                      
00000186  TA1CCTL2                      
00000180  TA1CTL                        
0000011e  TA1IV                         
00000190  TA1R                          
000010db  TLV_ADC10_1_LEN               
000010da  TLV_ADC10_1_TAG               
000010c0  TLV_CHECKSUM                  
000010f7  TLV_DCO_30_LEN                
000010f6  TLV_DCO_30_TAG                
0000005d  UCA0ABCTL                     
00000062  UCA0BR0                       
00000063  UCA0BR1                       
00000060  UCA0CTL0                      
00000061  UCA0CTL1                      
0000005f  UCA0IRRCTL                    
0000005e  UCA0IRTCTL                    
00000064  UCA0MCTL                      
00000066  UCA0RXBUF                     
00000065  UCA0STAT                      
00000067  UCA0TXBUF                     
0000006a  UCB0BR0                       
0000006b  UCB0BR1                       
00000068  UCB0CTL0                      
00000069  UCB0CTL1                      
0000006c  UCB0I2CIE                     
00000118  UCB0I2COA                     
0000011a  UCB0I2CSA                     
0000006e  UCB0RXBUF                     
0000006d  UCB0STAT                      
0000006f  UCB0TXBUF                     
00000120  WDTCTL                        
00000400  __STACK_END                   
00000050  __STACK_SIZE                  
UNDEFED   __TI_BINIT_Base               
UNDEFED   __TI_BINIT_Limit              
0000f86a  __TI_CINIT_Base               
0000f86e  __TI_CINIT_Limit              
0000f868  __TI_Handler_Table_Base       
0000f86a  __TI_Handler_Table_Limit      
UNDEFED   __TI_INITARRAY_Base           
UNDEFED   __TI_INITARRAY_Limit          
0000f1d8  __TI_ISR_TRAP                 
0000d28e  __TI_frcaddd                  
0000c5b6  __TI_frcdivd                  
0000ca44  __TI_frcmpyd                  
0000ffe0  __TI_int00                    
0000ffe4  __TI_int02                    
0000ffe6  __TI_int03                    
0000ffea  __TI_int05                    
0000ffec  __TI_int06                    
0000ffee  __TI_int07                    
0000fff0  __TI_int08                    
0000fff2  __TI_int09                    
0000fff4  __TI_int10                    
0000fff6  __TI_int11                    
0000fff8  __TI_int12                    
0000fffa  __TI_int13                    
0000fffc  __TI_int14                    
ffffffff  __TI_pprof_out_hndl           
0000e29a  __TI_printfi_minimal          
ffffffff  __TI_prof_data_size           
ffffffff  __TI_prof_data_start          
0000e50c  __TI_renormd                  
0000f11c  __TI_zero_init                
ffffffff  __c_args__                    
0000cd38  __mspabi_addd                 
0000df5c  __mspabi_addf                 
0000e864  __mspabi_cvtdf                
0000e8f0  __mspabi_cvtfd                
0000d4ee  __mspabi_divd                 
0000f106  __mspabi_divu                 
0000eb0e  __mspabi_fixfi                
0000f1cc  __mspabi_fltid                
0000efd4  __mspabi_fltif                
0000e682  __mspabi_fltlid               
0000f1ba  __mspabi_func_epilog_1        
0000f1b8  __mspabi_func_epilog_2        
0000f1b6  __mspabi_func_epilog_3        
0000f1b4  __mspabi_func_epilog_4        
0000f1b2  __mspabi_func_epilog_5        
0000f1b0  __mspabi_func_epilog_6        
0000f1ae  __mspabi_func_epilog_7        
0000d020  __mspabi_mpyd                 
0000e448  __mspabi_mpyf                 
0000f144  __mspabi_mpyi                 
0000f144  __mspabi_mpyi_sw              
0000f092  __mspabi_mpyl                 
0000f092  __mspabi_mpyl_sw              
0000f106  __mspabi_remu                 
0000f066  __mspabi_slli                 
0000f08e  __mspabi_slli_1               
0000f07c  __mspabi_slli_10              
0000f07a  __mspabi_slli_11              
0000f078  __mspabi_slli_12              
0000f076  __mspabi_slli_13              
0000f074  __mspabi_slli_14              
0000f072  __mspabi_slli_15              
0000f08c  __mspabi_slli_2               
0000f08a  __mspabi_slli_3               
0000f088  __mspabi_slli_4               
0000f086  __mspabi_slli_5               
0000f084  __mspabi_slli_6               
0000f082  __mspabi_slli_7               
0000f080  __mspabi_slli_8               
0000f07e  __mspabi_slli_9               
0000f19e  __mspabi_slll                 
0000ef1e  __mspabi_slll_1               
0000eefa  __mspabi_slll_10              
0000eef6  __mspabi_slll_11              
0000eef2  __mspabi_slll_12              
0000eeee  __mspabi_slll_13              
0000eeea  __mspabi_slll_14              
0000eee6  __mspabi_slll_15              
0000ef1a  __mspabi_slll_2               
0000ef16  __mspabi_slll_3               
0000ef12  __mspabi_slll_4               
0000ef0e  __mspabi_slll_5               
0000ef0a  __mspabi_slll_6               
0000ef06  __mspabi_slll_7               
0000ef02  __mspabi_slll_8               
0000eefe  __mspabi_slll_9               
0000f03a  __mspabi_srai                 
0000f062  __mspabi_srai_1               
0000f050  __mspabi_srai_10              
0000f04e  __mspabi_srai_11              
0000f04c  __mspabi_srai_12              
0000f04a  __mspabi_srai_13              
0000f048  __mspabi_srai_14              
0000f046  __mspabi_srai_15              
0000f060  __mspabi_srai_2               
0000f05e  __mspabi_srai_3               
0000f05c  __mspabi_srai_4               
0000f05a  __mspabi_srai_5               
0000f058  __mspabi_srai_6               
0000f056  __mspabi_srai_7               
0000f054  __mspabi_srai_8               
0000f052  __mspabi_srai_9               
0000f18e  __mspabi_sral                 
0000eee0  __mspabi_sral_1               
0000eebc  __mspabi_sral_10              
0000eeb8  __mspabi_sral_11              
0000eeb4  __mspabi_sral_12              
0000eeb0  __mspabi_sral_13              
0000eeac  __mspabi_sral_14              
0000eea8  __mspabi_sral_15              
0000eedc  __mspabi_sral_2               
0000eed8  __mspabi_sral_3               
0000eed4  __mspabi_sral_4               
0000eed0  __mspabi_sral_5               
0000eecc  __mspabi_sral_6               
0000eec8  __mspabi_sral_7               
0000eec4  __mspabi_sral_8               
0000eec0  __mspabi_sral_9               
0000ee1a  __mspabi_srli                 
0000ee60  __mspabi_srli_1               
0000ee3c  __mspabi_srli_10              
0000ee38  __mspabi_srli_11              
0000ee34  __mspabi_srli_12              
0000ee30  __mspabi_srli_13              
0000ee2c  __mspabi_srli_14              
0000ee28  __mspabi_srli_15              
0000ee5c  __mspabi_srli_2               
0000ee58  __mspabi_srli_3               
0000ee54  __mspabi_srli_4               
0000ee50  __mspabi_srli_5               
0000ee4c  __mspabi_srli_6               
0000ee48  __mspabi_srli_7               
0000ee44  __mspabi_srli_8               
0000ee40  __mspabi_srli_9               
0000f16a  __mspabi_srll                 
0000ebca  __mspabi_srll_1               
0000eb94  __mspabi_srll_10              
0000eb8e  __mspabi_srll_11              
0000eb88  __mspabi_srll_12              
0000eb82  __mspabi_srll_13              
0000eb7c  __mspabi_srll_14              
0000eb76  __mspabi_srll_15              
0000ebc4  __mspabi_srll_2               
0000ebbe  __mspabi_srll_3               
0000ebb8  __mspabi_srll_4               
0000ebb2  __mspabi_srll_5               
0000ebac  __mspabi_srll_6               
0000eba6  __mspabi_srll_7               
0000eba0  __mspabi_srll_8               
0000eb9a  __mspabi_srll_9               
0000df56  __mspabi_subf                 
0000e962  _auto_init                    
0000f0b8  _c_int00_noargs_noexit        
0000fffe  _reset_vector                 
000003b0  _stack                        
0000f1ea  _system_post_cinit            
0000f1e6  _system_pre_init              
00000212  aRes                          
0000f1e0  abort                         
00000200  accelorameter_raw             
00000216  ax                            
0000021a  ay                            
0000021e  az                            
0000ec88  copy_in                       
0000f1ec  font5x8                       
00000222  gRes                          
00000226  gx                            
0000022a  gy                            
00000206  gyroscope_raw                 
0000022e  gz                            
0000ed34  lcdClearDisplay               
0000d726  lcdInitialise                 
0000e72e  lcdPutCh                      
0000ebd2  lcdPutS                       
0000ef24  lcdWriteCommand               
0000ece2  lcdWriteData                  
0000ef60  lcdWriteParameter             
00000232  mRes                          
0000020c  magnetometer_raw              
0000c000  main                          
0000f0ec  memccpy                       
0000f17c  memcpy                        
0000f130  memset                        
00000236  mx                            
0000023a  my                            
0000023e  mz                            
00000252  received_ch                   
00000248  sensor                        
0000ef9c  sprintf                       
0000f1be  strlen                        
00000242  temperature                   
0000024a  test_0                        
0000024c  test_1                        
0000024e  test_2                        
00000250  whoami                        


GLOBAL SYMBOLS: SORTED BY Symbol Address 

address   name                          
-------   ----                          
00000000  IE1                           
00000001  IE2                           
00000002  IFG1                          
00000003  IFG2                          
00000010  P3REN                         
00000018  P3IN                          
00000019  P3OUT                         
0000001a  P3DIR                         
0000001b  P3SEL                         
00000020  P1IN                          
00000021  P1OUT                         
00000022  P1DIR                         
00000023  P1IFG                         
00000024  P1IES                         
00000025  P1IE                          
00000026  P1SEL                         
00000027  P1REN                         
00000028  P2IN                          
00000029  P2OUT                         
0000002a  P2DIR                         
0000002b  P2IFG                         
0000002c  P2IES                         
0000002d  P2IE                          
0000002e  P2SEL                         
0000002f  P2REN                         
00000041  P1SEL2                        
00000042  P2SEL2                        
00000043  P3SEL2                        
00000048  ADC10DTC0                     
00000049  ADC10DTC1                     
0000004a  ADC10AE0                      
00000050  __STACK_SIZE                  
00000053  BCSCTL3                       
00000056  DCOCTL                        
00000057  BCSCTL1                       
00000058  BCSCTL2                       
00000059  CACTL1                        
0000005a  CACTL2                        
0000005b  CAPD                          
0000005d  UCA0ABCTL                     
0000005e  UCA0IRTCTL                    
0000005f  UCA0IRRCTL                    
00000060  UCA0CTL0                      
00000061  UCA0CTL1                      
00000062  UCA0BR0                       
00000063  UCA0BR1                       
00000064  UCA0MCTL                      
00000065  UCA0STAT                      
00000066  UCA0RXBUF                     
00000067  UCA0TXBUF                     
00000068  UCB0CTL0                      
00000069  UCB0CTL1                      
0000006a  UCB0BR0                       
0000006b  UCB0BR1                       
0000006c  UCB0I2CIE                     
0000006d  UCB0STAT                      
0000006e  UCB0RXBUF                     
0000006f  UCB0TXBUF                     
00000118  UCB0I2COA                     
0000011a  UCB0I2CSA                     
0000011e  TA1IV                         
00000120  WDTCTL                        
00000128  FCTL1                         
0000012a  FCTL2                         
0000012c  FCTL3                         
0000012e  TA0IV                         
00000160  TA0CTL                        
00000162  TA0CCTL0                      
00000164  TA0CCTL1                      
00000166  TA0CCTL2                      
00000170  TA0R                          
00000172  TA0CCR0                       
00000174  TA0CCR1                       
00000176  TA0CCR2                       
00000180  TA1CTL                        
00000182  TA1CCTL0                      
00000184  TA1CCTL1                      
00000186  TA1CCTL2                      
00000190  TA1R                          
00000192  TA1CCR0                       
00000194  TA1CCR1                       
00000196  TA1CCR2                       
000001b0  ADC10CTL0                     
000001b2  ADC10CTL1                     
000001b4  ADC10MEM                      
000001bc  ADC10SA                       
00000200  accelorameter_raw             
00000206  gyroscope_raw                 
0000020c  magnetometer_raw              
00000212  aRes                          
00000216  ax                            
0000021a  ay                            
0000021e  az                            
00000222  gRes                          
00000226  gx                            
0000022a  gy                            
0000022e  gz                            
00000232  mRes                          
00000236  mx                            
0000023a  my                            
0000023e  mz                            
00000242  temperature                   
00000246  MagID                         
00000248  sensor                        
0000024a  test_0                        
0000024c  test_1                        
0000024e  test_2                        
00000250  whoami                        
00000252  received_ch                   
000003b0  _stack                        
00000400  __STACK_END                   
000010c0  TLV_CHECKSUM                  
000010da  TLV_ADC10_1_TAG               
000010db  TLV_ADC10_1_LEN               
000010f6  TLV_DCO_30_TAG                
000010f7  TLV_DCO_30_LEN                
000010f8  CALDCO_16MHZ                  
000010f9  CALBC1_16MHZ                  
000010fa  CALDCO_12MHZ                  
000010fb  CALBC1_12MHZ                  
000010fc  CALDCO_8MHZ                   
000010fd  CALBC1_8MHZ                   
000010fe  CALDCO_1MHZ                   
000010ff  CALBC1_1MHZ                   
0000c000  main                          
0000c5b6  __TI_frcdivd                  
0000ca44  __TI_frcmpyd                  
0000cd38  __mspabi_addd                 
0000d020  __mspabi_mpyd                 
0000d28e  __TI_frcaddd                  
0000d4ee  __mspabi_divd                 
0000d726  lcdInitialise                 
0000d91a  Read_Magnetometer             
0000daea  Read_Gyroscope                
0000dc7a  String_number_rightify        
0000ddfa  Read_Accelorameter            
0000df56  __mspabi_subf                 
0000df5c  __mspabi_addf                 
0000e19e  Init_MPU9250                  
0000e29a  __TI_printfi_minimal          
0000e448  __mspabi_mpyf                 
0000e50c  __TI_renormd                  
0000e5ca  Init_BMX055                   
0000e682  __mspabi_fltlid               
0000e72e  lcdPutCh                      
0000e7d2  Init_BMI160                   
0000e864  __mspabi_cvtdf                
0000e8f0  __mspabi_cvtfd                
0000e962  _auto_init                    
0000e9d0  Init_LSM9DS1                  
0000ea3a  Read_Temp                     
0000eaa4  Setup_Wake_on_Motion_Interrupt
0000eb0e  __mspabi_fixfi                
0000eb76  __mspabi_srll_15              
0000eb7c  __mspabi_srll_14              
0000eb82  __mspabi_srll_13              
0000eb88  __mspabi_srll_12              
0000eb8e  __mspabi_srll_11              
0000eb94  __mspabi_srll_10              
0000eb9a  __mspabi_srll_9               
0000eba0  __mspabi_srll_8               
0000eba6  __mspabi_srll_7               
0000ebac  __mspabi_srll_6               
0000ebb2  __mspabi_srll_5               
0000ebb8  __mspabi_srll_4               
0000ebbe  __mspabi_srll_3               
0000ebc4  __mspabi_srll_2               
0000ebca  __mspabi_srll_1               
0000ebd2  lcdPutS                       
0000ec2e  Read_Magnetometer_Id          
0000ec88  copy_in                       
0000ece2  lcdWriteData                  
0000ed34  lcdClearDisplay               
0000ed82  InitSPI                       
0000edce  SPI_Transceive                
0000ee1a  __mspabi_srli                 
0000ee28  __mspabi_srli_15              
0000ee2c  __mspabi_srli_14              
0000ee30  __mspabi_srli_13              
0000ee34  __mspabi_srli_12              
0000ee38  __mspabi_srli_11              
0000ee3c  __mspabi_srli_10              
0000ee40  __mspabi_srli_9               
0000ee44  __mspabi_srli_8               
0000ee48  __mspabi_srli_7               
0000ee4c  __mspabi_srli_6               
0000ee50  __mspabi_srli_5               
0000ee54  __mspabi_srli_4               
0000ee58  __mspabi_srli_3               
0000ee5c  __mspabi_srli_2               
0000ee60  __mspabi_srli_1               
0000ee66  InitDisplay                   
0000eea8  __mspabi_sral_15              
0000eeac  __mspabi_sral_14              
0000eeb0  __mspabi_sral_13              
0000eeb4  __mspabi_sral_12              
0000eeb8  __mspabi_sral_11              
0000eebc  __mspabi_sral_10              
0000eec0  __mspabi_sral_9               
0000eec4  __mspabi_sral_8               
0000eec8  __mspabi_sral_7               
0000eecc  __mspabi_sral_6               
0000eed0  __mspabi_sral_5               
0000eed4  __mspabi_sral_4               
0000eed8  __mspabi_sral_3               
0000eedc  __mspabi_sral_2               
0000eee0  __mspabi_sral_1               
0000eee6  __mspabi_slll_15              
0000eeea  __mspabi_slll_14              
0000eeee  __mspabi_slll_13              
0000eef2  __mspabi_slll_12              
0000eef6  __mspabi_slll_11              
0000eefa  __mspabi_slll_10              
0000eefe  __mspabi_slll_9               
0000ef02  __mspabi_slll_8               
0000ef06  __mspabi_slll_7               
0000ef0a  __mspabi_slll_6               
0000ef0e  __mspabi_slll_5               
0000ef12  __mspabi_slll_4               
0000ef16  __mspabi_slll_3               
0000ef1a  __mspabi_slll_2               
0000ef1e  __mspabi_slll_1               
0000ef24  lcdWriteCommand               
0000ef60  lcdWriteParameter             
0000ef9c  sprintf                       
0000efd4  __mspabi_fltif                
0000f00a  Port_1                        
0000f03a  __mspabi_srai                 
0000f046  __mspabi_srai_15              
0000f048  __mspabi_srai_14              
0000f04a  __mspabi_srai_13              
0000f04c  __mspabi_srai_12              
0000f04e  __mspabi_srai_11              
0000f050  __mspabi_srai_10              
0000f052  __mspabi_srai_9               
0000f054  __mspabi_srai_8               
0000f056  __mspabi_srai_7               
0000f058  __mspabi_srai_6               
0000f05a  __mspabi_srai_5               
0000f05c  __mspabi_srai_4               
0000f05e  __mspabi_srai_3               
0000f060  __mspabi_srai_2               
0000f062  __mspabi_srai_1               
0000f066  __mspabi_slli                 
0000f072  __mspabi_slli_15              
0000f074  __mspabi_slli_14              
0000f076  __mspabi_slli_13              
0000f078  __mspabi_slli_12              
0000f07a  __mspabi_slli_11              
0000f07c  __mspabi_slli_10              
0000f07e  __mspabi_slli_9               
0000f080  __mspabi_slli_8               
0000f082  __mspabi_slli_7               
0000f084  __mspabi_slli_6               
0000f086  __mspabi_slli_5               
0000f088  __mspabi_slli_4               
0000f08a  __mspabi_slli_3               
0000f08c  __mspabi_slli_2               
0000f08e  __mspabi_slli_1               
0000f092  __mspabi_mpyl                 
0000f092  __mspabi_mpyl_sw              
0000f0b8  _c_int00_noargs_noexit        
0000f0ec  memccpy                       
0000f106  __mspabi_divu                 
0000f106  __mspabi_remu                 
0000f11c  __TI_zero_init                
0000f130  memset                        
0000f144  __mspabi_mpyi                 
0000f144  __mspabi_mpyi_sw              
0000f16a  __mspabi_srll                 
0000f17c  memcpy                        
0000f18e  __mspabi_sral                 
0000f19e  __mspabi_slll                 
0000f1ae  __mspabi_func_epilog_7        
0000f1b0  __mspabi_func_epilog_6        
0000f1b2  __mspabi_func_epilog_5        
0000f1b4  __mspabi_func_epilog_4        
0000f1b6  __mspabi_func_epilog_3        
0000f1b8  __mspabi_func_epilog_2        
0000f1ba  __mspabi_func_epilog_1        
0000f1be  strlen                        
0000f1cc  __mspabi_fltid                
0000f1d8  __TI_ISR_TRAP                 
0000f1e0  C$$EXIT                       
0000f1e0  abort                         
0000f1e6  _system_pre_init              
0000f1ea  _system_post_cinit            
0000f1ec  font5x8                       
0000f868  __TI_Handler_Table_Base       
0000f86a  __TI_CINIT_Base               
0000f86a  __TI_Handler_Table_Limit      
0000f86e  __TI_CINIT_Limit              
0000ffe0  __TI_int00                    
0000ffe4  __TI_int02                    
0000ffe6  __TI_int03                    
0000ffea  __TI_int05                    
0000ffec  __TI_int06                    
0000ffee  __TI_int07                    
0000fff0  __TI_int08                    
0000fff2  __TI_int09                    
0000fff4  __TI_int10                    
0000fff6  __TI_int11                    
0000fff8  __TI_int12                    
0000fffa  __TI_int13                    
0000fffc  __TI_int14                    
0000fffe  _reset_vector                 
ffffffff  __TI_pprof_out_hndl           
ffffffff  __TI_prof_data_size           
ffffffff  __TI_prof_data_start          
ffffffff  __c_args__                    
UNDEFED   __TI_BINIT_Base               
UNDEFED   __TI_BINIT_Limit              
UNDEFED   __TI_INITARRAY_Base           
UNDEFED   __TI_INITARRAY_Limit          

[314 symbols]
