******************************************************************************
                  MSP430 Linker PC v15.12.2                    
******************************************************************************
>> Linked Tue Aug 30 20:08:16 2016

OUTPUT FILE NAME:   <SPI.out>
ENTRY POINT SYMBOL: "_c_int00_noargs_noexit"  address: 0000e77c


MEMORY CONFIGURATION

         name            origin    length      used     unused   attr    fill
----------------------  --------  ---------  --------  --------  ----  --------
  SFR                   00000000   00000010  00000000  00000010  RWIX
  PERIPHERALS_8BIT      00000010   000000f0  00000000  000000f0  RWIX
  PERIPHERALS_16BIT     00000100   00000100  00000000  00000100  RWIX
  RAM                   00000200   00000200  000000a4  0000015c  RWIX
  INFOD                 00001000   00000040  00000000  00000040  RWIX
  INFOC                 00001040   00000040  00000000  00000040  RWIX
  INFOB                 00001080   00000040  00000000  00000040  RWIX
  INFOA                 000010c0   00000040  00000000  00000040  RWIX
  FLASH                 0000c000   00003fde  00002876  00001768  RWIX
  BSLSIGNATURE          0000ffde   00000002  00000002  00000000  RWIX  ffff 
  INT00                 0000ffe0   00000002  00000002  00000000  RWIX
  INT01                 0000ffe2   00000002  00000000  00000002  RWIX
  INT02                 0000ffe4   00000002  00000002  00000000  RWIX
  INT03                 0000ffe6   00000002  00000002  00000000  RWIX
  INT04                 0000ffe8   00000002  00000000  00000002  RWIX
  INT05                 0000ffea   00000002  00000002  00000000  RWIX
  INT06                 0000ffec   00000002  00000002  00000000  RWIX
  INT07                 0000ffee   00000002  00000002  00000000  RWIX
  INT08                 0000fff0   00000002  00000002  00000000  RWIX
  INT09                 0000fff2   00000002  00000002  00000000  RWIX
  INT10                 0000fff4   00000002  00000002  00000000  RWIX
  INT11                 0000fff6   00000002  00000002  00000000  RWIX
  INT12                 0000fff8   00000002  00000002  00000000  RWIX
  INT13                 0000fffa   00000002  00000002  00000000  RWIX
  INT14                 0000fffc   00000002  00000002  00000000  RWIX
  RESET                 0000fffe   00000002  00000002  00000000  RWIX


SECTION ALLOCATION MAP

 output                                  attributes/
section   page    origin      length       input sections
--------  ----  ----------  ----------   ----------------
.bss       0    00000200    00000046     UNINITIALIZED
                  00000200    00000006     (.common:accelorameter_raw)
                  00000206    00000006     (.common:gyroscope_raw)
                  0000020c    00000006     (.common:magnetometer_raw)
                  00000212    00000004     (.common:ax)
                  00000216    00000004     (.common:ay)
                  0000021a    00000004     (.common:az)
                  0000021e    00000004     (.common:gx)
                  00000222    00000004     (.common:gy)
                  00000226    00000004     (.common:gz)
                  0000022a    00000004     (.common:mx)
                  0000022e    00000004     (.common:my)
                  00000232    00000004     (.common:mz)
                  00000236    00000004     (.common:temperature)
                  0000023a    00000002     (.common:MagID)
                  0000023c    00000002     (.common:sensor)
                  0000023e    00000002     (.common:test_0)
                  00000240    00000002     (.common:test_1)
                  00000242    00000002     (.common:test_2)
                  00000244    00000002     (.common:whoami)

.data      0    00000246    0000000e     UNINITIALIZED
                  00000246    0000000e     main.obj (.data)

.stack     0    000003b0    00000050     UNINITIALIZED
                  000003b0    00000002     rts430_eabi.lib : boot.obj (.stack)
                  000003b2    0000004e     --HOLE--

.text      0    0000c000    0000284e     
                  0000c000    00000500     main.obj (.text:main)
                  0000c500    0000048e     rts430_eabi.lib : frcdivd.obj (.text:__TI_frcdivd)
                  0000c98e    000002f4                     : frcmpyd.obj (.text:__TI_frcmpyd)
                  0000cc82    000002e8                     : addd.obj (.text:__mspabi_addd)
                  0000cf6a    0000026e                     : mpyd.obj (.text:__mspabi_mpyd)
                  0000d1d8    00000260                     : frcaddd.obj (.text:__TI_frcaddd)
                  0000d438    00000238                     : divd.obj (.text:__mspabi_divd)
                  0000d670    00000224     main.obj (.text:Read_Magnetometer)
                  0000d894    0000018c     main.obj (.text:Read_Accelorameter)
                  0000da20    0000018c     main.obj (.text:Read_Gyroscope)
                  0000dbac    00000132     rts430_eabi.lib : fs_add.obj (.text)
                  0000dcde    0000012e     main.obj (.text:Init_MPU9250)
                  0000de0c    000000c4     rts430_eabi.lib : fs_mpy.obj (.text)
                  0000ded0    000000c2     main.obj (.text:Init_BMX055)
                  0000df92    000000be     rts430_eabi.lib : renormd.obj (.text:__TI_renormd)
                  0000e050    000000ac                     : fltlid.obj (.text:__mspabi_fltlid)
                  0000e0fc    0000008c                     : cvtdf.obj (.text:__mspabi_cvtdf)
                  0000e188    0000007e     main.obj (.text:Read_Temp)
                  0000e206    0000007e     main.obj (.text:Setup_Wake_on_Motion_Interrupt)
                  0000e284    00000072     rts430_eabi.lib : cvtfd.obj (.text:__mspabi_cvtfd)
                  0000e2f6    0000006e                     : autoinit.obj (.text:_auto_init)
                  0000e364    0000006c     main.obj (.text:Init_LSM9DS1)
                  0000e3d0    00000064     rts430_eabi.lib : copy_decompress_rle.obj (.text:__TI_decompress_rle_core)
                  0000e434    0000005c                     : lsr32.obj (.text:l_lsr_const)
                  0000e490    0000005a                     : cpy_tbl.obj (.text:copy_in)
                  0000e4ea    00000056     main.obj (.text:Read_Magnetometer_Id)
                  0000e540    0000004c     main.obj (.text:InitSPI)
                  0000e58c    0000004c     rts430_eabi.lib : lsr16.obj (.text)
                  0000e5d8    00000048     main.obj (.text:SPI_Transceive)
                  0000e620    0000003e     rts430_eabi.lib : asr32.obj (.text:l_asr_const)
                  0000e65e    0000003e                     : lsl32.obj (.text:l_lsl_const)
                  0000e69c    00000036                     : fs_itof.obj (.text)
                  0000e6d2    0000002c     main.obj (.text:Port_1)
                  0000e6fe    0000002c     rts430_eabi.lib : asr16.obj (.text)
                  0000e72a    0000002c                     : lsl16.obj (.text)
                  0000e756    00000026                     : mult32.obj (.text)
                  0000e77c    0000001a                     : boot_special.obj (.text:_c_int00_noargs_noexit)
                  0000e796    00000014                     : mult16.obj (.text)
                  0000e7aa    00000012     main.obj (.text:SPI_Read)
                  0000e7bc    00000012     rts430_eabi.lib : copy_decompress_none.obj (.text:decompress:none:__TI_decompress_none)
                  0000e7ce    00000012                     : lsr32.obj (.text:l_lsr)
                  0000e7e0    00000012                     : memcpy.obj (.text:memcpy)
                  0000e7f2    00000010                     : asr32.obj (.text:l_asr)
                  0000e802    00000010                     : lsl32.obj (.text:l_lsl)
                  0000e812    00000010                     : epilog.obj (.text)
                  0000e822    0000000c                     : fltid.obj (.text:__mspabi_fltid)
                  0000e82e    00000008                     : isr_trap.obj (.text:_isr:__TI_ISR_TRAP)
                  0000e836    00000006     main.obj (.text:SPI_Write)
                  0000e83c    00000006     rts430_eabi.lib : exit.obj (.text:abort)
                  0000e842    00000006                     : copy_decompress_rle.obj (.text:decompress:rle24:__TI_decompress_rle24)
                  0000e848    00000004                     : pre_init.obj (.text:_system_pre_init)
                  0000e84c    00000002                     : startup.obj (.text:_system_post_cinit)

.cinit     0    0000e84e    00000028     
                  0000e84e    00000012     (.cinit..data.load) [load image]
                  0000e860    00000009     (.cinit..bss.load) [load image, compression = rle]
                  0000e869    00000001     --HOLE-- [fill = 0]
                  0000e86a    00000004     (__TI_handler_table)
                  0000e86e    00000008     (__TI_cinit_table)

.init_array 
*          0    0000c000    00000000     UNINITIALIZED

TRAPINT    0    0000ffe0    00000002     
                  0000ffe0    00000002     rts430_eabi.lib : int00.obj (.int00)

PORT1      0    0000ffe4    00000002     
                  0000ffe4    00000002     main.obj (.int02)

PORT2      0    0000ffe6    00000002     
                  0000ffe6    00000002     rts430_eabi.lib : int03.obj (.int03)

$fill000   0    0000ffde    00000002     
                  0000ffde    00000002     --HOLE-- [fill = ffff]

ADC10      0    0000ffea    00000002     
                  0000ffea    00000002     rts430_eabi.lib : int05.obj (.int05)

USCIAB0TX 
*          0    0000ffec    00000002     
                  0000ffec    00000002     rts430_eabi.lib : int06.obj (.int06)

USCIAB0RX 
*          0    0000ffee    00000002     
                  0000ffee    00000002     rts430_eabi.lib : int07.obj (.int07)

TIMER0_A1 
*          0    0000fff0    00000002     
                  0000fff0    00000002     rts430_eabi.lib : int08.obj (.int08)

TIMER0_A0 
*          0    0000fff2    00000002     
                  0000fff2    00000002     rts430_eabi.lib : int09.obj (.int09)

WDT        0    0000fff4    00000002     
                  0000fff4    00000002     rts430_eabi.lib : int10.obj (.int10)

COMPARATORA 
*          0    0000fff6    00000002     
                  0000fff6    00000002     rts430_eabi.lib : int11.obj (.int11)

TIMER1_A1 
*          0    0000fff8    00000002     
                  0000fff8    00000002     rts430_eabi.lib : int12.obj (.int12)

TIMER1_A0 
*          0    0000fffa    00000002     
                  0000fffa    00000002     rts430_eabi.lib : int13.obj (.int13)

NMI        0    0000fffc    00000002     
                  0000fffc    00000002     rts430_eabi.lib : int14.obj (.int14)

.reset     0    0000fffe    00000002     
                  0000fffe    00000002     rts430_eabi.lib : boot.obj (.reset)

MODULE SUMMARY

       Module                     code    ro data   rw data
       ------                     ----    -------   -------
    .\
       main.obj                   3778    2         84     
    +--+--------------------------+-------+---------+---------+
       Total:                     3778    2         84     
                                                           
    D:\Software\TI\ccsv6\tools\compiler\msp430_15.12.2.LTS\lib\rts430_eabi.lib
       frcdivd.obj                1166    0         0      
       frcmpyd.obj                756     0         0      
       addd.obj                   744     0         0      
       mpyd.obj                   622     0         0      
       frcaddd.obj                608     0         0      
       divd.obj                   568     0         0      
       fs_add.obj                 306     0         0      
       fs_mpy.obj                 196     0         0      
       renormd.obj                190     0         0      
       fltlid.obj                 172     0         0      
       cvtdf.obj                  140     0         0      
       cvtfd.obj                  114     0         0      
       autoinit.obj               110     0         0      
       lsr32.obj                  110     0         0      
       copy_decompress_rle.obj    106     0         0      
       cpy_tbl.obj                90      0         0      
       asr32.obj                  78      0         0      
       lsl32.obj                  78      0         0      
       lsr16.obj                  76      0         0      
       fs_itof.obj                54      0         0      
       asr16.obj                  44      0         0      
       lsl16.obj                  44      0         0      
       mult32.obj                 38      0         0      
       boot_special.obj           26      0         0      
       mult16.obj                 20      0         0      
       copy_decompress_none.obj   18      0         0      
       memcpy.obj                 18      0         0      
       epilog.obj                 16      0         0      
       fltid.obj                  12      0         0      
       isr_trap.obj               8       0         0      
       exit.obj                   6       0         0      
       pre_init.obj               4       0         0      
       boot.obj                   0       2         0      
       int00.obj                  0       2         0      
       int03.obj                  0       2         0      
       int05.obj                  0       2         0      
       int06.obj                  0       2         0      
       int07.obj                  0       2         0      
       int08.obj                  0       2         0      
       int09.obj                  0       2         0      
       int10.obj                  0       2         0      
       int11.obj                  0       2         0      
       int12.obj                  0       2         0      
       int13.obj                  0       2         0      
       int14.obj                  0       2         0      
       startup.obj                2       0         0      
    +--+--------------------------+-------+---------+---------+
       Total:                     6540    26        0      
                                                           
       Stack:                     0       0         80     
       Linker Generated:          0       39        0      
    +--+--------------------------+-------+---------+---------+
       Grand Total:               10318   67        164    


LINKER GENERATED COPY TABLES

__TI_cinit_table @ 0000e86e records: 2, size/record: 4, table size: 8
	.data: load addr=0000e84e, load size=00000012 bytes, run addr=00000246, run size=0000000e bytes, compression=copy
	.bss: load addr=0000e860, load size=00000009 bytes, run addr=00000200, run size=00000046 bytes, compression=rle


LINKER GENERATED HANDLER TABLE

__TI_handler_table @ 0000e86a records: 2, size/record: 2, table size: 4
	index: 0, handler: __TI_decompress_rle24
	index: 1, handler: __TI_decompress_none


GLOBAL SYMBOLS: SORTED ALPHABETICALLY BY Name 

address   name                          
-------   ----                          
0000004a  ADC10AE0                      
000001b0  ADC10CTL0                     
000001b2  ADC10CTL1                     
00000048  ADC10DTC0                     
00000049  ADC10DTC1                     
000001b4  ADC10MEM                      
000001bc  ADC10SA                       
00000057  BCSCTL1                       
00000058  BCSCTL2                       
00000053  BCSCTL3                       
0000e83c  C$$EXIT                       
00000059  CACTL1                        
0000005a  CACTL2                        
000010fb  CALBC1_12MHZ                  
000010f9  CALBC1_16MHZ                  
000010ff  CALBC1_1MHZ                   
000010fd  CALBC1_8MHZ                   
000010fa  CALDCO_12MHZ                  
000010f8  CALDCO_16MHZ                  
000010fe  CALDCO_1MHZ                   
000010fc  CALDCO_8MHZ                   
0000005b  CAPD                          
00000056  DCOCTL                        
00000128  FCTL1                         
0000012a  FCTL2                         
0000012c  FCTL3                         
00000000  IE1                           
00000001  IE2                           
00000002  IFG1                          
00000003  IFG2                          
0000e540  InitSPI                       
0000ded0  Init_BMX055                   
0000e364  Init_LSM9DS1                  
0000dcde  Init_MPU9250                  
0000023a  MagID                         
00000022  P1DIR                         
00000025  P1IE                          
00000024  P1IES                         
00000023  P1IFG                         
00000020  P1IN                          
00000021  P1OUT                         
00000027  P1REN                         
00000026  P1SEL                         
00000041  P1SEL2                        
0000002a  P2DIR                         
0000002d  P2IE                          
0000002c  P2IES                         
0000002b  P2IFG                         
00000028  P2IN                          
00000029  P2OUT                         
0000002f  P2REN                         
0000002e  P2SEL                         
00000042  P2SEL2                        
0000001a  P3DIR                         
00000018  P3IN                          
00000019  P3OUT                         
00000010  P3REN                         
0000001b  P3SEL                         
00000043  P3SEL2                        
0000e6d2  Port_1                        
0000d894  Read_Accelorameter            
0000da20  Read_Gyroscope                
0000d670  Read_Magnetometer             
0000e4ea  Read_Magnetometer_Id          
0000e188  Read_Temp                     
0000e7aa  SPI_Read                      
0000e5d8  SPI_Transceive                
0000e836  SPI_Write                     
0000e206  Setup_Wake_on_Motion_Interrupt
00000172  TA0CCR0                       
00000174  TA0CCR1                       
00000176  TA0CCR2                       
00000162  TA0CCTL0                      
00000164  TA0CCTL1                      
00000166  TA0CCTL2                      
00000160  TA0CTL                        
0000012e  TA0IV                         
00000170  TA0R                          
00000192  TA1CCR0                       
00000194  TA1CCR1                       
00000196  TA1CCR2                       
00000182  TA1CCTL0                      
00000184  TA1CCTL1                      
00000186  TA1CCTL2                      
00000180  TA1CTL                        
0000011e  TA1IV                         
00000190  TA1R                          
000010db  TLV_ADC10_1_LEN               
000010da  TLV_ADC10_1_TAG               
000010c0  TLV_CHECKSUM                  
000010f7  TLV_DCO_30_LEN                
000010f6  TLV_DCO_30_TAG                
0000005d  UCA0ABCTL                     
00000062  UCA0BR0                       
00000063  UCA0BR1                       
00000060  UCA0CTL0                      
00000061  UCA0CTL1                      
0000005f  UCA0IRRCTL                    
0000005e  UCA0IRTCTL                    
00000064  UCA0MCTL                      
00000066  UCA0RXBUF                     
00000065  UCA0STAT                      
00000067  UCA0TXBUF                     
0000006a  UCB0BR0                       
0000006b  UCB0BR1                       
00000068  UCB0CTL0                      
00000069  UCB0CTL1                      
0000006c  UCB0I2CIE                     
00000118  UCB0I2COA                     
0000011a  UCB0I2CSA                     
0000006e  UCB0RXBUF                     
0000006d  UCB0STAT                      
0000006f  UCB0TXBUF                     
00000120  WDTCTL                        
00000400  __STACK_END                   
00000050  __STACK_SIZE                  
UNDEFED   __TI_BINIT_Base               
UNDEFED   __TI_BINIT_Limit              
0000e86e  __TI_CINIT_Base               
0000e876  __TI_CINIT_Limit              
0000e86a  __TI_Handler_Table_Base       
0000e86e  __TI_Handler_Table_Limit      
UNDEFED   __TI_INITARRAY_Base           
UNDEFED   __TI_INITARRAY_Limit          
0000e82e  __TI_ISR_TRAP                 
0000e7bc  __TI_decompress_none          
0000e842  __TI_decompress_rle24         
0000d1d8  __TI_frcaddd                  
0000c500  __TI_frcdivd                  
0000c98e  __TI_frcmpyd                  
0000ffe0  __TI_int00                    
0000ffe4  __TI_int02                    
0000ffe6  __TI_int03                    
0000ffea  __TI_int05                    
0000ffec  __TI_int06                    
0000ffee  __TI_int07                    
0000fff0  __TI_int08                    
0000fff2  __TI_int09                    
0000fff4  __TI_int10                    
0000fff6  __TI_int11                    
0000fff8  __TI_int12                    
0000fffa  __TI_int13                    
0000fffc  __TI_int14                    
ffffffff  __TI_pprof_out_hndl           
ffffffff  __TI_prof_data_size           
ffffffff  __TI_prof_data_start          
0000df92  __TI_renormd                  
ffffffff  __c_args__                    
0000cc82  __mspabi_addd                 
0000dbb2  __mspabi_addf                 
0000e0fc  __mspabi_cvtdf                
0000e284  __mspabi_cvtfd                
0000d438  __mspabi_divd                 
0000e822  __mspabi_fltid                
0000e69c  __mspabi_fltif                
0000e050  __mspabi_fltlid               
0000e81e  __mspabi_func_epilog_1        
0000e81c  __mspabi_func_epilog_2        
0000e81a  __mspabi_func_epilog_3        
0000e818  __mspabi_func_epilog_4        
0000e816  __mspabi_func_epilog_5        
0000e814  __mspabi_func_epilog_6        
0000e812  __mspabi_func_epilog_7        
0000cf6a  __mspabi_mpyd                 
0000de0c  __mspabi_mpyf                 
0000e796  __mspabi_mpyi                 
0000e796  __mspabi_mpyi_sw              
0000e756  __mspabi_mpyl                 
0000e756  __mspabi_mpyl_sw              
0000e72a  __mspabi_slli                 
0000e752  __mspabi_slli_1               
0000e740  __mspabi_slli_10              
0000e73e  __mspabi_slli_11              
0000e73c  __mspabi_slli_12              
0000e73a  __mspabi_slli_13              
0000e738  __mspabi_slli_14              
0000e736  __mspabi_slli_15              
0000e750  __mspabi_slli_2               
0000e74e  __mspabi_slli_3               
0000e74c  __mspabi_slli_4               
0000e74a  __mspabi_slli_5               
0000e748  __mspabi_slli_6               
0000e746  __mspabi_slli_7               
0000e744  __mspabi_slli_8               
0000e742  __mspabi_slli_9               
0000e802  __mspabi_slll                 
0000e696  __mspabi_slll_1               
0000e672  __mspabi_slll_10              
0000e66e  __mspabi_slll_11              
0000e66a  __mspabi_slll_12              
0000e666  __mspabi_slll_13              
0000e662  __mspabi_slll_14              
0000e65e  __mspabi_slll_15              
0000e692  __mspabi_slll_2               
0000e68e  __mspabi_slll_3               
0000e68a  __mspabi_slll_4               
0000e686  __mspabi_slll_5               
0000e682  __mspabi_slll_6               
0000e67e  __mspabi_slll_7               
0000e67a  __mspabi_slll_8               
0000e676  __mspabi_slll_9               
0000e6fe  __mspabi_srai                 
0000e726  __mspabi_srai_1               
0000e714  __mspabi_srai_10              
0000e712  __mspabi_srai_11              
0000e710  __mspabi_srai_12              
0000e70e  __mspabi_srai_13              
0000e70c  __mspabi_srai_14              
0000e70a  __mspabi_srai_15              
0000e724  __mspabi_srai_2               
0000e722  __mspabi_srai_3               
0000e720  __mspabi_srai_4               
0000e71e  __mspabi_srai_5               
0000e71c  __mspabi_srai_6               
0000e71a  __mspabi_srai_7               
0000e718  __mspabi_srai_8               
0000e716  __mspabi_srai_9               
0000e7f2  __mspabi_sral                 
0000e658  __mspabi_sral_1               
0000e634  __mspabi_sral_10              
0000e630  __mspabi_sral_11              
0000e62c  __mspabi_sral_12              
0000e628  __mspabi_sral_13              
0000e624  __mspabi_sral_14              
0000e620  __mspabi_sral_15              
0000e654  __mspabi_sral_2               
0000e650  __mspabi_sral_3               
0000e64c  __mspabi_sral_4               
0000e648  __mspabi_sral_5               
0000e644  __mspabi_sral_6               
0000e640  __mspabi_sral_7               
0000e63c  __mspabi_sral_8               
0000e638  __mspabi_sral_9               
0000e58c  __mspabi_srli                 
0000e5d2  __mspabi_srli_1               
0000e5ae  __mspabi_srli_10              
0000e5aa  __mspabi_srli_11              
0000e5a6  __mspabi_srli_12              
0000e5a2  __mspabi_srli_13              
0000e59e  __mspabi_srli_14              
0000e59a  __mspabi_srli_15              
0000e5ce  __mspabi_srli_2               
0000e5ca  __mspabi_srli_3               
0000e5c6  __mspabi_srli_4               
0000e5c2  __mspabi_srli_5               
0000e5be  __mspabi_srli_6               
0000e5ba  __mspabi_srli_7               
0000e5b6  __mspabi_srli_8               
0000e5b2  __mspabi_srli_9               
0000e7ce  __mspabi_srll                 
0000e488  __mspabi_srll_1               
0000e452  __mspabi_srll_10              
0000e44c  __mspabi_srll_11              
0000e446  __mspabi_srll_12              
0000e440  __mspabi_srll_13              
0000e43a  __mspabi_srll_14              
0000e434  __mspabi_srll_15              
0000e482  __mspabi_srll_2               
0000e47c  __mspabi_srll_3               
0000e476  __mspabi_srll_4               
0000e470  __mspabi_srll_5               
0000e46a  __mspabi_srll_6               
0000e464  __mspabi_srll_7               
0000e45e  __mspabi_srll_8               
0000e458  __mspabi_srll_9               
0000dbac  __mspabi_subf                 
0000e2f6  _auto_init                    
0000e77c  _c_int00_noargs_noexit        
0000fffe  _reset_vector                 
000003b0  _stack                        
0000e84c  _system_post_cinit            
0000e848  _system_pre_init              
00000248  aRes                          
0000e83c  abort                         
00000200  accelorameter_raw             
00000212  ax                            
00000216  ay                            
0000021a  az                            
0000e490  copy_in                       
0000024c  gRes                          
0000021e  gx                            
00000222  gy                            
00000206  gyroscope_raw                 
00000226  gz                            
00000250  mRes                          
0000020c  magnetometer_raw              
0000c000  main                          
0000e7e0  memcpy                        
0000022a  mx                            
0000022e  my                            
00000232  mz                            
00000246  received_ch                   
0000023c  sensor                        
00000236  temperature                   
0000023e  test_0                        
00000240  test_1                        
00000242  test_2                        
00000244  whoami                        


GLOBAL SYMBOLS: SORTED BY Symbol Address 

address   name                          
-------   ----                          
00000000  IE1                           
00000001  IE2                           
00000002  IFG1                          
00000003  IFG2                          
00000010  P3REN                         
00000018  P3IN                          
00000019  P3OUT                         
0000001a  P3DIR                         
0000001b  P3SEL                         
00000020  P1IN                          
00000021  P1OUT                         
00000022  P1DIR                         
00000023  P1IFG                         
00000024  P1IES                         
00000025  P1IE                          
00000026  P1SEL                         
00000027  P1REN                         
00000028  P2IN                          
00000029  P2OUT                         
0000002a  P2DIR                         
0000002b  P2IFG                         
0000002c  P2IES                         
0000002d  P2IE                          
0000002e  P2SEL                         
0000002f  P2REN                         
00000041  P1SEL2                        
00000042  P2SEL2                        
00000043  P3SEL2                        
00000048  ADC10DTC0                     
00000049  ADC10DTC1                     
0000004a  ADC10AE0                      
00000050  __STACK_SIZE                  
00000053  BCSCTL3                       
00000056  DCOCTL                        
00000057  BCSCTL1                       
00000058  BCSCTL2                       
00000059  CACTL1                        
0000005a  CACTL2                        
0000005b  CAPD                          
0000005d  UCA0ABCTL                     
0000005e  UCA0IRTCTL                    
0000005f  UCA0IRRCTL                    
00000060  UCA0CTL0                      
00000061  UCA0CTL1                      
00000062  UCA0BR0                       
00000063  UCA0BR1                       
00000064  UCA0MCTL                      
00000065  UCA0STAT                      
00000066  UCA0RXBUF                     
00000067  UCA0TXBUF                     
00000068  UCB0CTL0                      
00000069  UCB0CTL1                      
0000006a  UCB0BR0                       
0000006b  UCB0BR1                       
0000006c  UCB0I2CIE                     
0000006d  UCB0STAT                      
0000006e  UCB0RXBUF                     
0000006f  UCB0TXBUF                     
00000118  UCB0I2COA                     
0000011a  UCB0I2CSA                     
0000011e  TA1IV                         
00000120  WDTCTL                        
00000128  FCTL1                         
0000012a  FCTL2                         
0000012c  FCTL3                         
0000012e  TA0IV                         
00000160  TA0CTL                        
00000162  TA0CCTL0                      
00000164  TA0CCTL1                      
00000166  TA0CCTL2                      
00000170  TA0R                          
00000172  TA0CCR0                       
00000174  TA0CCR1                       
00000176  TA0CCR2                       
00000180  TA1CTL                        
00000182  TA1CCTL0                      
00000184  TA1CCTL1                      
00000186  TA1CCTL2                      
00000190  TA1R                          
00000192  TA1CCR0                       
00000194  TA1CCR1                       
00000196  TA1CCR2                       
000001b0  ADC10CTL0                     
000001b2  ADC10CTL1                     
000001b4  ADC10MEM                      
000001bc  ADC10SA                       
00000200  accelorameter_raw             
00000206  gyroscope_raw                 
0000020c  magnetometer_raw              
00000212  ax                            
00000216  ay                            
0000021a  az                            
0000021e  gx                            
00000222  gy                            
00000226  gz                            
0000022a  mx                            
0000022e  my                            
00000232  mz                            
00000236  temperature                   
0000023a  MagID                         
0000023c  sensor                        
0000023e  test_0                        
00000240  test_1                        
00000242  test_2                        
00000244  whoami                        
00000246  received_ch                   
00000248  aRes                          
0000024c  gRes                          
00000250  mRes                          
000003b0  _stack                        
00000400  __STACK_END                   
000010c0  TLV_CHECKSUM                  
000010da  TLV_ADC10_1_TAG               
000010db  TLV_ADC10_1_LEN               
000010f6  TLV_DCO_30_TAG                
000010f7  TLV_DCO_30_LEN                
000010f8  CALDCO_16MHZ                  
000010f9  CALBC1_16MHZ                  
000010fa  CALDCO_12MHZ                  
000010fb  CALBC1_12MHZ                  
000010fc  CALDCO_8MHZ                   
000010fd  CALBC1_8MHZ                   
000010fe  CALDCO_1MHZ                   
000010ff  CALBC1_1MHZ                   
0000c000  main                          
0000c500  __TI_frcdivd                  
0000c98e  __TI_frcmpyd                  
0000cc82  __mspabi_addd                 
0000cf6a  __mspabi_mpyd                 
0000d1d8  __TI_frcaddd                  
0000d438  __mspabi_divd                 
0000d670  Read_Magnetometer             
0000d894  Read_Accelorameter            
0000da20  Read_Gyroscope                
0000dbac  __mspabi_subf                 
0000dbb2  __mspabi_addf                 
0000dcde  Init_MPU9250                  
0000de0c  __mspabi_mpyf                 
0000ded0  Init_BMX055                   
0000df92  __TI_renormd                  
0000e050  __mspabi_fltlid               
0000e0fc  __mspabi_cvtdf                
0000e188  Read_Temp                     
0000e206  Setup_Wake_on_Motion_Interrupt
0000e284  __mspabi_cvtfd                
0000e2f6  _auto_init                    
0000e364  Init_LSM9DS1                  
0000e434  __mspabi_srll_15              
0000e43a  __mspabi_srll_14              
0000e440  __mspabi_srll_13              
0000e446  __mspabi_srll_12              
0000e44c  __mspabi_srll_11              
0000e452  __mspabi_srll_10              
0000e458  __mspabi_srll_9               
0000e45e  __mspabi_srll_8               
0000e464  __mspabi_srll_7               
0000e46a  __mspabi_srll_6               
0000e470  __mspabi_srll_5               
0000e476  __mspabi_srll_4               
0000e47c  __mspabi_srll_3               
0000e482  __mspabi_srll_2               
0000e488  __mspabi_srll_1               
0000e490  copy_in                       
0000e4ea  Read_Magnetometer_Id          
0000e540  InitSPI                       
0000e58c  __mspabi_srli                 
0000e59a  __mspabi_srli_15              
0000e59e  __mspabi_srli_14              
0000e5a2  __mspabi_srli_13              
0000e5a6  __mspabi_srli_12              
0000e5aa  __mspabi_srli_11              
0000e5ae  __mspabi_srli_10              
0000e5b2  __mspabi_srli_9               
0000e5b6  __mspabi_srli_8               
0000e5ba  __mspabi_srli_7               
0000e5be  __mspabi_srli_6               
0000e5c2  __mspabi_srli_5               
0000e5c6  __mspabi_srli_4               
0000e5ca  __mspabi_srli_3               
0000e5ce  __mspabi_srli_2               
0000e5d2  __mspabi_srli_1               
0000e5d8  SPI_Transceive                
0000e620  __mspabi_sral_15              
0000e624  __mspabi_sral_14              
0000e628  __mspabi_sral_13              
0000e62c  __mspabi_sral_12              
0000e630  __mspabi_sral_11              
0000e634  __mspabi_sral_10              
0000e638  __mspabi_sral_9               
0000e63c  __mspabi_sral_8               
0000e640  __mspabi_sral_7               
0000e644  __mspabi_sral_6               
0000e648  __mspabi_sral_5               
0000e64c  __mspabi_sral_4               
0000e650  __mspabi_sral_3               
0000e654  __mspabi_sral_2               
0000e658  __mspabi_sral_1               
0000e65e  __mspabi_slll_15              
0000e662  __mspabi_slll_14              
0000e666  __mspabi_slll_13              
0000e66a  __mspabi_slll_12              
0000e66e  __mspabi_slll_11              
0000e672  __mspabi_slll_10              
0000e676  __mspabi_slll_9               
0000e67a  __mspabi_slll_8               
0000e67e  __mspabi_slll_7               
0000e682  __mspabi_slll_6               
0000e686  __mspabi_slll_5               
0000e68a  __mspabi_slll_4               
0000e68e  __mspabi_slll_3               
0000e692  __mspabi_slll_2               
0000e696  __mspabi_slll_1               
0000e69c  __mspabi_fltif                
0000e6d2  Port_1                        
0000e6fe  __mspabi_srai                 
0000e70a  __mspabi_srai_15              
0000e70c  __mspabi_srai_14              
0000e70e  __mspabi_srai_13              
0000e710  __mspabi_srai_12              
0000e712  __mspabi_srai_11              
0000e714  __mspabi_srai_10              
0000e716  __mspabi_srai_9               
0000e718  __mspabi_srai_8               
0000e71a  __mspabi_srai_7               
0000e71c  __mspabi_srai_6               
0000e71e  __mspabi_srai_5               
0000e720  __mspabi_srai_4               
0000e722  __mspabi_srai_3               
0000e724  __mspabi_srai_2               
0000e726  __mspabi_srai_1               
0000e72a  __mspabi_slli                 
0000e736  __mspabi_slli_15              
0000e738  __mspabi_slli_14              
0000e73a  __mspabi_slli_13              
0000e73c  __mspabi_slli_12              
0000e73e  __mspabi_slli_11              
0000e740  __mspabi_slli_10              
0000e742  __mspabi_slli_9               
0000e744  __mspabi_slli_8               
0000e746  __mspabi_slli_7               
0000e748  __mspabi_slli_6               
0000e74a  __mspabi_slli_5               
0000e74c  __mspabi_slli_4               
0000e74e  __mspabi_slli_3               
0000e750  __mspabi_slli_2               
0000e752  __mspabi_slli_1               
0000e756  __mspabi_mpyl                 
0000e756  __mspabi_mpyl_sw              
0000e77c  _c_int00_noargs_noexit        
0000e796  __mspabi_mpyi                 
0000e796  __mspabi_mpyi_sw              
0000e7aa  SPI_Read                      
0000e7bc  __TI_decompress_none          
0000e7ce  __mspabi_srll                 
0000e7e0  memcpy                        
0000e7f2  __mspabi_sral                 
0000e802  __mspabi_slll                 
0000e812  __mspabi_func_epilog_7        
0000e814  __mspabi_func_epilog_6        
0000e816  __mspabi_func_epilog_5        
0000e818  __mspabi_func_epilog_4        
0000e81a  __mspabi_func_epilog_3        
0000e81c  __mspabi_func_epilog_2        
0000e81e  __mspabi_func_epilog_1        
0000e822  __mspabi_fltid                
0000e82e  __TI_ISR_TRAP                 
0000e836  SPI_Write                     
0000e83c  C$$EXIT                       
0000e83c  abort                         
0000e842  __TI_decompress_rle24         
0000e848  _system_pre_init              
0000e84c  _system_post_cinit            
0000e86a  __TI_Handler_Table_Base       
0000e86e  __TI_CINIT_Base               
0000e86e  __TI_Handler_Table_Limit      
0000e876  __TI_CINIT_Limit              
0000ffe0  __TI_int00                    
0000ffe4  __TI_int02                    
0000ffe6  __TI_int03                    
0000ffea  __TI_int05                    
0000ffec  __TI_int06                    
0000ffee  __TI_int07                    
0000fff0  __TI_int08                    
0000fff2  __TI_int09                    
0000fff4  __TI_int10                    
0000fff6  __TI_int11                    
0000fff8  __TI_int12                    
0000fffa  __TI_int13                    
0000fffc  __TI_int14                    
0000fffe  _reset_vector                 
ffffffff  __TI_pprof_out_hndl           
ffffffff  __TI_prof_data_size           
ffffffff  __TI_prof_data_start          
ffffffff  __c_args__                    
UNDEFED   __TI_BINIT_Base               
UNDEFED   __TI_BINIT_Limit              
UNDEFED   __TI_INITARRAY_Base           
UNDEFED   __TI_INITARRAY_Limit          

[298 symbols]
