******************************************************************************
                  MSP430 Linker PC v15.12.2                    
******************************************************************************
>> Linked Wed Aug 24 22:03:27 2016

OUTPUT FILE NAME:   <SPI.out>
ENTRY POINT SYMBOL: "_c_int00_noargs_noexit"  address: 0000d6be


MEMORY CONFIGURATION

         name            origin    length      used     unused   attr    fill
----------------------  --------  ---------  --------  --------  ----  --------
  SFR                   00000000   00000010  00000000  00000010  RWIX
  PERIPHERALS_8BIT      00000010   000000f0  00000000  000000f0  RWIX
  PERIPHERALS_16BIT     00000100   00000100  00000000  00000100  RWIX
  RAM                   00000200   00000200  0000009b  00000165  RWIX
  INFOD                 00001000   00000040  00000000  00000040  RWIX
  INFOC                 00001040   00000040  00000000  00000040  RWIX
  INFOB                 00001080   00000040  00000000  00000040  RWIX
  INFOA                 000010c0   00000040  00000000  00000040  RWIX
  FLASH                 0000c000   00003fde  000017aa  00002834  RWIX
  BSLSIGNATURE          0000ffde   00000002  00000002  00000000  RWIX  ffff 
  INT00                 0000ffe0   00000002  00000002  00000000  RWIX
  INT01                 0000ffe2   00000002  00000000  00000002  RWIX
  INT02                 0000ffe4   00000002  00000002  00000000  RWIX
  INT03                 0000ffe6   00000002  00000002  00000000  RWIX
  INT04                 0000ffe8   00000002  00000000  00000002  RWIX
  INT05                 0000ffea   00000002  00000002  00000000  RWIX
  INT06                 0000ffec   00000002  00000002  00000000  RWIX
  INT07                 0000ffee   00000002  00000002  00000000  RWIX
  INT08                 0000fff0   00000002  00000002  00000000  RWIX
  INT09                 0000fff2   00000002  00000002  00000000  RWIX
  INT10                 0000fff4   00000002  00000002  00000000  RWIX
  INT11                 0000fff6   00000002  00000002  00000000  RWIX
  INT12                 0000fff8   00000002  00000002  00000000  RWIX
  INT13                 0000fffa   00000002  00000002  00000000  RWIX
  INT14                 0000fffc   00000002  00000002  00000000  RWIX
  RESET                 0000fffe   00000002  00000002  00000000  RWIX


SECTION ALLOCATION MAP

 output                                  attributes/
section   page    origin      length       input sections
--------  ----  ----------  ----------   ----------------
.bss       0    00000200    0000003e     UNINITIALIZED
                  00000200    00000006     (.common:accelorameter_raw)
                  00000206    00000006     (.common:gyroscope_raw)
                  0000020c    00000006     (.common:magnetometer_raw)
                  00000212    00000004     (.common:ax)
                  00000216    00000004     (.common:ay)
                  0000021a    00000004     (.common:az)
                  0000021e    00000004     (.common:gx)
                  00000222    00000004     (.common:gy)
                  00000226    00000004     (.common:gz)
                  0000022a    00000004     (.common:mx)
                  0000022e    00000004     (.common:my)
                  00000232    00000004     (.common:mz)
                  00000236    00000004     (.common:temperature)
                  0000023a    00000002     (.common:MagID)
                  0000023c    00000002     (.common:whoami)

.data      0    0000023e    0000000d     UNINITIALIZED
                  0000023e    0000000d     main.obj (.data)

.stack     0    000003b0    00000050     UNINITIALIZED
                  000003b0    00000002     rts430_eabi.lib : boot.obj (.stack)
                  000003b2    0000004e     --HOLE--

.text      0    0000c000    00001782     
                  0000c000    0000048e     rts430_eabi.lib : frcdivd.obj (.text:__TI_frcdivd)
                  0000c48e    000002e8                     : addd.obj (.text:__mspabi_addd)
                  0000c776    000002aa     main.obj (.text:main)
                  0000ca20    00000260     rts430_eabi.lib : frcaddd.obj (.text:__TI_frcaddd)
                  0000cc80    00000238                     : divd.obj (.text:__mspabi_divd)
                  0000ceb8    000000c4                     : fs_mpy.obj (.text)
                  0000cf7c    000000be                     : renormd.obj (.text:__TI_renormd)
                  0000d03a    000000b0     main.obj (.text:Read_Magnetometer)
                  0000d0ea    0000008c     main.obj (.text:Read_Accelorameter)
                  0000d176    0000008c     main.obj (.text:Read_Gyroscope)
                  0000d202    0000008c     rts430_eabi.lib : cvtdf.obj (.text:__mspabi_cvtdf)
                  0000d28e    00000072                     : cvtfd.obj (.text:__mspabi_cvtfd)
                  0000d300    0000006e                     : autoinit.obj (.text:_auto_init)
                  0000d36e    00000064                     : copy_decompress_rle.obj (.text:__TI_decompress_rle_core)
                  0000d3d2    0000005c                     : lsr32.obj (.text:l_lsr_const)
                  0000d42e    0000005a                     : cpy_tbl.obj (.text:copy_in)
                  0000d488    0000004c                     : lsr16.obj (.text)
                  0000d4d4    0000004a     main.obj (.text:SPI_Transceive)
                  0000d51e    00000046     main.obj (.text:Read_Magnetometer_Id)
                  0000d564    0000003e     rts430_eabi.lib : asr32.obj (.text:l_asr_const)
                  0000d5a2    0000003e                     : lsl32.obj (.text:l_lsl_const)
                  0000d5e0    00000036                     : fs_itof.obj (.text)
                  0000d616    0000002c                     : asr16.obj (.text)
                  0000d642    0000002c                     : lsl16.obj (.text)
                  0000d66e    0000002a     main.obj (.text:Read_Temp)
                  0000d698    00000026     rts430_eabi.lib : mult32.obj (.text)
                  0000d6be    0000001a                     : boot_special.obj (.text:_c_int00_noargs_noexit)
                  0000d6d8    00000014                     : mult16.obj (.text)
                  0000d6ec    00000012                     : copy_decompress_none.obj (.text:decompress:none:__TI_decompress_none)
                  0000d6fe    00000012                     : lsr32.obj (.text:l_lsr)
                  0000d710    00000012                     : memcpy.obj (.text:memcpy)
                  0000d722    00000010     main.obj (.text:SPI_Read)
                  0000d732    00000010     rts430_eabi.lib : asr32.obj (.text:l_asr)
                  0000d742    00000010                     : lsl32.obj (.text:l_lsl)
                  0000d752    00000010                     : epilog.obj (.text)
                  0000d762    00000008                     : isr_trap.obj (.text:_isr:__TI_ISR_TRAP)
                  0000d76a    00000006     main.obj (.text:SPI_Write)
                  0000d770    00000006     rts430_eabi.lib : exit.obj (.text:abort)
                  0000d776    00000006                     : copy_decompress_rle.obj (.text:decompress:rle24:__TI_decompress_rle24)
                  0000d77c    00000004                     : pre_init.obj (.text:_system_pre_init)
                  0000d780    00000002                     : startup.obj (.text:_system_post_cinit)

.cinit     0    0000d782    00000028     
                  0000d782    00000011     (.cinit..data.load) [load image]
                  0000d793    00000001     --HOLE-- [fill = 0]
                  0000d794    00000009     (.cinit..bss.load) [load image, compression = rle]
                  0000d79d    00000001     --HOLE-- [fill = 0]
                  0000d79e    00000004     (__TI_handler_table)
                  0000d7a2    00000008     (__TI_cinit_table)

.init_array 
*          0    0000c000    00000000     UNINITIALIZED

TRAPINT    0    0000ffe0    00000002     
                  0000ffe0    00000002     rts430_eabi.lib : int00.obj (.int00)

PORT1      0    0000ffe4    00000002     
                  0000ffe4    00000002     rts430_eabi.lib : int02.obj (.int02)

PORT2      0    0000ffe6    00000002     
                  0000ffe6    00000002     rts430_eabi.lib : int03.obj (.int03)

$fill000   0    0000ffde    00000002     
                  0000ffde    00000002     --HOLE-- [fill = ffff]

ADC10      0    0000ffea    00000002     
                  0000ffea    00000002     rts430_eabi.lib : int05.obj (.int05)

USCIAB0TX 
*          0    0000ffec    00000002     
                  0000ffec    00000002     rts430_eabi.lib : int06.obj (.int06)

USCIAB0RX 
*          0    0000ffee    00000002     
                  0000ffee    00000002     rts430_eabi.lib : int07.obj (.int07)

TIMER0_A1 
*          0    0000fff0    00000002     
                  0000fff0    00000002     rts430_eabi.lib : int08.obj (.int08)

TIMER0_A0 
*          0    0000fff2    00000002     
                  0000fff2    00000002     rts430_eabi.lib : int09.obj (.int09)

WDT        0    0000fff4    00000002     
                  0000fff4    00000002     rts430_eabi.lib : int10.obj (.int10)

COMPARATORA 
*          0    0000fff6    00000002     
                  0000fff6    00000002     rts430_eabi.lib : int11.obj (.int11)

TIMER1_A1 
*          0    0000fff8    00000002     
                  0000fff8    00000002     rts430_eabi.lib : int12.obj (.int12)

TIMER1_A0 
*          0    0000fffa    00000002     
                  0000fffa    00000002     rts430_eabi.lib : int13.obj (.int13)

NMI        0    0000fffc    00000002     
                  0000fffc    00000002     rts430_eabi.lib : int14.obj (.int14)

.reset     0    0000fffe    00000002     
                  0000fffe    00000002     rts430_eabi.lib : boot.obj (.reset)

MODULE SUMMARY

       Module                     code   ro data   rw data
       ------                     ----   -------   -------
    .\
       main.obj                   1346   0         75     
    +--+--------------------------+------+---------+---------+
       Total:                     1346   0         75     
                                                          
    D:\Software\TI\ccsv6\tools\compiler\msp430_15.12.2.LTS\lib\rts430_eabi.lib
       frcdivd.obj                1166   0         0      
       addd.obj                   744    0         0      
       frcaddd.obj                608    0         0      
       divd.obj                   568    0         0      
       fs_mpy.obj                 196    0         0      
       renormd.obj                190    0         0      
       cvtdf.obj                  140    0         0      
       cvtfd.obj                  114    0         0      
       autoinit.obj               110    0         0      
       lsr32.obj                  110    0         0      
       copy_decompress_rle.obj    106    0         0      
       cpy_tbl.obj                90     0         0      
       asr32.obj                  78     0         0      
       lsl32.obj                  78     0         0      
       lsr16.obj                  76     0         0      
       fs_itof.obj                54     0         0      
       asr16.obj                  44     0         0      
       lsl16.obj                  44     0         0      
       mult32.obj                 38     0         0      
       boot_special.obj           26     0         0      
       mult16.obj                 20     0         0      
       copy_decompress_none.obj   18     0         0      
       memcpy.obj                 18     0         0      
       epilog.obj                 16     0         0      
       isr_trap.obj               8      0         0      
       exit.obj                   6      0         0      
       pre_init.obj               4      0         0      
       boot.obj                   0      2         0      
       int00.obj                  0      2         0      
       int02.obj                  0      2         0      
       int03.obj                  0      2         0      
       int05.obj                  0      2         0      
       int06.obj                  0      2         0      
       int07.obj                  0      2         0      
       int08.obj                  0      2         0      
       int09.obj                  0      2         0      
       int10.obj                  0      2         0      
       int11.obj                  0      2         0      
       int12.obj                  0      2         0      
       int13.obj                  0      2         0      
       int14.obj                  0      2         0      
       startup.obj                2      0         0      
    +--+--------------------------+------+---------+---------+
       Total:                     4672   28        0      
                                                          
       Stack:                     0      0         80     
       Linker Generated:          0      38        0      
    +--+--------------------------+------+---------+---------+
       Grand Total:               6018   66        155    


LINKER GENERATED COPY TABLES

__TI_cinit_table @ 0000d7a2 records: 2, size/record: 4, table size: 8
	.data: load addr=0000d782, load size=00000011 bytes, run addr=0000023e, run size=0000000d bytes, compression=copy
	.bss: load addr=0000d794, load size=00000009 bytes, run addr=00000200, run size=0000003e bytes, compression=rle


LINKER GENERATED HANDLER TABLE

__TI_handler_table @ 0000d79e records: 2, size/record: 2, table size: 4
	index: 0, handler: __TI_decompress_rle24
	index: 1, handler: __TI_decompress_none


GLOBAL SYMBOLS: SORTED ALPHABETICALLY BY Name 

address   name                    
-------   ----                    
0000004a  ADC10AE0                
000001b0  ADC10CTL0               
000001b2  ADC10CTL1               
00000048  ADC10DTC0               
00000049  ADC10DTC1               
000001b4  ADC10MEM                
000001bc  ADC10SA                 
00000057  BCSCTL1                 
00000058  BCSCTL2                 
00000053  BCSCTL3                 
0000d770  C$$EXIT                 
00000059  CACTL1                  
0000005a  CACTL2                  
000010fb  CALBC1_12MHZ            
000010f9  CALBC1_16MHZ            
000010ff  CALBC1_1MHZ             
000010fd  CALBC1_8MHZ             
000010fa  CALDCO_12MHZ            
000010f8  CALDCO_16MHZ            
000010fe  CALDCO_1MHZ             
000010fc  CALDCO_8MHZ             
0000005b  CAPD                    
00000056  DCOCTL                  
00000128  FCTL1                   
0000012a  FCTL2                   
0000012c  FCTL3                   
00000000  IE1                     
00000001  IE2                     
00000002  IFG1                    
00000003  IFG2                    
0000023a  MagID                   
00000022  P1DIR                   
00000025  P1IE                    
00000024  P1IES                   
00000023  P1IFG                   
00000020  P1IN                    
00000021  P1OUT                   
00000027  P1REN                   
00000026  P1SEL                   
00000041  P1SEL2                  
0000002a  P2DIR                   
0000002d  P2IE                    
0000002c  P2IES                   
0000002b  P2IFG                   
00000028  P2IN                    
00000029  P2OUT                   
0000002f  P2REN                   
0000002e  P2SEL                   
00000042  P2SEL2                  
0000001a  P3DIR                   
00000018  P3IN                    
00000019  P3OUT                   
00000010  P3REN                   
0000001b  P3SEL                   
00000043  P3SEL2                  
0000d0ea  Read_Accelorameter      
0000d176  Read_Gyroscope          
0000d03a  Read_Magnetometer       
0000d51e  Read_Magnetometer_Id    
0000d66e  Read_Temp               
0000d722  SPI_Read                
0000d4d4  SPI_Transceive          
0000d76a  SPI_Write               
00000172  TA0CCR0                 
00000174  TA0CCR1                 
00000176  TA0CCR2                 
00000162  TA0CCTL0                
00000164  TA0CCTL1                
00000166  TA0CCTL2                
00000160  TA0CTL                  
0000012e  TA0IV                   
00000170  TA0R                    
00000192  TA1CCR0                 
00000194  TA1CCR1                 
00000196  TA1CCR2                 
00000182  TA1CCTL0                
00000184  TA1CCTL1                
00000186  TA1CCTL2                
00000180  TA1CTL                  
0000011e  TA1IV                   
00000190  TA1R                    
000010db  TLV_ADC10_1_LEN         
000010da  TLV_ADC10_1_TAG         
000010c0  TLV_CHECKSUM            
000010f7  TLV_DCO_30_LEN          
000010f6  TLV_DCO_30_TAG          
0000005d  UCA0ABCTL               
00000062  UCA0BR0                 
00000063  UCA0BR1                 
00000060  UCA0CTL0                
00000061  UCA0CTL1                
0000005f  UCA0IRRCTL              
0000005e  UCA0IRTCTL              
00000064  UCA0MCTL                
00000066  UCA0RXBUF               
00000065  UCA0STAT                
00000067  UCA0TXBUF               
0000006a  UCB0BR0                 
0000006b  UCB0BR1                 
00000068  UCB0CTL0                
00000069  UCB0CTL1                
0000006c  UCB0I2CIE               
00000118  UCB0I2COA               
0000011a  UCB0I2CSA               
0000006e  UCB0RXBUF               
0000006d  UCB0STAT                
0000006f  UCB0TXBUF               
00000120  WDTCTL                  
00000400  __STACK_END             
00000050  __STACK_SIZE            
UNDEFED   __TI_BINIT_Base         
UNDEFED   __TI_BINIT_Limit        
0000d7a2  __TI_CINIT_Base         
0000d7aa  __TI_CINIT_Limit        
0000d79e  __TI_Handler_Table_Base 
0000d7a2  __TI_Handler_Table_Limit
UNDEFED   __TI_INITARRAY_Base     
UNDEFED   __TI_INITARRAY_Limit    
0000d762  __TI_ISR_TRAP           
0000d6ec  __TI_decompress_none    
0000d776  __TI_decompress_rle24   
0000ca20  __TI_frcaddd            
0000c000  __TI_frcdivd            
0000ffe0  __TI_int00              
0000ffe4  __TI_int02              
0000ffe6  __TI_int03              
0000ffea  __TI_int05              
0000ffec  __TI_int06              
0000ffee  __TI_int07              
0000fff0  __TI_int08              
0000fff2  __TI_int09              
0000fff4  __TI_int10              
0000fff6  __TI_int11              
0000fff8  __TI_int12              
0000fffa  __TI_int13              
0000fffc  __TI_int14              
ffffffff  __TI_pprof_out_hndl     
ffffffff  __TI_prof_data_size     
ffffffff  __TI_prof_data_start    
0000cf7c  __TI_renormd            
ffffffff  __c_args__              
0000c48e  __mspabi_addd           
0000d202  __mspabi_cvtdf          
0000d28e  __mspabi_cvtfd          
0000cc80  __mspabi_divd           
0000d5e0  __mspabi_fltif          
0000d75e  __mspabi_func_epilog_1  
0000d75c  __mspabi_func_epilog_2  
0000d75a  __mspabi_func_epilog_3  
0000d758  __mspabi_func_epilog_4  
0000d756  __mspabi_func_epilog_5  
0000d754  __mspabi_func_epilog_6  
0000d752  __mspabi_func_epilog_7  
0000ceb8  __mspabi_mpyf           
0000d6d8  __mspabi_mpyi           
0000d6d8  __mspabi_mpyi_sw        
0000d698  __mspabi_mpyl           
0000d698  __mspabi_mpyl_sw        
0000d642  __mspabi_slli           
0000d66a  __mspabi_slli_1         
0000d658  __mspabi_slli_10        
0000d656  __mspabi_slli_11        
0000d654  __mspabi_slli_12        
0000d652  __mspabi_slli_13        
0000d650  __mspabi_slli_14        
0000d64e  __mspabi_slli_15        
0000d668  __mspabi_slli_2         
0000d666  __mspabi_slli_3         
0000d664  __mspabi_slli_4         
0000d662  __mspabi_slli_5         
0000d660  __mspabi_slli_6         
0000d65e  __mspabi_slli_7         
0000d65c  __mspabi_slli_8         
0000d65a  __mspabi_slli_9         
0000d742  __mspabi_slll           
0000d5da  __mspabi_slll_1         
0000d5b6  __mspabi_slll_10        
0000d5b2  __mspabi_slll_11        
0000d5ae  __mspabi_slll_12        
0000d5aa  __mspabi_slll_13        
0000d5a6  __mspabi_slll_14        
0000d5a2  __mspabi_slll_15        
0000d5d6  __mspabi_slll_2         
0000d5d2  __mspabi_slll_3         
0000d5ce  __mspabi_slll_4         
0000d5ca  __mspabi_slll_5         
0000d5c6  __mspabi_slll_6         
0000d5c2  __mspabi_slll_7         
0000d5be  __mspabi_slll_8         
0000d5ba  __mspabi_slll_9         
0000d616  __mspabi_srai           
0000d63e  __mspabi_srai_1         
0000d62c  __mspabi_srai_10        
0000d62a  __mspabi_srai_11        
0000d628  __mspabi_srai_12        
0000d626  __mspabi_srai_13        
0000d624  __mspabi_srai_14        
0000d622  __mspabi_srai_15        
0000d63c  __mspabi_srai_2         
0000d63a  __mspabi_srai_3         
0000d638  __mspabi_srai_4         
0000d636  __mspabi_srai_5         
0000d634  __mspabi_srai_6         
0000d632  __mspabi_srai_7         
0000d630  __mspabi_srai_8         
0000d62e  __mspabi_srai_9         
0000d732  __mspabi_sral           
0000d59c  __mspabi_sral_1         
0000d578  __mspabi_sral_10        
0000d574  __mspabi_sral_11        
0000d570  __mspabi_sral_12        
0000d56c  __mspabi_sral_13        
0000d568  __mspabi_sral_14        
0000d564  __mspabi_sral_15        
0000d598  __mspabi_sral_2         
0000d594  __mspabi_sral_3         
0000d590  __mspabi_sral_4         
0000d58c  __mspabi_sral_5         
0000d588  __mspabi_sral_6         
0000d584  __mspabi_sral_7         
0000d580  __mspabi_sral_8         
0000d57c  __mspabi_sral_9         
0000d488  __mspabi_srli           
0000d4ce  __mspabi_srli_1         
0000d4aa  __mspabi_srli_10        
0000d4a6  __mspabi_srli_11        
0000d4a2  __mspabi_srli_12        
0000d49e  __mspabi_srli_13        
0000d49a  __mspabi_srli_14        
0000d496  __mspabi_srli_15        
0000d4ca  __mspabi_srli_2         
0000d4c6  __mspabi_srli_3         
0000d4c2  __mspabi_srli_4         
0000d4be  __mspabi_srli_5         
0000d4ba  __mspabi_srli_6         
0000d4b6  __mspabi_srli_7         
0000d4b2  __mspabi_srli_8         
0000d4ae  __mspabi_srli_9         
0000d6fe  __mspabi_srll           
0000d426  __mspabi_srll_1         
0000d3f0  __mspabi_srll_10        
0000d3ea  __mspabi_srll_11        
0000d3e4  __mspabi_srll_12        
0000d3de  __mspabi_srll_13        
0000d3d8  __mspabi_srll_14        
0000d3d2  __mspabi_srll_15        
0000d420  __mspabi_srll_2         
0000d41a  __mspabi_srll_3         
0000d414  __mspabi_srll_4         
0000d40e  __mspabi_srll_5         
0000d408  __mspabi_srll_6         
0000d402  __mspabi_srll_7         
0000d3fc  __mspabi_srll_8         
0000d3f6  __mspabi_srll_9         
0000d300  _auto_init              
0000d6be  _c_int00_noargs_noexit  
0000fffe  _reset_vector           
000003b0  _stack                  
0000d780  _system_post_cinit      
0000d77c  _system_pre_init        
0000023e  aRes                    
0000d770  abort                   
00000200  accelorameter_raw       
00000212  ax                      
00000216  ay                      
0000021a  az                      
0000d42e  copy_in                 
00000242  gRes                    
0000021e  gx                      
00000222  gy                      
00000206  gyroscope_raw           
00000226  gz                      
00000246  mRes                    
0000020c  magnetometer_raw        
0000c776  main                    
0000d710  memcpy                  
0000022a  mx                      
0000022e  my                      
00000232  mz                      
0000024a  received_ch             
00000236  temperature             
0000023c  whoami                  


GLOBAL SYMBOLS: SORTED BY Symbol Address 

address   name                    
-------   ----                    
00000000  IE1                     
00000001  IE2                     
00000002  IFG1                    
00000003  IFG2                    
00000010  P3REN                   
00000018  P3IN                    
00000019  P3OUT                   
0000001a  P3DIR                   
0000001b  P3SEL                   
00000020  P1IN                    
00000021  P1OUT                   
00000022  P1DIR                   
00000023  P1IFG                   
00000024  P1IES                   
00000025  P1IE                    
00000026  P1SEL                   
00000027  P1REN                   
00000028  P2IN                    
00000029  P2OUT                   
0000002a  P2DIR                   
0000002b  P2IFG                   
0000002c  P2IES                   
0000002d  P2IE                    
0000002e  P2SEL                   
0000002f  P2REN                   
00000041  P1SEL2                  
00000042  P2SEL2                  
00000043  P3SEL2                  
00000048  ADC10DTC0               
00000049  ADC10DTC1               
0000004a  ADC10AE0                
00000050  __STACK_SIZE            
00000053  BCSCTL3                 
00000056  DCOCTL                  
00000057  BCSCTL1                 
00000058  BCSCTL2                 
00000059  CACTL1                  
0000005a  CACTL2                  
0000005b  CAPD                    
0000005d  UCA0ABCTL               
0000005e  UCA0IRTCTL              
0000005f  UCA0IRRCTL              
00000060  UCA0CTL0                
00000061  UCA0CTL1                
00000062  UCA0BR0                 
00000063  UCA0BR1                 
00000064  UCA0MCTL                
00000065  UCA0STAT                
00000066  UCA0RXBUF               
00000067  UCA0TXBUF               
00000068  UCB0CTL0                
00000069  UCB0CTL1                
0000006a  UCB0BR0                 
0000006b  UCB0BR1                 
0000006c  UCB0I2CIE               
0000006d  UCB0STAT                
0000006e  UCB0RXBUF               
0000006f  UCB0TXBUF               
00000118  UCB0I2COA               
0000011a  UCB0I2CSA               
0000011e  TA1IV                   
00000120  WDTCTL                  
00000128  FCTL1                   
0000012a  FCTL2                   
0000012c  FCTL3                   
0000012e  TA0IV                   
00000160  TA0CTL                  
00000162  TA0CCTL0                
00000164  TA0CCTL1                
00000166  TA0CCTL2                
00000170  TA0R                    
00000172  TA0CCR0                 
00000174  TA0CCR1                 
00000176  TA0CCR2                 
00000180  TA1CTL                  
00000182  TA1CCTL0                
00000184  TA1CCTL1                
00000186  TA1CCTL2                
00000190  TA1R                    
00000192  TA1CCR0                 
00000194  TA1CCR1                 
00000196  TA1CCR2                 
000001b0  ADC10CTL0               
000001b2  ADC10CTL1               
000001b4  ADC10MEM                
000001bc  ADC10SA                 
00000200  accelorameter_raw       
00000206  gyroscope_raw           
0000020c  magnetometer_raw        
00000212  ax                      
00000216  ay                      
0000021a  az                      
0000021e  gx                      
00000222  gy                      
00000226  gz                      
0000022a  mx                      
0000022e  my                      
00000232  mz                      
00000236  temperature             
0000023a  MagID                   
0000023c  whoami                  
0000023e  aRes                    
00000242  gRes                    
00000246  mRes                    
0000024a  received_ch             
000003b0  _stack                  
00000400  __STACK_END             
000010c0  TLV_CHECKSUM            
000010da  TLV_ADC10_1_TAG         
000010db  TLV_ADC10_1_LEN         
000010f6  TLV_DCO_30_TAG          
000010f7  TLV_DCO_30_LEN          
000010f8  CALDCO_16MHZ            
000010f9  CALBC1_16MHZ            
000010fa  CALDCO_12MHZ            
000010fb  CALBC1_12MHZ            
000010fc  CALDCO_8MHZ             
000010fd  CALBC1_8MHZ             
000010fe  CALDCO_1MHZ             
000010ff  CALBC1_1MHZ             
0000c000  __TI_frcdivd            
0000c48e  __mspabi_addd           
0000c776  main                    
0000ca20  __TI_frcaddd            
0000cc80  __mspabi_divd           
0000ceb8  __mspabi_mpyf           
0000cf7c  __TI_renormd            
0000d03a  Read_Magnetometer       
0000d0ea  Read_Accelorameter      
0000d176  Read_Gyroscope          
0000d202  __mspabi_cvtdf          
0000d28e  __mspabi_cvtfd          
0000d300  _auto_init              
0000d3d2  __mspabi_srll_15        
0000d3d8  __mspabi_srll_14        
0000d3de  __mspabi_srll_13        
0000d3e4  __mspabi_srll_12        
0000d3ea  __mspabi_srll_11        
0000d3f0  __mspabi_srll_10        
0000d3f6  __mspabi_srll_9         
0000d3fc  __mspabi_srll_8         
0000d402  __mspabi_srll_7         
0000d408  __mspabi_srll_6         
0000d40e  __mspabi_srll_5         
0000d414  __mspabi_srll_4         
0000d41a  __mspabi_srll_3         
0000d420  __mspabi_srll_2         
0000d426  __mspabi_srll_1         
0000d42e  copy_in                 
0000d488  __mspabi_srli           
0000d496  __mspabi_srli_15        
0000d49a  __mspabi_srli_14        
0000d49e  __mspabi_srli_13        
0000d4a2  __mspabi_srli_12        
0000d4a6  __mspabi_srli_11        
0000d4aa  __mspabi_srli_10        
0000d4ae  __mspabi_srli_9         
0000d4b2  __mspabi_srli_8         
0000d4b6  __mspabi_srli_7         
0000d4ba  __mspabi_srli_6         
0000d4be  __mspabi_srli_5         
0000d4c2  __mspabi_srli_4         
0000d4c6  __mspabi_srli_3         
0000d4ca  __mspabi_srli_2         
0000d4ce  __mspabi_srli_1         
0000d4d4  SPI_Transceive          
0000d51e  Read_Magnetometer_Id    
0000d564  __mspabi_sral_15        
0000d568  __mspabi_sral_14        
0000d56c  __mspabi_sral_13        
0000d570  __mspabi_sral_12        
0000d574  __mspabi_sral_11        
0000d578  __mspabi_sral_10        
0000d57c  __mspabi_sral_9         
0000d580  __mspabi_sral_8         
0000d584  __mspabi_sral_7         
0000d588  __mspabi_sral_6         
0000d58c  __mspabi_sral_5         
0000d590  __mspabi_sral_4         
0000d594  __mspabi_sral_3         
0000d598  __mspabi_sral_2         
0000d59c  __mspabi_sral_1         
0000d5a2  __mspabi_slll_15        
0000d5a6  __mspabi_slll_14        
0000d5aa  __mspabi_slll_13        
0000d5ae  __mspabi_slll_12        
0000d5b2  __mspabi_slll_11        
0000d5b6  __mspabi_slll_10        
0000d5ba  __mspabi_slll_9         
0000d5be  __mspabi_slll_8         
0000d5c2  __mspabi_slll_7         
0000d5c6  __mspabi_slll_6         
0000d5ca  __mspabi_slll_5         
0000d5ce  __mspabi_slll_4         
0000d5d2  __mspabi_slll_3         
0000d5d6  __mspabi_slll_2         
0000d5da  __mspabi_slll_1         
0000d5e0  __mspabi_fltif          
0000d616  __mspabi_srai           
0000d622  __mspabi_srai_15        
0000d624  __mspabi_srai_14        
0000d626  __mspabi_srai_13        
0000d628  __mspabi_srai_12        
0000d62a  __mspabi_srai_11        
0000d62c  __mspabi_srai_10        
0000d62e  __mspabi_srai_9         
0000d630  __mspabi_srai_8         
0000d632  __mspabi_srai_7         
0000d634  __mspabi_srai_6         
0000d636  __mspabi_srai_5         
0000d638  __mspabi_srai_4         
0000d63a  __mspabi_srai_3         
0000d63c  __mspabi_srai_2         
0000d63e  __mspabi_srai_1         
0000d642  __mspabi_slli           
0000d64e  __mspabi_slli_15        
0000d650  __mspabi_slli_14        
0000d652  __mspabi_slli_13        
0000d654  __mspabi_slli_12        
0000d656  __mspabi_slli_11        
0000d658  __mspabi_slli_10        
0000d65a  __mspabi_slli_9         
0000d65c  __mspabi_slli_8         
0000d65e  __mspabi_slli_7         
0000d660  __mspabi_slli_6         
0000d662  __mspabi_slli_5         
0000d664  __mspabi_slli_4         
0000d666  __mspabi_slli_3         
0000d668  __mspabi_slli_2         
0000d66a  __mspabi_slli_1         
0000d66e  Read_Temp               
0000d698  __mspabi_mpyl           
0000d698  __mspabi_mpyl_sw        
0000d6be  _c_int00_noargs_noexit  
0000d6d8  __mspabi_mpyi           
0000d6d8  __mspabi_mpyi_sw        
0000d6ec  __TI_decompress_none    
0000d6fe  __mspabi_srll           
0000d710  memcpy                  
0000d722  SPI_Read                
0000d732  __mspabi_sral           
0000d742  __mspabi_slll           
0000d752  __mspabi_func_epilog_7  
0000d754  __mspabi_func_epilog_6  
0000d756  __mspabi_func_epilog_5  
0000d758  __mspabi_func_epilog_4  
0000d75a  __mspabi_func_epilog_3  
0000d75c  __mspabi_func_epilog_2  
0000d75e  __mspabi_func_epilog_1  
0000d762  __TI_ISR_TRAP           
0000d76a  SPI_Write               
0000d770  C$$EXIT                 
0000d770  abort                   
0000d776  __TI_decompress_rle24   
0000d77c  _system_pre_init        
0000d780  _system_post_cinit      
0000d79e  __TI_Handler_Table_Base 
0000d7a2  __TI_CINIT_Base         
0000d7a2  __TI_Handler_Table_Limit
0000d7aa  __TI_CINIT_Limit        
0000ffe0  __TI_int00              
0000ffe4  __TI_int02              
0000ffe6  __TI_int03              
0000ffea  __TI_int05              
0000ffec  __TI_int06              
0000ffee  __TI_int07              
0000fff0  __TI_int08              
0000fff2  __TI_int09              
0000fff4  __TI_int10              
0000fff6  __TI_int11              
0000fff8  __TI_int12              
0000fffa  __TI_int13              
0000fffc  __TI_int14              
0000fffe  _reset_vector           
ffffffff  __TI_pprof_out_hndl     
ffffffff  __TI_prof_data_size     
ffffffff  __TI_prof_data_start    
ffffffff  __c_args__              
UNDEFED   __TI_BINIT_Base         
UNDEFED   __TI_BINIT_Limit        
UNDEFED   __TI_INITARRAY_Base     
UNDEFED   __TI_INITARRAY_Limit    

[282 symbols]
