<?xml version="1.0"?>
<link_info>
   <banner>MSP430 Linker PC v15.12.2.LTS</banner>
   <copyright>Copyright (c) 2003-2015 Texas Instruments Incorporated</copyright>
   <link_time>0x57cd64b9</link_time>
   <link_errors>0x1</link_errors>
   <output_file>SPI.out</output_file>
   <entry_point>
      <name>_c_int00_noargs_noexit</name>
      <address>0xfc6c</address>
   </entry_point>
   <input_file_list>
      <input_file id="fl-2">
         <path>.\</path>
         <kind>object</kind>
         <file>ili9163lcd.obj</file>
         <name>ili9163lcd.obj</name>
      </input_file>
      <input_file id="fl-3">
         <path>.\</path>
         <kind>object</kind>
         <file>main.obj</file>
         <name>main.obj</name>
      </input_file>
      <input_file id="fl-1e">
         <path>D:\Software\TI\ccsv6\tools\compiler\msp430_15.12.2.LTS\lib\</path>
         <kind>archive</kind>
         <file>rts430_eabi.lib</file>
         <name>addd.obj</name>
      </input_file>
      <input_file id="fl-1f">
         <path>D:\Software\TI\ccsv6\tools\compiler\msp430_15.12.2.LTS\lib\</path>
         <kind>archive</kind>
         <file>rts430_eabi.lib</file>
         <name>asr16.obj</name>
      </input_file>
      <input_file id="fl-20">
         <path>D:\Software\TI\ccsv6\tools\compiler\msp430_15.12.2.LTS\lib\</path>
         <kind>archive</kind>
         <file>rts430_eabi.lib</file>
         <name>boot.obj</name>
      </input_file>
      <input_file id="fl-21">
         <path>D:\Software\TI\ccsv6\tools\compiler\msp430_15.12.2.LTS\lib\</path>
         <kind>archive</kind>
         <file>rts430_eabi.lib</file>
         <name>boot_special.obj</name>
      </input_file>
      <input_file id="fl-22">
         <path>D:\Software\TI\ccsv6\tools\compiler\msp430_15.12.2.LTS\lib\</path>
         <kind>archive</kind>
         <file>rts430_eabi.lib</file>
         <name>copy_decompress_none.obj</name>
      </input_file>
      <input_file id="fl-23">
         <path>D:\Software\TI\ccsv6\tools\compiler\msp430_15.12.2.LTS\lib\</path>
         <kind>archive</kind>
         <file>rts430_eabi.lib</file>
         <name>copy_decompress_rle.obj</name>
      </input_file>
      <input_file id="fl-24">
         <path>D:\Software\TI\ccsv6\tools\compiler\msp430_15.12.2.LTS\lib\</path>
         <kind>archive</kind>
         <file>rts430_eabi.lib</file>
         <name>copy_zero_init.obj</name>
      </input_file>
      <input_file id="fl-25">
         <path>D:\Software\TI\ccsv6\tools\compiler\msp430_15.12.2.LTS\lib\</path>
         <kind>archive</kind>
         <file>rts430_eabi.lib</file>
         <name>cvtdf.obj</name>
      </input_file>
      <input_file id="fl-26">
         <path>D:\Software\TI\ccsv6\tools\compiler\msp430_15.12.2.LTS\lib\</path>
         <kind>archive</kind>
         <file>rts430_eabi.lib</file>
         <name>cvtfd.obj</name>
      </input_file>
      <input_file id="fl-27">
         <path>D:\Software\TI\ccsv6\tools\compiler\msp430_15.12.2.LTS\lib\</path>
         <kind>archive</kind>
         <file>rts430_eabi.lib</file>
         <name>divd.obj</name>
      </input_file>
      <input_file id="fl-28">
         <path>D:\Software\TI\ccsv6\tools\compiler\msp430_15.12.2.LTS\lib\</path>
         <kind>archive</kind>
         <file>rts430_eabi.lib</file>
         <name>e_atan2.obj</name>
      </input_file>
      <input_file id="fl-29">
         <path>D:\Software\TI\ccsv6\tools\compiler\msp430_15.12.2.LTS\lib\</path>
         <kind>archive</kind>
         <file>rts430_eabi.lib</file>
         <name>e_sqrt.obj</name>
      </input_file>
      <input_file id="fl-2a">
         <path>D:\Software\TI\ccsv6\tools\compiler\msp430_15.12.2.LTS\lib\</path>
         <kind>archive</kind>
         <file>rts430_eabi.lib</file>
         <name>epilog.obj</name>
      </input_file>
      <input_file id="fl-2b">
         <path>D:\Software\TI\ccsv6\tools\compiler\msp430_15.12.2.LTS\lib\</path>
         <kind>archive</kind>
         <file>rts430_eabi.lib</file>
         <name>errno.obj</name>
      </input_file>
      <input_file id="fl-2c">
         <path>D:\Software\TI\ccsv6\tools\compiler\msp430_15.12.2.LTS\lib\</path>
         <kind>archive</kind>
         <file>rts430_eabi.lib</file>
         <name>exit.obj</name>
      </input_file>
      <input_file id="fl-2d">
         <path>D:\Software\TI\ccsv6\tools\compiler\msp430_15.12.2.LTS\lib\</path>
         <kind>archive</kind>
         <file>rts430_eabi.lib</file>
         <name>exit_gvars.obj</name>
      </input_file>
      <input_file id="fl-2e">
         <path>D:\Software\TI\ccsv6\tools\compiler\msp430_15.12.2.LTS\lib\</path>
         <kind>archive</kind>
         <file>rts430_eabi.lib</file>
         <name>fltid.obj</name>
      </input_file>
      <input_file id="fl-2f">
         <path>D:\Software\TI\ccsv6\tools\compiler\msp430_15.12.2.LTS\lib\</path>
         <kind>archive</kind>
         <file>rts430_eabi.lib</file>
         <name>fltlid.obj</name>
      </input_file>
      <input_file id="fl-30">
         <path>D:\Software\TI\ccsv6\tools\compiler\msp430_15.12.2.LTS\lib\</path>
         <kind>archive</kind>
         <file>rts430_eabi.lib</file>
         <name>frcaddd.obj</name>
      </input_file>
      <input_file id="fl-31">
         <path>D:\Software\TI\ccsv6\tools\compiler\msp430_15.12.2.LTS\lib\</path>
         <kind>archive</kind>
         <file>rts430_eabi.lib</file>
         <name>frcdivd.obj</name>
      </input_file>
      <input_file id="fl-32">
         <path>D:\Software\TI\ccsv6\tools\compiler\msp430_15.12.2.LTS\lib\</path>
         <kind>archive</kind>
         <file>rts430_eabi.lib</file>
         <name>fs_add.obj</name>
      </input_file>
      <input_file id="fl-33">
         <path>D:\Software\TI\ccsv6\tools\compiler\msp430_15.12.2.LTS\lib\</path>
         <kind>archive</kind>
         <file>rts430_eabi.lib</file>
         <name>fs_itof.obj</name>
      </input_file>
      <input_file id="fl-34">
         <path>D:\Software\TI\ccsv6\tools\compiler\msp430_15.12.2.LTS\lib\</path>
         <kind>archive</kind>
         <file>rts430_eabi.lib</file>
         <name>fs_mpy.obj</name>
      </input_file>
      <input_file id="fl-35">
         <path>D:\Software\TI\ccsv6\tools\compiler\msp430_15.12.2.LTS\lib\</path>
         <kind>archive</kind>
         <file>rts430_eabi.lib</file>
         <name>fs_neg.obj</name>
      </input_file>
      <input_file id="fl-36">
         <path>D:\Software\TI\ccsv6\tools\compiler\msp430_15.12.2.LTS\lib\</path>
         <kind>archive</kind>
         <file>rts430_eabi.lib</file>
         <name>fs_toi.obj</name>
      </input_file>
      <input_file id="fl-37">
         <path>D:\Software\TI\ccsv6\tools\compiler\msp430_15.12.2.LTS\lib\</path>
         <kind>archive</kind>
         <file>rts430_eabi.lib</file>
         <name>int00.obj</name>
      </input_file>
      <input_file id="fl-38">
         <path>D:\Software\TI\ccsv6\tools\compiler\msp430_15.12.2.LTS\lib\</path>
         <kind>archive</kind>
         <file>rts430_eabi.lib</file>
         <name>int03.obj</name>
      </input_file>
      <input_file id="fl-39">
         <path>D:\Software\TI\ccsv6\tools\compiler\msp430_15.12.2.LTS\lib\</path>
         <kind>archive</kind>
         <file>rts430_eabi.lib</file>
         <name>int05.obj</name>
      </input_file>
      <input_file id="fl-3a">
         <path>D:\Software\TI\ccsv6\tools\compiler\msp430_15.12.2.LTS\lib\</path>
         <kind>archive</kind>
         <file>rts430_eabi.lib</file>
         <name>int06.obj</name>
      </input_file>
      <input_file id="fl-3b">
         <path>D:\Software\TI\ccsv6\tools\compiler\msp430_15.12.2.LTS\lib\</path>
         <kind>archive</kind>
         <file>rts430_eabi.lib</file>
         <name>int07.obj</name>
      </input_file>
      <input_file id="fl-3c">
         <path>D:\Software\TI\ccsv6\tools\compiler\msp430_15.12.2.LTS\lib\</path>
         <kind>archive</kind>
         <file>rts430_eabi.lib</file>
         <name>int08.obj</name>
      </input_file>
      <input_file id="fl-3d">
         <path>D:\Software\TI\ccsv6\tools\compiler\msp430_15.12.2.LTS\lib\</path>
         <kind>archive</kind>
         <file>rts430_eabi.lib</file>
         <name>int09.obj</name>
      </input_file>
      <input_file id="fl-3e">
         <path>D:\Software\TI\ccsv6\tools\compiler\msp430_15.12.2.LTS\lib\</path>
         <kind>archive</kind>
         <file>rts430_eabi.lib</file>
         <name>int10.obj</name>
      </input_file>
      <input_file id="fl-3f">
         <path>D:\Software\TI\ccsv6\tools\compiler\msp430_15.12.2.LTS\lib\</path>
         <kind>archive</kind>
         <file>rts430_eabi.lib</file>
         <name>int11.obj</name>
      </input_file>
      <input_file id="fl-40">
         <path>D:\Software\TI\ccsv6\tools\compiler\msp430_15.12.2.LTS\lib\</path>
         <kind>archive</kind>
         <file>rts430_eabi.lib</file>
         <name>int12.obj</name>
      </input_file>
      <input_file id="fl-41">
         <path>D:\Software\TI\ccsv6\tools\compiler\msp430_15.12.2.LTS\lib\</path>
         <kind>archive</kind>
         <file>rts430_eabi.lib</file>
         <name>int13.obj</name>
      </input_file>
      <input_file id="fl-42">
         <path>D:\Software\TI\ccsv6\tools\compiler\msp430_15.12.2.LTS\lib\</path>
         <kind>archive</kind>
         <file>rts430_eabi.lib</file>
         <name>int14.obj</name>
      </input_file>
      <input_file id="fl-43">
         <path>D:\Software\TI\ccsv6\tools\compiler\msp430_15.12.2.LTS\lib\</path>
         <kind>archive</kind>
         <file>rts430_eabi.lib</file>
         <name>isr_trap.obj</name>
      </input_file>
      <input_file id="fl-44">
         <path>D:\Software\TI\ccsv6\tools\compiler\msp430_15.12.2.LTS\lib\</path>
         <kind>archive</kind>
         <file>rts430_eabi.lib</file>
         <name>lsl16.obj</name>
      </input_file>
      <input_file id="fl-45">
         <path>D:\Software\TI\ccsv6\tools\compiler\msp430_15.12.2.LTS\lib\</path>
         <kind>archive</kind>
         <file>rts430_eabi.lib</file>
         <name>lsl32.obj</name>
      </input_file>
      <input_file id="fl-46">
         <path>D:\Software\TI\ccsv6\tools\compiler\msp430_15.12.2.LTS\lib\</path>
         <kind>archive</kind>
         <file>rts430_eabi.lib</file>
         <name>lsr16.obj</name>
      </input_file>
      <input_file id="fl-47">
         <path>D:\Software\TI\ccsv6\tools\compiler\msp430_15.12.2.LTS\lib\</path>
         <kind>archive</kind>
         <file>rts430_eabi.lib</file>
         <name>lsr32.obj</name>
      </input_file>
      <input_file id="fl-48">
         <path>D:\Software\TI\ccsv6\tools\compiler\msp430_15.12.2.LTS\lib\</path>
         <kind>archive</kind>
         <file>rts430_eabi.lib</file>
         <name>lsr64.obj</name>
      </input_file>
      <input_file id="fl-49">
         <path>D:\Software\TI\ccsv6\tools\compiler\msp430_15.12.2.LTS\lib\</path>
         <kind>archive</kind>
         <file>rts430_eabi.lib</file>
         <name>memcpy.obj</name>
      </input_file>
      <input_file id="fl-4a">
         <path>D:\Software\TI\ccsv6\tools\compiler\msp430_15.12.2.LTS\lib\</path>
         <kind>archive</kind>
         <file>rts430_eabi.lib</file>
         <name>mpu_init.obj</name>
      </input_file>
      <input_file id="fl-4b">
         <path>D:\Software\TI\ccsv6\tools\compiler\msp430_15.12.2.LTS\lib\</path>
         <kind>archive</kind>
         <file>rts430_eabi.lib</file>
         <name>mpyd.obj</name>
      </input_file>
      <input_file id="fl-4c">
         <path>D:\Software\TI\ccsv6\tools\compiler\msp430_15.12.2.LTS\lib\</path>
         <kind>archive</kind>
         <file>rts430_eabi.lib</file>
         <name>mult16.obj</name>
      </input_file>
      <input_file id="fl-4d">
         <path>D:\Software\TI\ccsv6\tools\compiler\msp430_15.12.2.LTS\lib\</path>
         <kind>archive</kind>
         <file>rts430_eabi.lib</file>
         <name>mult32.obj</name>
      </input_file>
      <input_file id="fl-4e">
         <path>D:\Software\TI\ccsv6\tools\compiler\msp430_15.12.2.LTS\lib\</path>
         <kind>archive</kind>
         <file>rts430_eabi.lib</file>
         <name>negd.obj</name>
      </input_file>
      <input_file id="fl-4f">
         <path>D:\Software\TI\ccsv6\tools\compiler\msp430_15.12.2.LTS\lib\</path>
         <kind>archive</kind>
         <file>rts430_eabi.lib</file>
         <name>pre_init.obj</name>
      </input_file>
      <input_file id="fl-50">
         <path>D:\Software\TI\ccsv6\tools\compiler\msp430_15.12.2.LTS\lib\</path>
         <kind>archive</kind>
         <file>rts430_eabi.lib</file>
         <name>renormd.obj</name>
      </input_file>
      <input_file id="fl-51">
         <path>D:\Software\TI\ccsv6\tools\compiler\msp430_15.12.2.LTS\lib\</path>
         <kind>archive</kind>
         <file>rts430_eabi.lib</file>
         <name>s_atan.obj</name>
      </input_file>
      <input_file id="fl-52">
         <path>D:\Software\TI\ccsv6\tools\compiler\msp430_15.12.2.LTS\lib\</path>
         <kind>archive</kind>
         <file>rts430_eabi.lib</file>
         <name>sprintf.obj</name>
      </input_file>
      <input_file id="fl-53">
         <path>D:\Software\TI\ccsv6\tools\compiler\msp430_15.12.2.LTS\lib\</path>
         <kind>archive</kind>
         <file>rts430_eabi.lib</file>
         <name>strlen.obj</name>
      </input_file>
      <input_file id="fl-54">
         <path>D:\Software\TI\ccsv6\tools\compiler\msp430_15.12.2.LTS\lib\</path>
         <kind>archive</kind>
         <file>rts430_eabi.lib</file>
         <name>subd.obj</name>
      </input_file>
      <input_file id="fl-55">
         <path>D:\Software\TI\ccsv6\tools\compiler\msp430_15.12.2.LTS\lib\</path>
         <kind>archive</kind>
         <file>rts430_eabi.lib</file>
         <name>_lock.obj</name>
      </input_file>
      <input_file id="fl-56">
         <path>D:\Software\TI\ccsv6\tools\compiler\msp430_15.12.2.LTS\lib\</path>
         <kind>archive</kind>
         <file>rts430_eabi.lib</file>
         <name>_printfi_min.obj</name>
      </input_file>
      <input_file id="fl-57">
         <path>D:\Software\TI\ccsv6\tools\compiler\msp430_15.12.2.LTS\lib\</path>
         <kind>archive</kind>
         <file>rts430_eabi.lib</file>
         <name>args_main.obj</name>
      </input_file>
      <input_file id="fl-58">
         <path>D:\Software\TI\ccsv6\tools\compiler\msp430_15.12.2.LTS\lib\</path>
         <kind>archive</kind>
         <file>rts430_eabi.lib</file>
         <name>asr32.obj</name>
      </input_file>
      <input_file id="fl-59">
         <path>D:\Software\TI\ccsv6\tools\compiler\msp430_15.12.2.LTS\lib\</path>
         <kind>archive</kind>
         <file>rts430_eabi.lib</file>
         <name>autoinit.obj</name>
      </input_file>
      <input_file id="fl-5a">
         <path>D:\Software\TI\ccsv6\tools\compiler\msp430_15.12.2.LTS\lib\</path>
         <kind>archive</kind>
         <file>rts430_eabi.lib</file>
         <name>cmpd.obj</name>
      </input_file>
      <input_file id="fl-5b">
         <path>D:\Software\TI\ccsv6\tools\compiler\msp430_15.12.2.LTS\lib\</path>
         <kind>archive</kind>
         <file>rts430_eabi.lib</file>
         <name>cpy_tbl.obj</name>
      </input_file>
      <input_file id="fl-5c">
         <path>D:\Software\TI\ccsv6\tools\compiler\msp430_15.12.2.LTS\lib\</path>
         <kind>archive</kind>
         <file>rts430_eabi.lib</file>
         <name>div16u.obj</name>
      </input_file>
      <input_file id="fl-5d">
         <path>D:\Software\TI\ccsv6\tools\compiler\msp430_15.12.2.LTS\lib\</path>
         <kind>archive</kind>
         <file>rts430_eabi.lib</file>
         <name>frcmpyd.obj</name>
      </input_file>
      <input_file id="fl-5e">
         <path>D:\Software\TI\ccsv6\tools\compiler\msp430_15.12.2.LTS\lib\</path>
         <kind>archive</kind>
         <file>rts430_eabi.lib</file>
         <name>memccpy.obj</name>
      </input_file>
      <input_file id="fl-5f">
         <path>D:\Software\TI\ccsv6\tools\compiler\msp430_15.12.2.LTS\lib\</path>
         <kind>archive</kind>
         <file>rts430_eabi.lib</file>
         <name>memset.obj</name>
      </input_file>
      <input_file id="fl-60">
         <path>D:\Software\TI\ccsv6\tools\compiler\msp430_15.12.2.LTS\lib\</path>
         <kind>archive</kind>
         <file>rts430_eabi.lib</file>
         <name>startup.obj</name>
      </input_file>
   </input_file_list>
   <object_component_list>
      <object_component id="oc-1de">
         <name>.common:test_0</name>
         <uninitialized>true</uninitialized>
         <run_address>0x25e</run_address>
         <size>0x2</size>
      </object_component>
      <object_component id="oc-1df">
         <name>.common:test_1</name>
         <uninitialized>true</uninitialized>
         <run_address>0x260</run_address>
         <size>0x2</size>
      </object_component>
      <object_component id="oc-1e0">
         <name>.common:test_2</name>
         <uninitialized>true</uninitialized>
         <run_address>0x262</run_address>
         <size>0x2</size>
      </object_component>
      <object_component id="oc-1a3">
         <name>.common:received_ch</name>
         <uninitialized>true</uninitialized>
         <run_address>0x266</run_address>
         <size>0x1</size>
      </object_component>
      <object_component id="oc-19e">
         <name>.common:sensor</name>
         <uninitialized>true</uninitialized>
         <run_address>0x25c</run_address>
         <size>0x2</size>
      </object_component>
      <object_component id="oc-23a">
         <name>.common:accelorameter_raw</name>
         <uninitialized>true</uninitialized>
         <run_address>0x200</run_address>
         <size>0x6</size>
      </object_component>
      <object_component id="oc-239">
         <name>.common:gyroscope_raw</name>
         <uninitialized>true</uninitialized>
         <run_address>0x206</run_address>
         <size>0x6</size>
      </object_component>
      <object_component id="oc-1e1">
         <name>.common:magnetometer_raw</name>
         <uninitialized>true</uninitialized>
         <run_address>0x20c</run_address>
         <size>0x6</size>
      </object_component>
      <object_component id="oc-253">
         <name>.common:whoami</name>
         <uninitialized>true</uninitialized>
         <run_address>0x264</run_address>
         <size>0x2</size>
      </object_component>
      <object_component id="oc-2bf">
         <name>.common:MagID</name>
         <uninitialized>true</uninitialized>
         <run_address>0x25a</run_address>
         <size>0x2</size>
      </object_component>
      <object_component id="oc-1a4">
         <name>.common:aRes</name>
         <uninitialized>true</uninitialized>
         <run_address>0x212</run_address>
         <size>0x4</size>
      </object_component>
      <object_component id="oc-1a5">
         <name>.common:gRes</name>
         <uninitialized>true</uninitialized>
         <run_address>0x222</run_address>
         <size>0x4</size>
      </object_component>
      <object_component id="oc-1a6">
         <name>.common:mRes</name>
         <uninitialized>true</uninitialized>
         <run_address>0x232</run_address>
         <size>0x4</size>
      </object_component>
      <object_component id="oc-217">
         <name>.common:ax</name>
         <uninitialized>true</uninitialized>
         <run_address>0x216</run_address>
         <size>0x4</size>
      </object_component>
      <object_component id="oc-219">
         <name>.common:ay</name>
         <uninitialized>true</uninitialized>
         <run_address>0x21a</run_address>
         <size>0x4</size>
      </object_component>
      <object_component id="oc-21b">
         <name>.common:az</name>
         <uninitialized>true</uninitialized>
         <run_address>0x21e</run_address>
         <size>0x4</size>
      </object_component>
      <object_component id="oc-236">
         <name>.common:gx</name>
         <uninitialized>true</uninitialized>
         <run_address>0x226</run_address>
         <size>0x4</size>
      </object_component>
      <object_component id="oc-237">
         <name>.common:gy</name>
         <uninitialized>true</uninitialized>
         <run_address>0x22a</run_address>
         <size>0x4</size>
      </object_component>
      <object_component id="oc-238">
         <name>.common:gz</name>
         <uninitialized>true</uninitialized>
         <run_address>0x22e</run_address>
         <size>0x4</size>
      </object_component>
      <object_component id="oc-1e8">
         <name>.common:mx</name>
         <uninitialized>true</uninitialized>
         <run_address>0x236</run_address>
         <size>0x4</size>
      </object_component>
      <object_component id="oc-254">
         <name>.common:my</name>
         <uninitialized>true</uninitialized>
         <run_address>0x23a</run_address>
         <size>0x4</size>
      </object_component>
      <object_component id="oc-24c">
         <name>.common:mz</name>
         <uninitialized>true</uninitialized>
         <run_address>0x23e</run_address>
         <size>0x4</size>
      </object_component>
      <object_component id="oc-22f">
         <name>.common:pitch</name>
         <uninitialized>true</uninitialized>
         <run_address>0x24e</run_address>
         <size>0x4</size>
      </object_component>
      <object_component id="oc-228">
         <name>.common:roll</name>
         <uninitialized>true</uninitialized>
         <run_address>0x252</run_address>
         <size>0x4</size>
      </object_component>
      <object_component id="oc-218">
         <name>.common:pax</name>
         <uninitialized>true</uninitialized>
         <run_address>0x242</run_address>
         <size>0x4</size>
      </object_component>
      <object_component id="oc-21a">
         <name>.common:pay</name>
         <uninitialized>true</uninitialized>
         <run_address>0x246</run_address>
         <size>0x4</size>
      </object_component>
      <object_component id="oc-21c">
         <name>.common:paz</name>
         <uninitialized>true</uninitialized>
         <run_address>0x24a</run_address>
         <size>0x4</size>
      </object_component>
      <object_component id="oc-216">
         <name>.common:temperature</name>
         <uninitialized>true</uninitialized>
         <run_address>0x256</run_address>
         <size>0x4</size>
      </object_component>
      <object_component id="oc-31f">
         <name>.data</name>
         <load_address>0x268</load_address>
         <run_address>0x268</run_address>
         <size>0x2</size>
         <input_file_ref idref="fl-2b"/>
      </object_component>
      <object_component id="oc-f0">
         <name>.stack</name>
         <uninitialized>true</uninitialized>
         <run_address>0x3b0</run_address>
         <size>0x2</size>
         <input_file_ref idref="fl-20"/>
      </object_component>
      <object_component id="oc-445">
         <name>.stack</name>
         <uninitialized>true</uninitialized>
         <run_address>0x3b0</run_address>
         <size>0x0</size>
      </object_component>
      <object_component id="oc-140">
         <name>.text:main</name>
         <load_address>0xc000</load_address>
         <run_address>0xc000</run_address>
         <size>0x768</size>
         <input_file_ref idref="fl-3"/>
      </object_component>
      <object_component id="oc-306">
         <name>.text:atan</name>
         <load_address>0xc768</load_address>
         <run_address>0xc768</run_address>
         <size>0x4b8</size>
         <input_file_ref idref="fl-51"/>
      </object_component>
      <object_component id="oc-2f5">
         <name>.text:__TI_frcdivd</name>
         <load_address>0xcc20</load_address>
         <run_address>0xcc20</run_address>
         <size>0x48e</size>
         <input_file_ref idref="fl-31"/>
      </object_component>
      <object_component id="oc-222">
         <name>.text:atan2</name>
         <load_address>0xd0ae</load_address>
         <run_address>0xd0ae</run_address>
         <size>0x338</size>
         <input_file_ref idref="fl-28"/>
      </object_component>
      <object_component id="oc-2cd">
         <name>.text:__TI_frcmpyd</name>
         <load_address>0xd3e6</load_address>
         <run_address>0xd3e6</run_address>
         <size>0x2f4</size>
         <input_file_ref idref="fl-5d"/>
      </object_component>
      <object_component id="oc-229">
         <name>.text:sqrt</name>
         <load_address>0xd6da</load_address>
         <run_address>0xd6da</run_address>
         <size>0x2f4</size>
         <input_file_ref idref="fl-29"/>
      </object_component>
      <object_component id="oc-210">
         <name>.text:__mspabi_addd</name>
         <load_address>0xd9ce</load_address>
         <run_address>0xd9ce</run_address>
         <size>0x2e8</size>
         <input_file_ref idref="fl-1e"/>
      </object_component>
      <object_component id="oc-1e9">
         <name>.text:__mspabi_mpyd</name>
         <load_address>0xdcb6</load_address>
         <run_address>0xdcb6</run_address>
         <size>0x26e</size>
         <input_file_ref idref="fl-4b"/>
      </object_component>
      <object_component id="oc-2fd">
         <name>.text:__TI_frcaddd</name>
         <load_address>0xdf24</load_address>
         <run_address>0xdf24</run_address>
         <size>0x260</size>
         <input_file_ref idref="fl-30"/>
      </object_component>
      <object_component id="oc-20a">
         <name>.text:__mspabi_divd</name>
         <load_address>0xe184</load_address>
         <run_address>0xe184</run_address>
         <size>0x238</size>
         <input_file_ref idref="fl-27"/>
      </object_component>
      <object_component id="oc-1b3">
         <name>.text:lcdInitialise</name>
         <load_address>0xe3bc</load_address>
         <run_address>0xe3bc</run_address>
         <size>0x1f4</size>
         <input_file_ref idref="fl-2"/>
      </object_component>
      <object_component id="oc-1e2">
         <name>.text:Read_Magnetometer</name>
         <load_address>0xe5b0</load_address>
         <run_address>0xe5b0</run_address>
         <size>0x1d0</size>
         <input_file_ref idref="fl-3"/>
      </object_component>
      <object_component id="oc-23b">
         <name>.text:Read_Gyroscope</name>
         <load_address>0xe780</load_address>
         <run_address>0xe780</run_address>
         <size>0x15e</size>
         <input_file_ref idref="fl-3"/>
      </object_component>
      <object_component id="oc-1fa">
         <name>.text</name>
         <load_address>0xe8de</load_address>
         <run_address>0xe8de</run_address>
         <size>0x132</size>
         <input_file_ref idref="fl-32"/>
      </object_component>
      <object_component id="oc-241">
         <name>.text:Read_Accelorameter</name>
         <load_address>0xea10</load_address>
         <run_address>0xea10</run_address>
         <size>0x126</size>
         <input_file_ref idref="fl-3"/>
      </object_component>
      <object_component id="oc-3ab">
         <name>.text:_setfield</name>
         <load_address>0xeb36</load_address>
         <run_address>0xeb36</run_address>
         <size>0x116</size>
         <input_file_ref idref="fl-56"/>
      </object_component>
      <object_component id="oc-1d2">
         <name>.text:Init_MPU9250</name>
         <load_address>0xec4c</load_address>
         <run_address>0xec4c</run_address>
         <size>0xfc</size>
         <input_file_ref idref="fl-3"/>
      </object_component>
      <object_component id="oc-33f">
         <name>.text:__TI_printfi_minimal</name>
         <load_address>0xed48</load_address>
         <run_address>0xed48</run_address>
         <size>0xe6</size>
         <input_file_ref idref="fl-56"/>
      </object_component>
      <object_component id="oc-394">
         <name>.text:__mspabi_cmpd</name>
         <load_address>0xee2e</load_address>
         <run_address>0xee2e</run_address>
         <size>0xdc</size>
         <input_file_ref idref="fl-5a"/>
      </object_component>
      <object_component id="oc-3e3">
         <name>.text:_pproc_diouxp</name>
         <load_address>0xef0a</load_address>
         <run_address>0xef0a</run_address>
         <size>0xc8</size>
         <input_file_ref idref="fl-56"/>
      </object_component>
      <object_component id="oc-1f5">
         <name>.text</name>
         <load_address>0xefd2</load_address>
         <run_address>0xefd2</run_address>
         <size>0xc4</size>
         <input_file_ref idref="fl-34"/>
      </object_component>
      <object_component id="oc-384">
         <name>.text:__TI_renormd</name>
         <load_address>0xf096</load_address>
         <run_address>0xf096</run_address>
         <size>0xbe</size>
         <input_file_ref idref="fl-50"/>
      </object_component>
      <object_component id="oc-1c6">
         <name>.text:Init_BMX055</name>
         <load_address>0xf154</load_address>
         <run_address>0xf154</run_address>
         <size>0xb8</size>
         <input_file_ref idref="fl-3"/>
      </object_component>
      <object_component id="oc-34b">
         <name>.text:__mspabi_fltlid</name>
         <load_address>0xf20c</load_address>
         <run_address>0xf20c</run_address>
         <size>0xac</size>
         <input_file_ref idref="fl-2f"/>
      </object_component>
      <object_component id="oc-2aa">
         <name>.text:lcdPutCh</name>
         <load_address>0xf2b8</load_address>
         <run_address>0xf2b8</run_address>
         <size>0xa4</size>
         <input_file_ref idref="fl-2"/>
      </object_component>
      <object_component id="oc-1ef">
         <name>.text:__mspabi_cvtdf</name>
         <load_address>0xf35c</load_address>
         <run_address>0xf35c</run_address>
         <size>0x8c</size>
         <input_file_ref idref="fl-25"/>
      </object_component>
      <object_component id="oc-204">
         <name>.text:__mspabi_cvtfd</name>
         <load_address>0xf3e8</load_address>
         <run_address>0xf3e8</run_address>
         <size>0x72</size>
         <input_file_ref idref="fl-26"/>
      </object_component>
      <object_component id="oc-126">
         <name>.text:_auto_init</name>
         <load_address>0xf45a</load_address>
         <run_address>0xf45a</run_address>
         <size>0x6e</size>
         <input_file_ref idref="fl-59"/>
      </object_component>
      <object_component id="oc-1cc">
         <name>.text:Init_LSM9DS1</name>
         <load_address>0xf4c8</load_address>
         <run_address>0xf4c8</run_address>
         <size>0x6a</size>
         <input_file_ref idref="fl-3"/>
      </object_component>
      <object_component id="oc-24d">
         <name>.text:Read_Temp</name>
         <load_address>0xf532</load_address>
         <run_address>0xf532</run_address>
         <size>0x6a</size>
         <input_file_ref idref="fl-3"/>
      </object_component>
      <object_component id="oc-1d8">
         <name>.text:Setup_Wake_on_Motion_Interrupt</name>
         <load_address>0xf59c</load_address>
         <run_address>0xf59c</run_address>
         <size>0x6a</size>
         <input_file_ref idref="fl-3"/>
      </object_component>
      <object_component id="oc-247">
         <name>.text</name>
         <load_address>0xf606</load_address>
         <run_address>0xf606</run_address>
         <size>0x68</size>
         <input_file_ref idref="fl-36"/>
      </object_component>
      <object_component id="oc-101">
         <name>.text:__TI_decompress_rle_core</name>
         <load_address>0xf66e</load_address>
         <run_address>0xf66e</run_address>
         <size>0x64</size>
         <input_file_ref idref="fl-23"/>
      </object_component>
      <object_component id="oc-322">
         <name>.text:l_lsr_const</name>
         <load_address>0xf6d2</load_address>
         <run_address>0xf6d2</run_address>
         <size>0x5c</size>
         <input_file_ref idref="fl-47"/>
      </object_component>
      <object_component id="oc-1c0">
         <name>.text:lcdPutS</name>
         <load_address>0xf72e</load_address>
         <run_address>0xf72e</run_address>
         <size>0x5c</size>
         <input_file_ref idref="fl-2"/>
      </object_component>
      <object_component id="oc-2b9">
         <name>.text:Read_Magnetometer_Id</name>
         <load_address>0xf78a</load_address>
         <run_address>0xf78a</run_address>
         <size>0x5a</size>
         <input_file_ref idref="fl-3"/>
      </object_component>
      <object_component id="oc-17c">
         <name>.text:copy_in</name>
         <load_address>0xf7e4</load_address>
         <run_address>0xf7e4</run_address>
         <size>0x5a</size>
         <input_file_ref idref="fl-5b"/>
      </object_component>
      <object_component id="oc-2a3">
         <name>.text:lcdWriteData</name>
         <load_address>0xf83e</load_address>
         <run_address>0xf83e</run_address>
         <size>0x52</size>
         <input_file_ref idref="fl-2"/>
      </object_component>
      <object_component id="oc-1b9">
         <name>.text:lcdClearDisplay</name>
         <load_address>0xf890</load_address>
         <run_address>0xf890</run_address>
         <size>0x4e</size>
         <input_file_ref idref="fl-2"/>
      </object_component>
      <object_component id="oc-1a7">
         <name>.text:InitSPI</name>
         <load_address>0xf8de</load_address>
         <run_address>0xf8de</run_address>
         <size>0x4c</size>
         <input_file_ref idref="fl-3"/>
      </object_component>
      <object_component id="oc-172">
         <name>.text:SPI_Transceive</name>
         <load_address>0xf92a</load_address>
         <run_address>0xf92a</run_address>
         <size>0x4c</size>
         <input_file_ref idref="fl-3"/>
      </object_component>
      <object_component id="oc-2df">
         <name>.text</name>
         <load_address>0xf976</load_address>
         <run_address>0xf976</run_address>
         <size>0x4c</size>
         <input_file_ref idref="fl-46"/>
      </object_component>
      <object_component id="oc-1ad">
         <name>.text:InitDisplay</name>
         <load_address>0xf9c2</load_address>
         <run_address>0xf9c2</run_address>
         <size>0x42</size>
         <input_file_ref idref="fl-3"/>
      </object_component>
      <object_component id="oc-2e9">
         <name>.text:l_asr_const</name>
         <load_address>0xfa04</load_address>
         <run_address>0xfa04</run_address>
         <size>0x3e</size>
         <input_file_ref idref="fl-58"/>
      </object_component>
      <object_component id="oc-2da">
         <name>.text:l_lsl_const</name>
         <load_address>0xfa42</load_address>
         <run_address>0xfa42</run_address>
         <size>0x3e</size>
         <input_file_ref idref="fl-45"/>
      </object_component>
      <object_component id="oc-296">
         <name>.text:lcdWriteCommand</name>
         <load_address>0xfa80</load_address>
         <run_address>0xfa80</run_address>
         <size>0x3c</size>
         <input_file_ref idref="fl-2"/>
      </object_component>
      <object_component id="oc-29c">
         <name>.text:lcdWriteParameter</name>
         <load_address>0xfabc</load_address>
         <run_address>0xfabc</run_address>
         <size>0x3c</size>
         <input_file_ref idref="fl-2"/>
      </object_component>
      <object_component id="oc-230">
         <name>.text:sprintf</name>
         <load_address>0xfaf8</load_address>
         <run_address>0xfaf8</run_address>
         <size>0x38</size>
         <input_file_ref idref="fl-52"/>
      </object_component>
      <object_component id="oc-1ff">
         <name>.text</name>
         <load_address>0xfb30</load_address>
         <run_address>0xfb30</run_address>
         <size>0x36</size>
         <input_file_ref idref="fl-33"/>
      </object_component>
      <object_component id="oc-113">
         <name>.text:Port_1</name>
         <load_address>0xfb66</load_address>
         <run_address>0xfb66</run_address>
         <size>0x30</size>
         <input_file_ref idref="fl-3"/>
      </object_component>
      <object_component id="oc-312">
         <name>.text:__mspabi_subd</name>
         <load_address>0xfb96</load_address>
         <run_address>0xfb96</run_address>
         <size>0x2e</size>
         <input_file_ref idref="fl-54"/>
      </object_component>
      <object_component id="oc-2c8">
         <name>.text</name>
         <load_address>0xfbc4</load_address>
         <run_address>0xfbc4</run_address>
         <size>0x2c</size>
         <input_file_ref idref="fl-1f"/>
      </object_component>
      <object_component id="oc-2c2">
         <name>.text</name>
         <load_address>0xfbf0</load_address>
         <run_address>0xfbf0</run_address>
         <size>0x2c</size>
         <input_file_ref idref="fl-44"/>
      </object_component>
      <object_component id="oc-30c">
         <name>.text:__mspabi_negd</name>
         <load_address>0xfc1c</load_address>
         <run_address>0xfc1c</run_address>
         <size>0x2a</size>
         <input_file_ref idref="fl-4e"/>
      </object_component>
      <object_component id="oc-36b">
         <name>.text</name>
         <load_address>0xfc46</load_address>
         <run_address>0xfc46</run_address>
         <size>0x26</size>
         <input_file_ref idref="fl-4d"/>
      </object_component>
      <object_component id="oc-6a">
         <name>.text:_c_int00_noargs_noexit</name>
         <load_address>0xfc6c</load_address>
         <run_address>0xfc6c</run_address>
         <size>0x1a</size>
         <input_file_ref idref="fl-21"/>
      </object_component>
      <object_component id="oc-333">
         <name>.text:_outs</name>
         <load_address>0xfc86</load_address>
         <run_address>0xfc86</run_address>
         <size>0x1a</size>
         <input_file_ref idref="fl-52"/>
      </object_component>
      <object_component id="oc-3e9">
         <name>.text:memccpy</name>
         <load_address>0xfca0</load_address>
         <run_address>0xfca0</run_address>
         <size>0x1a</size>
         <input_file_ref idref="fl-5e"/>
      </object_component>
      <object_component id="oc-3fa">
         <name>.text</name>
         <load_address>0xfcba</load_address>
         <run_address>0xfcba</run_address>
         <size>0x16</size>
         <input_file_ref idref="fl-5c"/>
      </object_component>
      <object_component id="oc-3dc">
         <name>.text:memset</name>
         <load_address>0xfcd0</load_address>
         <run_address>0xfcd0</run_address>
         <size>0x14</size>
         <input_file_ref idref="fl-5f"/>
      </object_component>
      <object_component id="oc-261">
         <name>.text</name>
         <load_address>0xfce4</load_address>
         <run_address>0xfce4</run_address>
         <size>0x14</size>
         <input_file_ref idref="fl-4c"/>
      </object_component>
      <object_component id="oc-339">
         <name>.text:_outc</name>
         <load_address>0xfcf8</load_address>
         <run_address>0xfcf8</run_address>
         <size>0x12</size>
         <input_file_ref idref="fl-52"/>
      </object_component>
      <object_component id="oc-33">
         <name>.text:decompress:none:__TI_decompress_none</name>
         <load_address>0xfd0a</load_address>
         <run_address>0xfd0a</run_address>
         <size>0x12</size>
         <input_file_ref idref="fl-22"/>
      </object_component>
      <object_component id="oc-327">
         <name>.text:l_lsr</name>
         <load_address>0xfd1c</load_address>
         <run_address>0xfd1c</run_address>
         <size>0x12</size>
         <input_file_ref idref="fl-47"/>
      </object_component>
      <object_component id="oc-f4">
         <name>.text:memcpy</name>
         <load_address>0xfd2e</load_address>
         <run_address>0xfd2e</run_address>
         <size>0x12</size>
         <input_file_ref idref="fl-49"/>
      </object_component>
      <object_component id="oc-37f">
         <name>.text:l_asr</name>
         <load_address>0xfd40</load_address>
         <run_address>0xfd40</run_address>
         <size>0x10</size>
         <input_file_ref idref="fl-58"/>
      </object_component>
      <object_component id="oc-32c">
         <name>.text:l_lsl</name>
         <load_address>0xfd50</load_address>
         <run_address>0xfd50</run_address>
         <size>0x10</size>
         <input_file_ref idref="fl-45"/>
      </object_component>
      <object_component id="oc-169">
         <name>.text</name>
         <load_address>0xfd60</load_address>
         <run_address>0xfd60</run_address>
         <size>0x10</size>
         <input_file_ref idref="fl-2a"/>
      </object_component>
      <object_component id="oc-2b0">
         <name>.text:strlen</name>
         <load_address>0xfd70</load_address>
         <run_address>0xfd70</run_address>
         <size>0xe</size>
         <input_file_ref idref="fl-53"/>
      </object_component>
      <object_component id="oc-255">
         <name>.text:__mspabi_fltid</name>
         <load_address>0xfd7e</load_address>
         <run_address>0xfd7e</run_address>
         <size>0xc</size>
         <input_file_ref idref="fl-2e"/>
      </object_component>
      <object_component id="oc-21d">
         <name>.text</name>
         <load_address>0xfd8a</load_address>
         <run_address>0xfd8a</run_address>
         <size>0xa</size>
         <input_file_ref idref="fl-35"/>
      </object_component>
      <object_component id="oc-10e">
         <name>.text:_isr:__TI_ISR_TRAP</name>
         <load_address>0xfd94</load_address>
         <run_address>0xfd94</run_address>
         <size>0x8</size>
         <input_file_ref idref="fl-43"/>
      </object_component>
      <object_component id="oc-148">
         <name>.text:abort</name>
         <load_address>0xfd9c</load_address>
         <run_address>0xfd9c</run_address>
         <size>0x6</size>
         <input_file_ref idref="fl-2c"/>
      </object_component>
      <object_component id="oc-39">
         <name>.text:decompress:rle24:__TI_decompress_rle24</name>
         <load_address>0xfda2</load_address>
         <run_address>0xfda2</run_address>
         <size>0x6</size>
         <input_file_ref idref="fl-23"/>
      </object_component>
      <object_component id="oc-120">
         <name>.text:_system_pre_init</name>
         <load_address>0xfda8</load_address>
         <run_address>0xfda8</run_address>
         <size>0x4</size>
         <input_file_ref idref="fl-4f"/>
      </object_component>
      <object_component id="oc-182">
         <name>.text:_system_post_cinit</name>
         <load_address>0xfdac</load_address>
         <run_address>0xfdac</run_address>
         <size>0x2</size>
         <input_file_ref idref="fl-60"/>
      </object_component>
      <object_component id="oc-443">
         <name>.cinit..bss.load</name>
         <load_address>0xfdae</load_address>
         <run_address>0xfdae</run_address>
         <size>0x9</size>
      </object_component>
      <object_component id="oc-444">
         <name>.cinit..data.load</name>
         <load_address>0xfdb8</load_address>
         <run_address>0xfdb8</run_address>
         <size>0x6</size>
      </object_component>
      <object_component id="oc-441">
         <name>__TI_handler_table</name>
         <load_address>0xfdbe</load_address>
         <run_address>0xfdbe</run_address>
         <size>0x4</size>
      </object_component>
      <object_component id="oc-442">
         <name>__TI_cinit_table</name>
         <load_address>0xfdc2</load_address>
         <run_address>0xfdc2</run_address>
         <size>0x8</size>
      </object_component>
      <object_component id="oc-362">
         <name>.const:font5x8</name>
         <load_address>0x0</load_address>
         <run_address>0x0</run_address>
         <size>0x600</size>
         <input_file_ref idref="fl-2"/>
      </object_component>
      <object_component id="oc-1bf">
         <name>.const:.string</name>
         <load_address>0x600</load_address>
         <run_address>0x600</run_address>
         <size>0x74</size>
         <input_file_ref idref="fl-3"/>
      </object_component>
      <object_component id="oc-38e">
         <name>.const:atanhi</name>
         <load_address>0x6cc</load_address>
         <run_address>0x6cc</run_address>
         <size>0x20</size>
         <input_file_ref idref="fl-51"/>
      </object_component>
      <object_component id="oc-391">
         <name>.const:atanlo</name>
         <load_address>0x6ec</load_address>
         <run_address>0x6ec</run_address>
         <size>0x20</size>
         <input_file_ref idref="fl-51"/>
      </object_component>
      <object_component id="oc-39a">
         <name>.const:aT</name>
         <load_address>0x674</load_address>
         <run_address>0x674</run_address>
         <size>0x58</size>
         <input_file_ref idref="fl-51"/>
      </object_component>
      <object_component id="oc-3e2">
         <name>.const:.string</name>
         <load_address>0x70c</load_address>
         <run_address>0x70c</run_address>
         <size>0x14</size>
         <input_file_ref idref="fl-56"/>
      </object_component>
      <object_component id="oc-3f">
         <name>.int00</name>
         <load_address>0xffe0</load_address>
         <run_address>0xffe0</run_address>
         <size>0x2</size>
         <input_file_ref idref="fl-37"/>
      </object_component>
      <object_component id="oc-40">
         <name>.int02</name>
         <load_address>0xffe4</load_address>
         <run_address>0xffe4</run_address>
         <size>0x2</size>
         <input_file_ref idref="fl-3"/>
      </object_component>
      <object_component id="oc-41">
         <name>.int03</name>
         <load_address>0xffe6</load_address>
         <run_address>0xffe6</run_address>
         <size>0x2</size>
         <input_file_ref idref="fl-38"/>
      </object_component>
      <object_component id="oc-42">
         <name>.int05</name>
         <load_address>0xffea</load_address>
         <run_address>0xffea</run_address>
         <size>0x2</size>
         <input_file_ref idref="fl-39"/>
      </object_component>
      <object_component id="oc-43">
         <name>.int06</name>
         <load_address>0xffec</load_address>
         <run_address>0xffec</run_address>
         <size>0x2</size>
         <input_file_ref idref="fl-3a"/>
      </object_component>
      <object_component id="oc-44">
         <name>.int07</name>
         <load_address>0xffee</load_address>
         <run_address>0xffee</run_address>
         <size>0x2</size>
         <input_file_ref idref="fl-3b"/>
      </object_component>
      <object_component id="oc-45">
         <name>.int08</name>
         <load_address>0xfff0</load_address>
         <run_address>0xfff0</run_address>
         <size>0x2</size>
         <input_file_ref idref="fl-3c"/>
      </object_component>
      <object_component id="oc-46">
         <name>.int09</name>
         <load_address>0xfff2</load_address>
         <run_address>0xfff2</run_address>
         <size>0x2</size>
         <input_file_ref idref="fl-3d"/>
      </object_component>
      <object_component id="oc-47">
         <name>.int10</name>
         <load_address>0xfff4</load_address>
         <run_address>0xfff4</run_address>
         <size>0x2</size>
         <input_file_ref idref="fl-3e"/>
      </object_component>
      <object_component id="oc-48">
         <name>.int11</name>
         <load_address>0xfff6</load_address>
         <run_address>0xfff6</run_address>
         <size>0x2</size>
         <input_file_ref idref="fl-3f"/>
      </object_component>
      <object_component id="oc-49">
         <name>.int12</name>
         <load_address>0xfff8</load_address>
         <run_address>0xfff8</run_address>
         <size>0x2</size>
         <input_file_ref idref="fl-40"/>
      </object_component>
      <object_component id="oc-4a">
         <name>.int13</name>
         <load_address>0xfffa</load_address>
         <run_address>0xfffa</run_address>
         <size>0x2</size>
         <input_file_ref idref="fl-41"/>
      </object_component>
      <object_component id="oc-4b">
         <name>.int14</name>
         <load_address>0xfffc</load_address>
         <run_address>0xfffc</run_address>
         <size>0x2</size>
         <input_file_ref idref="fl-42"/>
      </object_component>
      <object_component id="oc-f3">
         <name>.reset</name>
         <load_address>0xfffe</load_address>
         <run_address>0xfffe</run_address>
         <size>0x2</size>
         <input_file_ref idref="fl-20"/>
      </object_component>
      <object_component id="oc-19f">
         <name>.debug_info</name>
         <load_address>0x0</load_address>
         <run_address>0x0</run_address>
         <size>0x61b</size>
         <input_file_ref idref="fl-2"/>
      </object_component>
      <object_component id="oc-363">
         <name>.debug_info</name>
         <load_address>0x61b</load_address>
         <run_address>0x61b</run_address>
         <size>0xbd</size>
         <input_file_ref idref="fl-2"/>
      </object_component>
      <object_component id="oc-29d">
         <name>.debug_info</name>
         <load_address>0x6d8</load_address>
         <run_address>0x6d8</run_address>
         <size>0x140</size>
         <input_file_ref idref="fl-2"/>
      </object_component>
      <object_component id="oc-2a4">
         <name>.debug_info</name>
         <load_address>0x818</load_address>
         <run_address>0x818</run_address>
         <size>0x16c</size>
         <input_file_ref idref="fl-2"/>
      </object_component>
      <object_component id="oc-297">
         <name>.debug_info</name>
         <load_address>0x984</load_address>
         <run_address>0x984</run_address>
         <size>0x134</size>
         <input_file_ref idref="fl-2"/>
      </object_component>
      <object_component id="oc-2ab">
         <name>.debug_info</name>
         <load_address>0xab8</load_address>
         <run_address>0xab8</run_address>
         <size>0x30b</size>
         <input_file_ref idref="fl-2"/>
      </object_component>
      <object_component id="oc-1c1">
         <name>.debug_info</name>
         <load_address>0xdc3</load_address>
         <run_address>0xdc3</run_address>
         <size>0x209</size>
         <input_file_ref idref="fl-2"/>
      </object_component>
      <object_component id="oc-1b4">
         <name>.debug_info</name>
         <load_address>0xfcc</load_address>
         <run_address>0xfcc</run_address>
         <size>0x6e1</size>
         <input_file_ref idref="fl-2"/>
      </object_component>
      <object_component id="oc-1ba">
         <name>.debug_info</name>
         <load_address>0x16ad</load_address>
         <run_address>0x16ad</run_address>
         <size>0x1b6</size>
         <input_file_ref idref="fl-2"/>
      </object_component>
      <object_component id="oc-156">
         <name>.debug_info</name>
         <load_address>0x1863</load_address>
         <run_address>0x1863</run_address>
         <size>0x84</size>
         <input_file_ref idref="fl-2"/>
      </object_component>
      <object_component id="oc-15d">
         <name>.debug_info</name>
         <load_address>0x18e7</load_address>
         <run_address>0x18e7</run_address>
         <size>0x2c</size>
         <input_file_ref idref="fl-2"/>
      </object_component>
      <object_component id="oc-3b3">
         <name>.debug_info</name>
         <load_address>0x1913</load_address>
         <run_address>0x1913</run_address>
         <size>0x2c</size>
         <input_file_ref idref="fl-2"/>
      </object_component>
      <object_component id="oc-1a1">
         <name>.debug_info</name>
         <load_address>0x193f</load_address>
         <run_address>0x193f</run_address>
         <size>0x807</size>
         <input_file_ref idref="fl-3"/>
      </object_component>
      <object_component id="oc-1a8">
         <name>.debug_info</name>
         <load_address>0x2146</load_address>
         <run_address>0x2146</run_address>
         <size>0xe1</size>
         <input_file_ref idref="fl-3"/>
      </object_component>
      <object_component id="oc-1ae">
         <name>.debug_info</name>
         <load_address>0x2227</load_address>
         <run_address>0x2227</run_address>
         <size>0xe9</size>
         <input_file_ref idref="fl-3"/>
      </object_component>
      <object_component id="oc-173">
         <name>.debug_info</name>
         <load_address>0x2310</load_address>
         <run_address>0x2310</run_address>
         <size>0x16c</size>
         <input_file_ref idref="fl-3"/>
      </object_component>
      <object_component id="oc-1c7">
         <name>.debug_info</name>
         <load_address>0x247c</load_address>
         <run_address>0x247c</run_address>
         <size>0x1ce</size>
         <input_file_ref idref="fl-3"/>
      </object_component>
      <object_component id="oc-1cd">
         <name>.debug_info</name>
         <load_address>0x264a</load_address>
         <run_address>0x264a</run_address>
         <size>0x167</size>
         <input_file_ref idref="fl-3"/>
      </object_component>
      <object_component id="oc-2ba">
         <name>.debug_info</name>
         <load_address>0x27b1</load_address>
         <run_address>0x27b1</run_address>
         <size>0x163</size>
         <input_file_ref idref="fl-3"/>
      </object_component>
      <object_component id="oc-1d3">
         <name>.debug_info</name>
         <load_address>0x2914</load_address>
         <run_address>0x2914</run_address>
         <size>0x220</size>
         <input_file_ref idref="fl-3"/>
      </object_component>
      <object_component id="oc-1d9">
         <name>.debug_info</name>
         <load_address>0x2b34</load_address>
         <run_address>0x2b34</run_address>
         <size>0x19e</size>
         <input_file_ref idref="fl-3"/>
      </object_component>
      <object_component id="oc-242">
         <name>.debug_info</name>
         <load_address>0x2cd2</load_address>
         <run_address>0x2cd2</run_address>
         <size>0x2a4</size>
         <input_file_ref idref="fl-3"/>
      </object_component>
      <object_component id="oc-23c">
         <name>.debug_info</name>
         <load_address>0x2f76</load_address>
         <run_address>0x2f76</run_address>
         <size>0x29a</size>
         <input_file_ref idref="fl-3"/>
      </object_component>
      <object_component id="oc-1e3">
         <name>.debug_info</name>
         <load_address>0x3210</load_address>
         <run_address>0x3210</run_address>
         <size>0x308</size>
         <input_file_ref idref="fl-3"/>
      </object_component>
      <object_component id="oc-24e">
         <name>.debug_info</name>
         <load_address>0x3518</load_address>
         <run_address>0x3518</run_address>
         <size>0x143</size>
         <input_file_ref idref="fl-3"/>
      </object_component>
      <object_component id="oc-141">
         <name>.debug_info</name>
         <load_address>0x365b</load_address>
         <run_address>0x365b</run_address>
         <size>0xb85</size>
         <input_file_ref idref="fl-3"/>
      </object_component>
      <object_component id="oc-116">
         <name>.debug_info</name>
         <load_address>0x41e0</load_address>
         <run_address>0x41e0</run_address>
         <size>0xf8</size>
         <input_file_ref idref="fl-3"/>
      </object_component>
      <object_component id="oc-304">
         <name>.debug_info</name>
         <load_address>0x42d8</load_address>
         <run_address>0x42d8</run_address>
         <size>0x222</size>
         <input_file_ref idref="fl-1e"/>
      </object_component>
      <object_component id="oc-214">
         <name>.debug_info</name>
         <load_address>0x44fa</load_address>
         <run_address>0x44fa</run_address>
         <size>0x26f</size>
         <input_file_ref idref="fl-1e"/>
      </object_component>
      <object_component id="oc-2d5">
         <name>.debug_info</name>
         <load_address>0x4769</load_address>
         <run_address>0x4769</run_address>
         <size>0x94</size>
         <input_file_ref idref="fl-1e"/>
      </object_component>
      <object_component id="oc-2ca">
         <name>.debug_info</name>
         <load_address>0x47fd</load_address>
         <run_address>0x47fd</run_address>
         <size>0x134</size>
         <input_file_ref idref="fl-1f"/>
      </object_component>
      <object_component id="oc-f1">
         <name>.debug_info</name>
         <load_address>0x4931</load_address>
         <run_address>0x4931</run_address>
         <size>0x111</size>
         <input_file_ref idref="fl-20"/>
      </object_component>
      <object_component id="oc-6c">
         <name>.debug_info</name>
         <load_address>0x4a42</load_address>
         <run_address>0x4a42</run_address>
         <size>0x1b2</size>
         <input_file_ref idref="fl-21"/>
      </object_component>
      <object_component id="oc-100">
         <name>.debug_info</name>
         <load_address>0x4bf4</load_address>
         <run_address>0x4bf4</run_address>
         <size>0x1ce</size>
         <input_file_ref idref="fl-22"/>
      </object_component>
      <object_component id="oc-37">
         <name>.debug_info</name>
         <load_address>0x4dc2</load_address>
         <run_address>0x4dc2</run_address>
         <size>0x1fb</size>
         <input_file_ref idref="fl-22"/>
      </object_component>
      <object_component id="oc-fb">
         <name>.debug_info</name>
         <load_address>0x4fbd</load_address>
         <run_address>0x4fbd</run_address>
         <size>0x46</size>
         <input_file_ref idref="fl-22"/>
      </object_component>
      <object_component id="oc-162">
         <name>.debug_info</name>
         <load_address>0x5003</load_address>
         <run_address>0x5003</run_address>
         <size>0x2c</size>
         <input_file_ref idref="fl-22"/>
      </object_component>
      <object_component id="oc-108">
         <name>.debug_info</name>
         <load_address>0x502f</load_address>
         <run_address>0x502f</run_address>
         <size>0x190</size>
         <input_file_ref idref="fl-23"/>
      </object_component>
      <object_component id="oc-103">
         <name>.debug_info</name>
         <load_address>0x51bf</load_address>
         <run_address>0x51bf</run_address>
         <size>0x256</size>
         <input_file_ref idref="fl-23"/>
      </object_component>
      <object_component id="oc-3a">
         <name>.debug_info</name>
         <load_address>0x5415</load_address>
         <run_address>0x5415</run_address>
         <size>0x1cd</size>
         <input_file_ref idref="fl-23"/>
      </object_component>
      <object_component id="oc-109">
         <name>.debug_info</name>
         <load_address>0x55e2</load_address>
         <run_address>0x55e2</run_address>
         <size>0x39</size>
         <input_file_ref idref="fl-23"/>
      </object_component>
      <object_component id="oc-2e5">
         <name>.debug_info</name>
         <load_address>0x561b</load_address>
         <run_address>0x561b</run_address>
         <size>0x1e0</size>
         <input_file_ref idref="fl-25"/>
      </object_component>
      <object_component id="oc-1f0">
         <name>.debug_info</name>
         <load_address>0x57fb</load_address>
         <run_address>0x57fb</run_address>
         <size>0x1e9</size>
         <input_file_ref idref="fl-25"/>
      </object_component>
      <object_component id="oc-2f0">
         <name>.debug_info</name>
         <load_address>0x59e4</load_address>
         <run_address>0x59e4</run_address>
         <size>0xdb</size>
         <input_file_ref idref="fl-25"/>
      </object_component>
      <object_component id="oc-2ef">
         <name>.debug_info</name>
         <load_address>0x5abf</load_address>
         <run_address>0x5abf</run_address>
         <size>0x203</size>
         <input_file_ref idref="fl-26"/>
      </object_component>
      <object_component id="oc-205">
         <name>.debug_info</name>
         <load_address>0x5cc2</load_address>
         <run_address>0x5cc2</run_address>
         <size>0x1e0</size>
         <input_file_ref idref="fl-26"/>
      </object_component>
      <object_component id="oc-2fc">
         <name>.debug_info</name>
         <load_address>0x5ea2</load_address>
         <run_address>0x5ea2</run_address>
         <size>0x21d</size>
         <input_file_ref idref="fl-27"/>
      </object_component>
      <object_component id="oc-20c">
         <name>.debug_info</name>
         <load_address>0x60bf</load_address>
         <run_address>0x60bf</run_address>
         <size>0x29b</size>
         <input_file_ref idref="fl-27"/>
      </object_component>
      <object_component id="oc-31e">
         <name>.debug_info</name>
         <load_address>0x635a</load_address>
         <run_address>0x635a</run_address>
         <size>0x1e1</size>
         <input_file_ref idref="fl-28"/>
      </object_component>
      <object_component id="oc-225">
         <name>.debug_info</name>
         <load_address>0x653b</load_address>
         <run_address>0x653b</run_address>
         <size>0x325</size>
         <input_file_ref idref="fl-28"/>
      </object_component>
      <object_component id="oc-319">
         <name>.debug_info</name>
         <load_address>0x6860</load_address>
         <run_address>0x6860</run_address>
         <size>0x39</size>
         <input_file_ref idref="fl-28"/>
      </object_component>
      <object_component id="oc-332">
         <name>.debug_info</name>
         <load_address>0x6899</load_address>
         <run_address>0x6899</run_address>
         <size>0x1ed</size>
         <input_file_ref idref="fl-29"/>
      </object_component>
      <object_component id="oc-22c">
         <name>.debug_info</name>
         <load_address>0x6a86</load_address>
         <run_address>0x6a86</run_address>
         <size>0x32e</size>
         <input_file_ref idref="fl-29"/>
      </object_component>
      <object_component id="oc-16a">
         <name>.debug_info</name>
         <load_address>0x6db4</load_address>
         <run_address>0x6db4</run_address>
         <size>0x142</size>
         <input_file_ref idref="fl-2a"/>
      </object_component>
      <object_component id="oc-320">
         <name>.debug_info</name>
         <load_address>0x6ef6</load_address>
         <run_address>0x6ef6</run_address>
         <size>0x10f</size>
         <input_file_ref idref="fl-2b"/>
      </object_component>
      <object_component id="oc-14a">
         <name>.debug_info</name>
         <load_address>0x7005</load_address>
         <run_address>0x7005</run_address>
         <size>0x133</size>
         <input_file_ref idref="fl-2c"/>
      </object_component>
      <object_component id="oc-258">
         <name>.debug_info</name>
         <load_address>0x7138</load_address>
         <run_address>0x7138</run_address>
         <size>0x177</size>
         <input_file_ref idref="fl-2e"/>
      </object_component>
      <object_component id="oc-3c5">
         <name>.debug_info</name>
         <load_address>0x72af</load_address>
         <run_address>0x72af</run_address>
         <size>0x1e6</size>
         <input_file_ref idref="fl-2f"/>
      </object_component>
      <object_component id="oc-34c">
         <name>.debug_info</name>
         <load_address>0x7495</load_address>
         <run_address>0x7495</run_address>
         <size>0x22c</size>
         <input_file_ref idref="fl-2f"/>
      </object_component>
      <object_component id="oc-38b">
         <name>.debug_info</name>
         <load_address>0x76c1</load_address>
         <run_address>0x76c1</run_address>
         <size>0x21b</size>
         <input_file_ref idref="fl-30"/>
      </object_component>
      <object_component id="oc-2fe">
         <name>.debug_info</name>
         <load_address>0x78dc</load_address>
         <run_address>0x78dc</run_address>
         <size>0x33a</size>
         <input_file_ref idref="fl-30"/>
      </object_component>
      <object_component id="oc-37c">
         <name>.debug_info</name>
         <load_address>0x7c16</load_address>
         <run_address>0x7c16</run_address>
         <size>0x1ed</size>
         <input_file_ref idref="fl-31"/>
      </object_component>
      <object_component id="oc-2f6">
         <name>.debug_info</name>
         <load_address>0x7e03</load_address>
         <run_address>0x7e03</run_address>
         <size>0x621</size>
         <input_file_ref idref="fl-31"/>
      </object_component>
      <object_component id="oc-1fb">
         <name>.debug_info</name>
         <load_address>0x8424</load_address>
         <run_address>0x8424</run_address>
         <size>0x135</size>
         <input_file_ref idref="fl-32"/>
      </object_component>
      <object_component id="oc-201">
         <name>.debug_info</name>
         <load_address>0x8559</load_address>
         <run_address>0x8559</run_address>
         <size>0x13e</size>
         <input_file_ref idref="fl-33"/>
      </object_component>
      <object_component id="oc-1f6">
         <name>.debug_info</name>
         <load_address>0x8697</load_address>
         <run_address>0x8697</run_address>
         <size>0x135</size>
         <input_file_ref idref="fl-34"/>
      </object_component>
      <object_component id="oc-21e">
         <name>.debug_info</name>
         <load_address>0x87cc</load_address>
         <run_address>0x87cc</run_address>
         <size>0x135</size>
         <input_file_ref idref="fl-35"/>
      </object_component>
      <object_component id="oc-248">
         <name>.debug_info</name>
         <load_address>0x8901</load_address>
         <run_address>0x8901</run_address>
         <size>0x149</size>
         <input_file_ref idref="fl-36"/>
      </object_component>
      <object_component id="oc-111">
         <name>.debug_info</name>
         <load_address>0x8a4a</load_address>
         <run_address>0x8a4a</run_address>
         <size>0x123</size>
         <input_file_ref idref="fl-43"/>
      </object_component>
      <object_component id="oc-2c3">
         <name>.debug_info</name>
         <load_address>0x8b6d</load_address>
         <run_address>0x8b6d</run_address>
         <size>0x134</size>
         <input_file_ref idref="fl-44"/>
      </object_component>
      <object_component id="oc-32f">
         <name>.debug_info</name>
         <load_address>0x8ca1</load_address>
         <run_address>0x8ca1</run_address>
         <size>0x134</size>
         <input_file_ref idref="fl-45"/>
      </object_component>
      <object_component id="oc-2dc">
         <name>.debug_info</name>
         <load_address>0x8dd5</load_address>
         <run_address>0x8dd5</run_address>
         <size>0x13a</size>
         <input_file_ref idref="fl-45"/>
      </object_component>
      <object_component id="oc-2e0">
         <name>.debug_info</name>
         <load_address>0x8f0f</load_address>
         <run_address>0x8f0f</run_address>
         <size>0x134</size>
         <input_file_ref idref="fl-46"/>
      </object_component>
      <object_component id="oc-329">
         <name>.debug_info</name>
         <load_address>0x9043</load_address>
         <run_address>0x9043</run_address>
         <size>0x134</size>
         <input_file_ref idref="fl-47"/>
      </object_component>
      <object_component id="oc-325">
         <name>.debug_info</name>
         <load_address>0x9177</load_address>
         <run_address>0x9177</run_address>
         <size>0x13a</size>
         <input_file_ref idref="fl-47"/>
      </object_component>
      <object_component id="oc-15c">
         <name>.debug_info</name>
         <load_address>0x92b1</load_address>
         <run_address>0x92b1</run_address>
         <size>0x189</size>
         <input_file_ref idref="fl-49"/>
      </object_component>
      <object_component id="oc-f8">
         <name>.debug_info</name>
         <load_address>0x943a</load_address>
         <run_address>0x943a</run_address>
         <size>0x1ad</size>
         <input_file_ref idref="fl-49"/>
      </object_component>
      <object_component id="oc-2d4">
         <name>.debug_info</name>
         <load_address>0x95e7</load_address>
         <run_address>0x95e7</run_address>
         <size>0x21d</size>
         <input_file_ref idref="fl-4b"/>
      </object_component>
      <object_component id="oc-1eb">
         <name>.debug_info</name>
         <load_address>0x9804</load_address>
         <run_address>0x9804</run_address>
         <size>0x2e7</size>
         <input_file_ref idref="fl-4b"/>
      </object_component>
      <object_component id="oc-263">
         <name>.debug_info</name>
         <load_address>0x9aeb</load_address>
         <run_address>0x9aeb</run_address>
         <size>0x135</size>
         <input_file_ref idref="fl-4c"/>
      </object_component>
      <object_component id="oc-36c">
         <name>.debug_info</name>
         <load_address>0x9c20</load_address>
         <run_address>0x9c20</run_address>
         <size>0x135</size>
         <input_file_ref idref="fl-4d"/>
      </object_component>
      <object_component id="oc-310">
         <name>.debug_info</name>
         <load_address>0x9d55</load_address>
         <run_address>0x9d55</run_address>
         <size>0x169</size>
         <input_file_ref idref="fl-4e"/>
      </object_component>
      <object_component id="oc-121">
         <name>.debug_info</name>
         <load_address>0x9ebe</load_address>
         <run_address>0x9ebe</run_address>
         <size>0x164</size>
         <input_file_ref idref="fl-4f"/>
      </object_component>
      <object_component id="oc-3d1">
         <name>.debug_info</name>
         <load_address>0xa022</load_address>
         <run_address>0xa022</run_address>
         <size>0x1ed</size>
         <input_file_ref idref="fl-50"/>
      </object_component>
      <object_component id="oc-386">
         <name>.debug_info</name>
         <load_address>0xa20f</load_address>
         <run_address>0xa20f</run_address>
         <size>0x20a</size>
         <input_file_ref idref="fl-50"/>
      </object_component>
      <object_component id="oc-3d6">
         <name>.debug_info</name>
         <load_address>0xa419</load_address>
         <run_address>0xa419</run_address>
         <size>0x1dd</size>
         <input_file_ref idref="fl-51"/>
      </object_component>
      <object_component id="oc-38f">
         <name>.debug_info</name>
         <load_address>0xa5f6</load_address>
         <run_address>0xa5f6</run_address>
         <size>0x112</size>
         <input_file_ref idref="fl-51"/>
      </object_component>
      <object_component id="oc-392">
         <name>.debug_info</name>
         <load_address>0xa708</load_address>
         <run_address>0xa708</run_address>
         <size>0x112</size>
         <input_file_ref idref="fl-51"/>
      </object_component>
      <object_component id="oc-39b">
         <name>.debug_info</name>
         <load_address>0xa81a</load_address>
         <run_address>0xa81a</run_address>
         <size>0x10a</size>
         <input_file_ref idref="fl-51"/>
      </object_component>
      <object_component id="oc-309">
         <name>.debug_info</name>
         <load_address>0xa924</load_address>
         <run_address>0xa924</run_address>
         <size>0x5f5</size>
         <input_file_ref idref="fl-51"/>
      </object_component>
      <object_component id="oc-346">
         <name>.debug_info</name>
         <load_address>0xaf19</load_address>
         <run_address>0xaf19</run_address>
         <size>0x249</size>
         <input_file_ref idref="fl-52"/>
      </object_component>
      <object_component id="oc-231">
         <name>.debug_info</name>
         <load_address>0xb162</load_address>
         <run_address>0xb162</run_address>
         <size>0x1d3</size>
         <input_file_ref idref="fl-52"/>
      </object_component>
      <object_component id="oc-334">
         <name>.debug_info</name>
         <load_address>0xb335</load_address>
         <run_address>0xb335</run_address>
         <size>0x1a9</size>
         <input_file_ref idref="fl-52"/>
      </object_component>
      <object_component id="oc-33a">
         <name>.debug_info</name>
         <load_address>0xb4de</load_address>
         <run_address>0xb4de</run_address>
         <size>0x17e</size>
         <input_file_ref idref="fl-52"/>
      </object_component>
      <object_component id="oc-3bf">
         <name>.debug_info</name>
         <load_address>0xb65c</load_address>
         <run_address>0xb65c</run_address>
         <size>0x2c</size>
         <input_file_ref idref="fl-52"/>
      </object_component>
      <object_component id="oc-367">
         <name>.debug_info</name>
         <load_address>0xb688</load_address>
         <run_address>0xb688</run_address>
         <size>0x173</size>
         <input_file_ref idref="fl-53"/>
      </object_component>
      <object_component id="oc-2b1">
         <name>.debug_info</name>
         <load_address>0xb7fb</load_address>
         <run_address>0xb7fb</run_address>
         <size>0x267</size>
         <input_file_ref idref="fl-53"/>
      </object_component>
      <object_component id="oc-313">
         <name>.debug_info</name>
         <load_address>0xba62</load_address>
         <run_address>0xba62</run_address>
         <size>0x19e</size>
         <input_file_ref idref="fl-54"/>
      </object_component>
      <object_component id="oc-3b2">
         <name>.debug_info</name>
         <load_address>0xbc00</load_address>
         <run_address>0xbc00</run_address>
         <size>0x362</size>
         <input_file_ref idref="fl-56"/>
      </object_component>
      <object_component id="oc-3e4">
         <name>.debug_info</name>
         <load_address>0xbf62</load_address>
         <run_address>0xbf62</run_address>
         <size>0x2d8</size>
         <input_file_ref idref="fl-56"/>
      </object_component>
      <object_component id="oc-3ac">
         <name>.debug_info</name>
         <load_address>0xc23a</load_address>
         <run_address>0xc23a</run_address>
         <size>0x2a0</size>
         <input_file_ref idref="fl-56"/>
      </object_component>
      <object_component id="oc-340">
         <name>.debug_info</name>
         <load_address>0xc4da</load_address>
         <run_address>0xc4da</run_address>
         <size>0x2f7</size>
         <input_file_ref idref="fl-56"/>
      </object_component>
      <object_component id="oc-3b8">
         <name>.debug_info</name>
         <load_address>0xc7d1</load_address>
         <run_address>0xc7d1</run_address>
         <size>0x86</size>
         <input_file_ref idref="fl-56"/>
      </object_component>
      <object_component id="oc-400">
         <name>.debug_info</name>
         <load_address>0xc857</load_address>
         <run_address>0xc857</run_address>
         <size>0x39</size>
         <input_file_ref idref="fl-56"/>
      </object_component>
      <object_component id="oc-380">
         <name>.debug_info</name>
         <load_address>0xc890</load_address>
         <run_address>0xc890</run_address>
         <size>0x134</size>
         <input_file_ref idref="fl-58"/>
      </object_component>
      <object_component id="oc-2ea">
         <name>.debug_info</name>
         <load_address>0xc9c4</load_address>
         <run_address>0xc9c4</run_address>
         <size>0x13a</size>
         <input_file_ref idref="fl-58"/>
      </object_component>
      <object_component id="oc-189">
         <name>.debug_info</name>
         <load_address>0xcafe</load_address>
         <run_address>0xcafe</run_address>
         <size>0x3d2</size>
         <input_file_ref idref="fl-59"/>
      </object_component>
      <object_component id="oc-12a">
         <name>.debug_info</name>
         <load_address>0xced0</load_address>
         <run_address>0xced0</run_address>
         <size>0x1de</size>
         <input_file_ref idref="fl-59"/>
      </object_component>
      <object_component id="oc-26b">
         <name>.debug_info</name>
         <load_address>0xd0ae</load_address>
         <run_address>0xd0ae</run_address>
         <size>0x39</size>
         <input_file_ref idref="fl-59"/>
      </object_component>
      <object_component id="oc-270">
         <name>.debug_info</name>
         <load_address>0xd0e7</load_address>
         <run_address>0xd0e7</run_address>
         <size>0xcd</size>
         <input_file_ref idref="fl-59"/>
      </object_component>
      <object_component id="oc-398">
         <name>.debug_info</name>
         <load_address>0xd1b4</load_address>
         <run_address>0xd1b4</run_address>
         <size>0x1c0</size>
         <input_file_ref idref="fl-5a"/>
      </object_component>
      <object_component id="oc-267">
         <name>.debug_info</name>
         <load_address>0xd374</load_address>
         <run_address>0xd374</run_address>
         <size>0x26e</size>
         <input_file_ref idref="fl-5b"/>
      </object_component>
      <object_component id="oc-17f">
         <name>.debug_info</name>
         <load_address>0xd5e2</load_address>
         <run_address>0xd5e2</run_address>
         <size>0x1cc</size>
         <input_file_ref idref="fl-5b"/>
      </object_component>
      <object_component id="oc-355">
         <name>.debug_info</name>
         <load_address>0xd7ae</load_address>
         <run_address>0xd7ae</run_address>
         <size>0x2c</size>
         <input_file_ref idref="fl-5b"/>
      </object_component>
      <object_component id="oc-3fc">
         <name>.debug_info</name>
         <load_address>0xd7da</load_address>
         <run_address>0xd7da</run_address>
         <size>0x135</size>
         <input_file_ref idref="fl-5c"/>
      </object_component>
      <object_component id="oc-371">
         <name>.debug_info</name>
         <load_address>0xd90f</load_address>
         <run_address>0xd90f</run_address>
         <size>0x209</size>
         <input_file_ref idref="fl-5d"/>
      </object_component>
      <object_component id="oc-2ce">
         <name>.debug_info</name>
         <load_address>0xdb18</load_address>
         <run_address>0xdb18</run_address>
         <size>0x3e8</size>
         <input_file_ref idref="fl-5d"/>
      </object_component>
      <object_component id="oc-406">
         <name>.debug_info</name>
         <load_address>0xdf00</load_address>
         <run_address>0xdf00</run_address>
         <size>0x17f</size>
         <input_file_ref idref="fl-5e"/>
      </object_component>
      <object_component id="oc-3eb">
         <name>.debug_info</name>
         <load_address>0xe07f</load_address>
         <run_address>0xe07f</run_address>
         <size>0x1c7</size>
         <input_file_ref idref="fl-5e"/>
      </object_component>
      <object_component id="oc-3f9">
         <name>.debug_info</name>
         <load_address>0xe246</load_address>
         <run_address>0xe246</run_address>
         <size>0x17e</size>
         <input_file_ref idref="fl-5f"/>
      </object_component>
      <object_component id="oc-3dd">
         <name>.debug_info</name>
         <load_address>0xe3c4</load_address>
         <run_address>0xe3c4</run_address>
         <size>0x2ac</size>
         <input_file_ref idref="fl-5f"/>
      </object_component>
      <object_component id="oc-183">
         <name>.debug_info</name>
         <load_address>0xe670</load_address>
         <run_address>0xe670</run_address>
         <size>0x161</size>
         <input_file_ref idref="fl-60"/>
      </object_component>
      <object_component id="oc-446">
         <name>.debug_info</name>
         <load_address>0xe7d1</load_address>
         <run_address>0xe7d1</run_address>
         <size>0x8b</size>
      </object_component>
      <object_component id="oc-291">
         <name>.debug_line</name>
         <load_address>0x0</load_address>
         <run_address>0x0</run_address>
         <size>0x118</size>
         <input_file_ref idref="fl-2"/>
      </object_component>
      <object_component id="oc-3c7">
         <name>.debug_line</name>
[...]
      </symbol>
      <symbol id="sm-3bf">
         <name>__mspabi_addf</name>
         <value>0xe8e4</value>
         <object_component_ref idref="oc-1fa"/>
      </symbol>
      <symbol id="sm-3cc">
         <name>__mspabi_fltif</name>
         <value>0xfb30</value>
         <object_component_ref idref="oc-1ff"/>
      </symbol>
      <symbol id="sm-3e3">
         <name>__mspabi_mpyf</name>
         <value>0xefd2</value>
         <object_component_ref idref="oc-1f5"/>
      </symbol>
      <symbol id="sm-3ec">
         <name>__mspabi_negf</name>
         <value>0xfd8a</value>
         <object_component_ref idref="oc-21d"/>
      </symbol>
      <symbol id="sm-3fe">
         <name>__mspabi_fixfi</name>
         <value>0xf606</value>
         <object_component_ref idref="oc-247"/>
      </symbol>
      <symbol id="sm-401">
         <name>__TI_int00</name>
         <value>0xffe0</value>
         <object_component_ref idref="oc-3f"/>
      </symbol>
      <symbol id="sm-404">
         <name>__TI_int03</name>
         <value>0xffe6</value>
         <object_component_ref idref="oc-41"/>
      </symbol>
      <symbol id="sm-407">
         <name>__TI_int05</name>
         <value>0xffea</value>
         <object_component_ref idref="oc-42"/>
      </symbol>
      <symbol id="sm-40a">
         <name>__TI_int06</name>
         <value>0xffec</value>
         <object_component_ref idref="oc-43"/>
      </symbol>
      <symbol id="sm-40d">
         <name>__TI_int07</name>
         <value>0xffee</value>
         <object_component_ref idref="oc-44"/>
      </symbol>
      <symbol id="sm-410">
         <name>__TI_int08</name>
         <value>0xfff0</value>
         <object_component_ref idref="oc-45"/>
      </symbol>
      <symbol id="sm-413">
         <name>__TI_int09</name>
         <value>0xfff2</value>
         <object_component_ref idref="oc-46"/>
      </symbol>
      <symbol id="sm-416">
         <name>__TI_int10</name>
         <value>0xfff4</value>
         <object_component_ref idref="oc-47"/>
      </symbol>
      <symbol id="sm-419">
         <name>__TI_int11</name>
         <value>0xfff6</value>
         <object_component_ref idref="oc-48"/>
      </symbol>
      <symbol id="sm-41c">
         <name>__TI_int12</name>
         <value>0xfff8</value>
         <object_component_ref idref="oc-49"/>
      </symbol>
      <symbol id="sm-41f">
         <name>__TI_int13</name>
         <value>0xfffa</value>
         <object_component_ref idref="oc-4a"/>
      </symbol>
      <symbol id="sm-422">
         <name>__TI_int14</name>
         <value>0xfffc</value>
         <object_component_ref idref="oc-4b"/>
      </symbol>
      <symbol id="sm-42a">
         <name>__TI_ISR_TRAP</name>
         <value>0xfd94</value>
         <object_component_ref idref="oc-10e"/>
      </symbol>
      <symbol id="sm-432">
         <name>__mspabi_slli</name>
         <value>0xfbf0</value>
         <object_component_ref idref="oc-2c2"/>
      </symbol>
      <symbol id="sm-433">
         <name>__mspabi_slli_9</name>
         <value>0xfc08</value>
         <object_component_ref idref="oc-2c2"/>
      </symbol>
      <symbol id="sm-434">
         <name>__mspabi_slli_8</name>
         <value>0xfc0a</value>
         <object_component_ref idref="oc-2c2"/>
      </symbol>
      <symbol id="sm-435">
         <name>__mspabi_slli_7</name>
         <value>0xfc0c</value>
         <object_component_ref idref="oc-2c2"/>
      </symbol>
      <symbol id="sm-436">
         <name>__mspabi_slli_6</name>
         <value>0xfc0e</value>
         <object_component_ref idref="oc-2c2"/>
      </symbol>
      <symbol id="sm-437">
         <name>__mspabi_slli_5</name>
         <value>0xfc10</value>
         <object_component_ref idref="oc-2c2"/>
      </symbol>
      <symbol id="sm-438">
         <name>__mspabi_slli_4</name>
         <value>0xfc12</value>
         <object_component_ref idref="oc-2c2"/>
      </symbol>
      <symbol id="sm-439">
         <name>__mspabi_slli_3</name>
         <value>0xfc14</value>
         <object_component_ref idref="oc-2c2"/>
      </symbol>
      <symbol id="sm-43a">
         <name>__mspabi_slli_2</name>
         <value>0xfc16</value>
         <object_component_ref idref="oc-2c2"/>
      </symbol>
      <symbol id="sm-43b">
         <name>__mspabi_slli_1</name>
         <value>0xfc18</value>
         <object_component_ref idref="oc-2c2"/>
      </symbol>
      <symbol id="sm-43c">
         <name>__mspabi_slli_15</name>
         <value>0xfbfc</value>
         <object_component_ref idref="oc-2c2"/>
      </symbol>
      <symbol id="sm-43d">
         <name>__mspabi_slli_14</name>
         <value>0xfbfe</value>
         <object_component_ref idref="oc-2c2"/>
      </symbol>
      <symbol id="sm-43e">
         <name>__mspabi_slli_13</name>
         <value>0xfc00</value>
         <object_component_ref idref="oc-2c2"/>
      </symbol>
      <symbol id="sm-43f">
         <name>__mspabi_slli_12</name>
         <value>0xfc02</value>
         <object_component_ref idref="oc-2c2"/>
      </symbol>
      <symbol id="sm-440">
         <name>__mspabi_slli_11</name>
         <value>0xfc04</value>
         <object_component_ref idref="oc-2c2"/>
      </symbol>
      <symbol id="sm-441">
         <name>__mspabi_slli_10</name>
         <value>0xfc06</value>
         <object_component_ref idref="oc-2c2"/>
      </symbol>
      <symbol id="sm-451">
         <name>__mspabi_slll_9</name>
         <value>0xfa5a</value>
         <object_component_ref idref="oc-2da"/>
      </symbol>
      <symbol id="sm-452">
         <name>__mspabi_slll_8</name>
         <value>0xfa5e</value>
         <object_component_ref idref="oc-2da"/>
      </symbol>
      <symbol id="sm-453">
         <name>__mspabi_slll_7</name>
         <value>0xfa62</value>
         <object_component_ref idref="oc-2da"/>
      </symbol>
      <symbol id="sm-454">
         <name>__mspabi_slll_6</name>
         <value>0xfa66</value>
         <object_component_ref idref="oc-2da"/>
      </symbol>
      <symbol id="sm-455">
         <name>__mspabi_slll_5</name>
         <value>0xfa6a</value>
         <object_component_ref idref="oc-2da"/>
      </symbol>
      <symbol id="sm-456">
         <name>__mspabi_slll_4</name>
         <value>0xfa6e</value>
         <object_component_ref idref="oc-2da"/>
      </symbol>
      <symbol id="sm-457">
         <name>__mspabi_slll_3</name>
         <value>0xfa72</value>
         <object_component_ref idref="oc-2da"/>
      </symbol>
      <symbol id="sm-458">
         <name>__mspabi_slll_2</name>
         <value>0xfa76</value>
         <object_component_ref idref="oc-2da"/>
      </symbol>
      <symbol id="sm-459">
         <name>__mspabi_slll_1</name>
         <value>0xfa7a</value>
         <object_component_ref idref="oc-2da"/>
      </symbol>
      <symbol id="sm-45a">
         <name>__mspabi_slll</name>
         <value>0xfd50</value>
         <object_component_ref idref="oc-32c"/>
      </symbol>
      <symbol id="sm-45b">
         <name>__mspabi_slll_15</name>
         <value>0xfa42</value>
         <object_component_ref idref="oc-2da"/>
      </symbol>
      <symbol id="sm-45c">
         <name>__mspabi_slll_14</name>
         <value>0xfa46</value>
         <object_component_ref idref="oc-2da"/>
      </symbol>
      <symbol id="sm-45d">
         <name>__mspabi_slll_13</name>
         <value>0xfa4a</value>
         <object_component_ref idref="oc-2da"/>
      </symbol>
      <symbol id="sm-45e">
         <name>__mspabi_slll_12</name>
         <value>0xfa4e</value>
         <object_component_ref idref="oc-2da"/>
      </symbol>
      <symbol id="sm-45f">
         <name>__mspabi_slll_11</name>
         <value>0xfa52</value>
         <object_component_ref idref="oc-2da"/>
      </symbol>
      <symbol id="sm-460">
         <name>__mspabi_slll_10</name>
         <value>0xfa56</value>
         <object_component_ref idref="oc-2da"/>
      </symbol>
      <symbol id="sm-468">
         <name>__mspabi_srli_8</name>
         <value>0xf9a0</value>
         <object_component_ref idref="oc-2df"/>
      </symbol>
      <symbol id="sm-469">
         <name>__mspabi_srli_9</name>
         <value>0xf99c</value>
         <object_component_ref idref="oc-2df"/>
      </symbol>
      <symbol id="sm-46a">
         <name>__mspabi_srli_6</name>
         <value>0xf9a8</value>
         <object_component_ref idref="oc-2df"/>
      </symbol>
      <symbol id="sm-46b">
         <name>__mspabi_srli_7</name>
         <value>0xf9a4</value>
         <object_component_ref idref="oc-2df"/>
      </symbol>
      <symbol id="sm-46c">
         <name>__mspabi_srli_4</name>
         <value>0xf9b0</value>
         <object_component_ref idref="oc-2df"/>
      </symbol>
      <symbol id="sm-46d">
         <name>__mspabi_srli_5</name>
         <value>0xf9ac</value>
         <object_component_ref idref="oc-2df"/>
      </symbol>
      <symbol id="sm-46e">
         <name>__mspabi_srli_2</name>
         <value>0xf9b8</value>
         <object_component_ref idref="oc-2df"/>
      </symbol>
      <symbol id="sm-46f">
         <name>__mspabi_srli_3</name>
         <value>0xf9b4</value>
         <object_component_ref idref="oc-2df"/>
      </symbol>
      <symbol id="sm-470">
         <name>__mspabi_srli_1</name>
         <value>0xf9bc</value>
         <object_component_ref idref="oc-2df"/>
      </symbol>
      <symbol id="sm-471">
         <name>__mspabi_srli</name>
         <value>0xf976</value>
         <object_component_ref idref="oc-2df"/>
      </symbol>
      <symbol id="sm-472">
         <name>__mspabi_srli_15</name>
         <value>0xf984</value>
         <object_component_ref idref="oc-2df"/>
      </symbol>
      <symbol id="sm-473">
         <name>__mspabi_srli_14</name>
         <value>0xf988</value>
         <object_component_ref idref="oc-2df"/>
      </symbol>
      <symbol id="sm-474">
         <name>__mspabi_srli_13</name>
         <value>0xf98c</value>
         <object_component_ref idref="oc-2df"/>
      </symbol>
      <symbol id="sm-475">
         <name>__mspabi_srli_12</name>
         <value>0xf990</value>
         <object_component_ref idref="oc-2df"/>
      </symbol>
      <symbol id="sm-476">
         <name>__mspabi_srli_11</name>
         <value>0xf994</value>
         <object_component_ref idref="oc-2df"/>
      </symbol>
      <symbol id="sm-477">
         <name>__mspabi_srli_10</name>
         <value>0xf998</value>
         <object_component_ref idref="oc-2df"/>
      </symbol>
      <symbol id="sm-487">
         <name>__mspabi_srll_8</name>
         <value>0xf6fc</value>
         <object_component_ref idref="oc-322"/>
      </symbol>
      <symbol id="sm-488">
         <name>__mspabi_srll_9</name>
         <value>0xf6f6</value>
         <object_component_ref idref="oc-322"/>
      </symbol>
      <symbol id="sm-489">
         <name>__mspabi_srll_6</name>
         <value>0xf708</value>
         <object_component_ref idref="oc-322"/>
      </symbol>
      <symbol id="sm-48a">
         <name>__mspabi_srll_7</name>
         <value>0xf702</value>
         <object_component_ref idref="oc-322"/>
      </symbol>
      <symbol id="sm-48b">
         <name>__mspabi_srll_4</name>
         <value>0xf714</value>
         <object_component_ref idref="oc-322"/>
      </symbol>
      <symbol id="sm-48c">
         <name>__mspabi_srll_5</name>
         <value>0xf70e</value>
         <object_component_ref idref="oc-322"/>
      </symbol>
      <symbol id="sm-48d">
         <name>__mspabi_srll_2</name>
         <value>0xf720</value>
         <object_component_ref idref="oc-322"/>
      </symbol>
      <symbol id="sm-48e">
         <name>__mspabi_srll_3</name>
         <value>0xf71a</value>
         <object_component_ref idref="oc-322"/>
      </symbol>
      <symbol id="sm-48f">
         <name>__mspabi_srll_1</name>
         <value>0xf726</value>
         <object_component_ref idref="oc-322"/>
      </symbol>
      <symbol id="sm-490">
         <name>__mspabi_srll_15</name>
         <value>0xf6d2</value>
         <object_component_ref idref="oc-322"/>
      </symbol>
      <symbol id="sm-491">
         <name>__mspabi_srll_14</name>
         <value>0xf6d8</value>
         <object_component_ref idref="oc-322"/>
      </symbol>
      <symbol id="sm-492">
         <name>__mspabi_srll_13</name>
         <value>0xf6de</value>
         <object_component_ref idref="oc-322"/>
      </symbol>
      <symbol id="sm-493">
         <name>__mspabi_srll_12</name>
         <value>0xf6e4</value>
         <object_component_ref idref="oc-322"/>
      </symbol>
      <symbol id="sm-494">
         <name>__mspabi_srll_11</name>
         <value>0xf6ea</value>
         <object_component_ref idref="oc-322"/>
      </symbol>
      <symbol id="sm-495">
         <name>__mspabi_srll_10</name>
         <value>0xf6f0</value>
         <object_component_ref idref="oc-322"/>
      </symbol>
      <symbol id="sm-496">
         <name>__mspabi_srll</name>
         <value>0xfd1c</value>
         <object_component_ref idref="oc-327"/>
      </symbol>
      <symbol id="sm-4a5">
         <name>memcpy</name>
         <value>0xfd2e</value>
         <object_component_ref idref="oc-f4"/>
      </symbol>
      <symbol id="sm-4c8">
         <name>__mspabi_mpyd</name>
         <value>0xdcb6</value>
         <object_component_ref idref="oc-1e9"/>
      </symbol>
      <symbol id="sm-4d2">
         <name>__mspabi_mpyi_sw</name>
         <value>0xfce4</value>
         <object_component_ref idref="oc-261"/>
      </symbol>
      <symbol id="sm-4d3">
         <name>__mspabi_mpyi</name>
         <value>0xfce4</value>
         <object_component_ref idref="oc-261"/>
      </symbol>
      <symbol id="sm-4dd">
         <name>__mspabi_mpyl_sw</name>
         <value>0xfc46</value>
         <object_component_ref idref="oc-36b"/>
      </symbol>
      <symbol id="sm-4de">
         <name>__mspabi_mpyl</name>
         <value>0xfc46</value>
         <object_component_ref idref="oc-36b"/>
      </symbol>
      <symbol id="sm-4e7">
         <name>__mspabi_negd</name>
         <value>0xfc1c</value>
         <object_component_ref idref="oc-30c"/>
      </symbol>
      <symbol id="sm-4f0">
         <name>_system_pre_init</name>
         <value>0xfda8</value>
         <object_component_ref idref="oc-120"/>
      </symbol>
      <symbol id="sm-503">
         <name>__TI_renormd</name>
         <value>0xf096</value>
         <object_component_ref idref="oc-384"/>
      </symbol>
      <symbol id="sm-543">
         <name>atanl</name>
         <value>0xc768</value>
         <object_component_ref idref="oc-306"/>
      </symbol>
      <symbol id="sm-544">
         <name>atan</name>
         <value>0xc768</value>
         <object_component_ref idref="oc-306"/>
      </symbol>
      <symbol id="sm-565">
         <name>sprintf</name>
         <value>0xfaf8</value>
         <object_component_ref idref="oc-230"/>
      </symbol>
      <symbol id="sm-572">
         <name>strlen</name>
         <value>0xfd70</value>
         <object_component_ref idref="oc-2b0"/>
      </symbol>
      <symbol id="sm-57b">
         <name>__mspabi_subd</name>
         <value>0xfb96</value>
         <object_component_ref idref="oc-312"/>
      </symbol>
      <symbol id="sm-5c3">
         <name>__TI_printfi_minimal</name>
         <value>0xed48</value>
         <object_component_ref idref="oc-33f"/>
      </symbol>
      <symbol id="sm-5d4">
         <name>__mspabi_sral</name>
         <value>0xfd40</value>
         <object_component_ref idref="oc-37f"/>
      </symbol>
      <symbol id="sm-5d5">
         <name>__mspabi_sral_15</name>
         <value>0xfa04</value>
         <object_component_ref idref="oc-2e9"/>
      </symbol>
      <symbol id="sm-5d6">
         <name>__mspabi_sral_14</name>
         <value>0xfa08</value>
         <object_component_ref idref="oc-2e9"/>
      </symbol>
      <symbol id="sm-5d7">
         <name>__mspabi_sral_13</name>
         <value>0xfa0c</value>
         <object_component_ref idref="oc-2e9"/>
      </symbol>
      <symbol id="sm-5d8">
         <name>__mspabi_sral_12</name>
         <value>0xfa10</value>
         <object_component_ref idref="oc-2e9"/>
      </symbol>
      <symbol id="sm-5d9">
         <name>__mspabi_sral_11</name>
         <value>0xfa14</value>
         <object_component_ref idref="oc-2e9"/>
      </symbol>
      <symbol id="sm-5da">
         <name>__mspabi_sral_10</name>
         <value>0xfa18</value>
         <object_component_ref idref="oc-2e9"/>
      </symbol>
      <symbol id="sm-5db">
         <name>__mspabi_sral_8</name>
         <value>0xfa20</value>
         <object_component_ref idref="oc-2e9"/>
      </symbol>
      <symbol id="sm-5dc">
         <name>__mspabi_sral_9</name>
         <value>0xfa1c</value>
         <object_component_ref idref="oc-2e9"/>
      </symbol>
      <symbol id="sm-5dd">
         <name>__mspabi_sral_6</name>
         <value>0xfa28</value>
         <object_component_ref idref="oc-2e9"/>
      </symbol>
      <symbol id="sm-5de">
         <name>__mspabi_sral_7</name>
         <value>0xfa24</value>
         <object_component_ref idref="oc-2e9"/>
      </symbol>
      <symbol id="sm-5df">
         <name>__mspabi_sral_4</name>
         <value>0xfa30</value>
         <object_component_ref idref="oc-2e9"/>
      </symbol>
      <symbol id="sm-5e0">
         <name>__mspabi_sral_5</name>
         <value>0xfa2c</value>
         <object_component_ref idref="oc-2e9"/>
      </symbol>
      <symbol id="sm-5e1">
         <name>__mspabi_sral_2</name>
         <value>0xfa38</value>
         <object_component_ref idref="oc-2e9"/>
      </symbol>
      <symbol id="sm-5e2">
         <name>__mspabi_sral_3</name>
         <value>0xfa34</value>
         <object_component_ref idref="oc-2e9"/>
      </symbol>
      <symbol id="sm-5e3">
         <name>__mspabi_sral_1</name>
         <value>0xfa3c</value>
         <object_component_ref idref="oc-2e9"/>
      </symbol>
      <symbol id="sm-5ff">
         <name>_auto_init</name>
         <value>0xf45a</value>
         <object_component_ref idref="oc-126"/>
      </symbol>
      <symbol id="sm-619">
         <name>__mspabi_cmpd</name>
         <value>0xee2e</value>
         <object_component_ref idref="oc-394"/>
      </symbol>
      <symbol id="sm-62f">
         <name>copy_in</name>
         <value>0xf7e4</value>
         <object_component_ref idref="oc-17c"/>
      </symbol>
      <symbol id="sm-639">
         <name>__mspabi_remu</name>
         <value>0xfcba</value>
         <object_component_ref idref="oc-3fa"/>
      </symbol>
      <symbol id="sm-63a">
         <name>__mspabi_divu</name>
         <value>0xfcba</value>
         <object_component_ref idref="oc-3fa"/>
      </symbol>
      <symbol id="sm-64b">
         <name>__TI_frcmpyd</name>
         <value>0xd3e6</value>
         <object_component_ref idref="oc-2cd"/>
      </symbol>
      <symbol id="sm-65a">
         <name>memccpy</name>
         <value>0xfca0</value>
         <object_component_ref idref="oc-3e9"/>
      </symbol>
      <symbol id="sm-668">
         <name>memset</name>
         <value>0xfcd0</value>
         <object_component_ref idref="oc-3dc"/>
      </symbol>
      <symbol id="sm-671">
         <name>_system_post_cinit</name>
         <value>0xfdac</value>
         <object_component_ref idref="oc-182"/>
      </symbol>
      <symbol id="sm-674">
         <name>__TI_BINIT_Base</name>
         <value>0x0</value>
      </symbol>
      <symbol id="sm-675">
         <name>__TI_BINIT_Limit</name>
         <value>0x0</value>
      </symbol>
      <symbol id="sm-676">
         <name>__TI_INITARRAY_Base</name>
         <value>0x0</value>
      </symbol>
      <symbol id="sm-677">
         <name>__TI_INITARRAY_Limit</name>
         <value>0x0</value>
      </symbol>
   </symbol_table>
   <title>Link errors: red sections failed placement,available memory ranges in purple</title>
</link_info>
